Component: ARM Compiler 6.16 Tool: armlink [5dfeaa00]

==============================================================================

Section Cross References

    startup_stm32g474xx.o(RESET) refers to startup_stm32g474xx.o(STACK) for __initial_sp
    startup_stm32g474xx.o(RESET) refers to startup_stm32g474xx.o(.text) for Reset_Handler
    startup_stm32g474xx.o(RESET) refers to stm32g4xx_it.o(.text.NMI_Handler) for NMI_Handler
    startup_stm32g474xx.o(RESET) refers to stm32g4xx_it.o(.text.HardFault_Handler) for HardFault_Handler
    startup_stm32g474xx.o(RESET) refers to stm32g4xx_it.o(.text.MemManage_Handler) for MemManage_Handler
    startup_stm32g474xx.o(RESET) refers to stm32g4xx_it.o(.text.BusFault_Handler) for BusFault_Handler
    startup_stm32g474xx.o(RESET) refers to stm32g4xx_it.o(.text.UsageFault_Handler) for UsageFault_Handler
    startup_stm32g474xx.o(RESET) refers to stm32g4xx_it.o(.text.SVC_Handler) for SVC_Handler
    startup_stm32g474xx.o(RESET) refers to stm32g4xx_it.o(.text.DebugMon_Handler) for DebugMon_Handler
    startup_stm32g474xx.o(RESET) refers to stm32g4xx_it.o(.text.PendSV_Handler) for PendSV_Handler
    startup_stm32g474xx.o(RESET) refers to stm32g4xx_it.o(.text.SysTick_Handler) for SysTick_Handler
    startup_stm32g474xx.o(RESET) refers to stm32g4xx_it.o(.text.DMA1_Channel5_IRQHandler) for DMA1_Channel5_IRQHandler
    startup_stm32g474xx.o(RESET) refers to stm32g4xx_it.o(.text.ADC1_2_IRQHandler) for ADC1_2_IRQHandler
    startup_stm32g474xx.o(RESET) refers to stm32g4xx_it.o(.text.USART1_IRQHandler) for USART1_IRQHandler
    startup_stm32g474xx.o(RESET) refers to stm32g4xx_it.o(.text.EXTI15_10_IRQHandler) for EXTI15_10_IRQHandler
    startup_stm32g474xx.o(RESET) refers to stm32g4xx_it.o(.text.TIM6_DAC_IRQHandler) for TIM6_DAC_IRQHandler
    startup_stm32g474xx.o(.text) refers to system_stm32g4xx.o(.text.SystemInit) for SystemInit
    startup_stm32g474xx.o(.text) refers to entry.o(.ARM.Collect$$$$00000000) for __main
    main.o(.text.main) refers to stm32g4xx_hal.o(.text.HAL_Init) for HAL_Init
    main.o(.text.main) refers to main.o(.text.SystemClock_Config) for SystemClock_Config
    main.o(.text.main) refers to sys.o(.text.sys_stm32_clock_init) for sys_stm32_clock_init
    main.o(.text.main) refers to delay.o(.text.delay_init) for delay_init
    main.o(.text.main) refers to gpio.o(.text.MX_GPIO_Init) for MX_GPIO_Init
    main.o(.text.main) refers to dma.o(.text.MX_DMA_Init) for MX_DMA_Init
    main.o(.text.main) refers to tim.o(.text.MX_TIM1_Init) for MX_TIM1_Init
    main.o(.text.main) refers to usart.o(.text.MX_USART1_UART_Init) for MX_USART1_UART_Init
    main.o(.text.main) refers to adc.o(.text.MX_ADC1_Init) for MX_ADC1_Init
    main.o(.text.main) refers to adc.o(.text.MX_ADC2_Init) for MX_ADC2_Init
    main.o(.text.main) refers to tim.o(.text.MX_TIM6_Init) for MX_TIM6_Init
    main.o(.text.main) refers to oled_i2c.o(.text.I2C_Configuration) for I2C_Configuration
    main.o(.text.main) refers to oled_i2c.o(.text.OLED_Init) for OLED_Init
    main.o(.text.main) refers to oled_i2c.o(.text.OLED_CLS) for OLED_CLS
    main.o(.text.main) refers to tim.o(.bss.htim1) for htim1
    main.o(.text.main) refers to stm32g4xx_hal_tim.o(.text.HAL_TIM_PWM_Start) for HAL_TIM_PWM_Start
    main.o(.text.main) refers to stm32g4xx_hal_tim_ex.o(.text.HAL_TIMEx_PWMN_Start) for HAL_TIMEx_PWMN_Start
    main.o(.text.main) refers to adc.o(.bss.hadc1) for hadc1
    main.o(.text.main) refers to stm32g4xx_hal_adc.o(.text.HAL_ADC_Start_IT) for HAL_ADC_Start_IT
    main.o(.text.main) refers to stm32g4xx_hal_adc.o(.text.HAL_ADC_Start) for HAL_ADC_Start
    main.o(.text.main) refers to stm32g4xx_hal_adc_ex.o(.text.HAL_ADCEx_Calibration_Start) for HAL_ADCEx_Calibration_Start
    main.o(.text.main) refers to stm32g4xx_hal_adc_ex.o(.text.HAL_ADCEx_InjectedStart_IT) for HAL_ADCEx_InjectedStart_IT
    main.o(.text.main) refers to tim.o(.bss.htim6) for htim6
    main.o(.text.main) refers to stm32g4xx_hal_tim.o(.text.HAL_TIM_Base_Start_IT) for HAL_TIM_Base_Start_IT
    main.o(.text.main) refers to foc_control.o(.bss.get_offset_flag) for get_offset_flag
    main.o(.text.main) refers to usart.o(.bss.huart1) for huart1
    main.o(.text.main) refers to usart.o(.bss.g_rx_buffer) for g_rx_buffer
    main.o(.text.main) refers to stm32g4xx_hal_uart_ex.o(.text.HAL_UARTEx_ReceiveToIdle_DMA) for HAL_UARTEx_ReceiveToIdle_DMA
    main.o(.text.main) refers to stm32g4xx_hal_gpio.o(.text.HAL_GPIO_TogglePin) for HAL_GPIO_TogglePin
    main.o(.text.main) refers to delay.o(.text.delay_ms) for delay_ms
    main.o(.ARM.exidx.text.main) refers to main.o(.text.main) for [Anonymous Symbol]
    main.o(.text.SystemClock_Config) refers to memseta.o(.text) for __aeabi_memclr4
    main.o(.text.SystemClock_Config) refers to stm32g4xx_hal_pwr_ex.o(.text.HAL_PWREx_ControlVoltageScaling) for HAL_PWREx_ControlVoltageScaling
    main.o(.text.SystemClock_Config) refers to stm32g4xx_hal_rcc.o(.text.HAL_RCC_OscConfig) for HAL_RCC_OscConfig
[...]
    __scatterload_rt2                        0x08000561   Thumb Code     0  init.o(.text)
    ADC1_2_IRQHandler                        0x08000585   Thumb Code    36  stm32g4xx_it.o(.text.ADC1_2_IRQHandler)
    ADC_Disable                              0x080005a9   Thumb Code   126  stm32g4xx_hal_adc.o(.text.ADC_Disable)
    ADC_Enable                               0x08000629   Thumb Code   238  stm32g4xx_hal_adc.o(.text.ADC_Enable)
    Angle_To_Cos_Sin                         0x08000719   Thumb Code    38  foc_algorithm.o(.text.Angle_To_Cos_Sin)
    BusFault_Handler                         0x08000741   Thumb Code     2  stm32g4xx_it.o(.text.BusFault_Handler)
    Clarke_Transf                            0x08000745   Thumb Code    64  foc_algorithm.o(.text.Clarke_Transf)
    Current_PID_Calc                         0x08000785   Thumb Code   112  foc_algorithm.o(.text.Current_PID_Calc)
    DMA1_Channel5_IRQHandler                 0x080007f5   Thumb Code    16  stm32g4xx_it.o(.text.DMA1_Channel5_IRQHandler)
    Date_number_float                        0x080008c1   Thumb Code   688  my_usart.o(.text.Date_number_float)
    Date_number_int                          0x08000b71   Thumb Code   252  my_usart.o(.text.Date_number_int)
    DebugMon_Handler                         0x08000c6d   Thumb Code     2  stm32g4xx_it.o(.text.DebugMon_Handler)
    EXTI15_10_IRQHandler                     0x08000c71   Thumb Code    28  stm32g4xx_it.o(.text.EXTI15_10_IRQHandler)
    Error_Handler                            0x08000c8d   Thumb Code    10  main.o(.text.Error_Handler)
    HAL_ADCEx_Calibration_Start              0x08000c99   Thumb Code   132  stm32g4xx_hal_adc_ex.o(.text.HAL_ADCEx_Calibration_Start)
    HAL_ADCEx_EndOfSamplingCallback          0x08000d1d   Thumb Code     2  stm32g4xx_hal_adc_ex.o(.text.HAL_ADCEx_EndOfSamplingCallback)
    HAL_ADCEx_InjectedConfigChannel          0x08000d21   Thumb Code  1174  stm32g4xx_hal_adc_ex.o(.text.HAL_ADCEx_InjectedConfigChannel)
    HAL_ADCEx_InjectedConvCpltCallback       0x080011b9   Thumb Code    72  adc.o(.text.HAL_ADCEx_InjectedConvCpltCallback)
    HAL_ADCEx_InjectedGetValue               0x08001201   Thumb Code    50  stm32g4xx_hal_adc_ex.o(.text.HAL_ADCEx_InjectedGetValue)
    HAL_ADCEx_InjectedQueueOverflowCallback  0x08001235   Thumb Code     2  stm32g4xx_hal_adc_ex.o(.text.HAL_ADCEx_InjectedQueueOverflowCallback)
    HAL_ADCEx_InjectedStart_IT               0x08001239   Thumb Code   336  stm32g4xx_hal_adc_ex.o(.text.HAL_ADCEx_InjectedStart_IT)
    HAL_ADCEx_LevelOutOfWindow2Callback      0x08001389   Thumb Code     2  stm32g4xx_hal_adc_ex.o(.text.HAL_ADCEx_LevelOutOfWindow2Callback)
    HAL_ADCEx_LevelOutOfWindow3Callback      0x0800138d   Thumb Code     2  stm32g4xx_hal_adc_ex.o(.text.HAL_ADCEx_LevelOutOfWindow3Callback)
    HAL_ADCEx_MultiModeConfigChannel         0x08001391   Thumb Code   356  stm32g4xx_hal_adc_ex.o(.text.HAL_ADCEx_MultiModeConfigChannel)
    HAL_ADC_ConfigChannel                    0x080014f5   Thumb Code   922  stm32g4xx_hal_adc.o(.text.HAL_ADC_ConfigChannel)
    HAL_ADC_ConvCpltCallback                 0x08001891   Thumb Code     2  stm32g4xx_hal_adc.o(.text.HAL_ADC_ConvCpltCallback)
    HAL_ADC_ErrorCallback                    0x08001895   Thumb Code     2  stm32g4xx_hal_adc.o(.text.HAL_ADC_ErrorCallback)
    HAL_ADC_IRQHandler                       0x08001899   Thumb Code   738  stm32g4xx_hal_adc.o(.text.HAL_ADC_IRQHandler)
    HAL_ADC_Init                             0x08001b7d   Thumb Code   548  stm32g4xx_hal_adc.o(.text.HAL_ADC_Init)
    HAL_ADC_LevelOutOfWindowCallback         0x08001da1   Thumb Code     2  stm32g4xx_hal_adc.o(.text.HAL_ADC_LevelOutOfWindowCallback)
    HAL_ADC_MspInit                          0x08001da5   Thumb Code   362  adc.o(.text.HAL_ADC_MspInit)
    HAL_ADC_Start                            0x08001f11   Thumb Code   302  stm32g4xx_hal_adc.o(.text.HAL_ADC_Start)
    HAL_ADC_Start_IT                         0x08002041   Thumb Code   424  stm32g4xx_hal_adc.o(.text.HAL_ADC_Start_IT)
    HAL_DMA_Abort                            0x080021e9   Thumb Code   110  stm32g4xx_hal_dma.o(.text.HAL_DMA_Abort)
    HAL_DMA_Abort_IT                         0x08002259   Thumb Code   122  stm32g4xx_hal_dma.o(.text.HAL_DMA_Abort_IT)
    HAL_DMA_IRQHandler                       0x080022d5   Thumb Code   170  stm32g4xx_hal_dma.o(.text.HAL_DMA_IRQHandler)
    HAL_DMA_Init                             0x08002381   Thumb Code   216  stm32g4xx_hal_dma.o(.text.HAL_DMA_Init)
    HAL_DMA_Start_IT                         0x08002459   Thumb Code   138  stm32g4xx_hal_dma.o(.text.HAL_DMA_Start_IT)
    HAL_GPIO_EXTI_Callback                   0x080024e5   Thumb Code   244  gpio.o(.text.HAL_GPIO_EXTI_Callback)
    HAL_GPIO_EXTI_IRQHandler                 0x080025e1   Thumb Code    26  stm32g4xx_hal_gpio.o(.text.HAL_GPIO_EXTI_IRQHandler)
    HAL_GPIO_Init                            0x080025fd   Thumb Code   414  stm32g4xx_hal_gpio.o(.text.HAL_GPIO_Init)
    HAL_GPIO_ReadPin                         0x0800279d   Thumb Code    10  stm32g4xx_hal_gpio.o(.text.HAL_GPIO_ReadPin)
    HAL_GPIO_TogglePin                       0x080027a9   Thumb Code    16  stm32g4xx_hal_gpio.o(.text.HAL_GPIO_TogglePin)
    HAL_GPIO_WritePin                        0x080027b9   Thumb Code    12  stm32g4xx_hal_gpio.o(.text.HAL_GPIO_WritePin)
    HAL_GetREVID                             0x080027c5   Thumb Code    14  stm32g4xx_hal.o(.text.HAL_GetREVID)
    HAL_GetTick                              0x080027d5   Thumb Code    12  stm32g4xx_hal.o(.text.HAL_GetTick)
    HAL_IncTick                              0x080027e1   Thumb Code    26  stm32g4xx_hal.o(.text.HAL_IncTick)
    HAL_Init                                 0x080027fd   Thumb Code    30  stm32g4xx_hal.o(.text.HAL_Init)
    HAL_InitTick                             0x0800281d   Thumb Code    86  stm32g4xx_hal.o(.text.HAL_InitTick)
    HAL_MspInit                              0x08002875   Thumb Code    62  stm32g4xx_hal_msp.o(.text.HAL_MspInit)
    HAL_NVIC_EnableIRQ                       0x080028b5   Thumb Code     8  stm32g4xx_hal_cortex.o(.text.HAL_NVIC_EnableIRQ)
    HAL_NVIC_SetPriority                     0x080028bd   Thumb Code    30  stm32g4xx_hal_cortex.o(.text.HAL_NVIC_SetPriority)
    HAL_NVIC_SetPriorityGrouping             0x080028dd   Thumb Code     8  stm32g4xx_hal_cortex.o(.text.HAL_NVIC_SetPriorityGrouping)
    HAL_PWREx_ControlVoltageScaling          0x080028e5   Thumb Code   238  stm32g4xx_hal_pwr_ex.o(.text.HAL_PWREx_ControlVoltageScaling)
    HAL_PWREx_DisableUCPDDeadBattery         0x080029d5   Thumb Code    18  stm32g4xx_hal_pwr_ex.o(.text.HAL_PWREx_DisableUCPDDeadBattery)
    HAL_RCCEx_PeriphCLKConfig                0x080029e9   Thumb Code   774  stm32g4xx_hal_rcc_ex.o(.text.HAL_RCCEx_PeriphCLKConfig)
    HAL_RCC_ClockConfig                      0x08002cf1   Thumb Code   518  stm32g4xx_hal_rcc.o(.text.HAL_RCC_ClockConfig)
    HAL_RCC_GetHCLKFreq                      0x08002ef9   Thumb Code    12  stm32g4xx_hal_rcc.o(.text.HAL_RCC_GetHCLKFreq)
    HAL_RCC_GetPCLK1Freq                     0x08002f05   Thumb Code    38  stm32g4xx_hal_rcc.o(.text.HAL_RCC_GetPCLK1Freq)
    HAL_RCC_GetPCLK2Freq                     0x08002f2d   Thumb Code    38  stm32g4xx_hal_rcc.o(.text.HAL_RCC_GetPCLK2Freq)
    HAL_RCC_GetSysClockFreq                  0x08002f55   Thumb Code   122  stm32g4xx_hal_rcc.o(.text.HAL_RCC_GetSysClockFreq)
    HAL_RCC_OscConfig                        0x08002fd1   Thumb Code  1146  stm32g4xx_hal_rcc.o(.text.HAL_RCC_OscConfig)
    HAL_SYSTICK_CLKSourceConfig              0x0800344d   Thumb Code    24  stm32g4xx_hal_cortex.o(.text.HAL_SYSTICK_CLKSourceConfig)
    HAL_SYSTICK_Config                       0x08003465   Thumb Code     8  stm32g4xx_hal_cortex.o(.text.HAL_SYSTICK_Config)
    HAL_TIMEx_Break2Callback                 0x0800346d   Thumb Code     2  stm32g4xx_hal_tim_ex.o(.text.HAL_TIMEx_Break2Callback)
    HAL_TIMEx_BreakCallback                  0x08003471   Thumb Code     2  stm32g4xx_hal_tim_ex.o(.text.HAL_TIMEx_BreakCallback)
    HAL_TIMEx_CommutCallback                 0x08003475   Thumb Code     2  stm32g4xx_hal_tim_ex.o(.text.HAL_TIMEx_CommutCallback)
    HAL_TIMEx_CommutHalfCpltCallback         0x08003479   Thumb Code     2  stm32g4xx_hal_tim_ex.o(.text.HAL_TIMEx_CommutHalfCpltCallback)
    HAL_TIMEx_ConfigBreakDeadTime            0x0800347d   Thumb Code   218  stm32g4xx_hal_tim_ex.o(.text.HAL_TIMEx_ConfigBreakDeadTime)
    HAL_TIMEx_DirectionChangeCallback        0x08003559   Thumb Code     2  stm32g4xx_hal_tim_ex.o(.text.HAL_TIMEx_DirectionChangeCallback)
    HAL_TIMEx_EncoderIndexCallback           0x0800355d   Thumb Code     2  stm32g4xx_hal_tim_ex.o(.text.HAL_TIMEx_EncoderIndexCallback)
    HAL_TIMEx_IndexErrorCallback             0x08003561   Thumb Code     2  stm32g4xx_hal_tim_ex.o(.text.HAL_TIMEx_IndexErrorCallback)
    HAL_TIMEx_MasterConfigSynchronization    0x08003565   Thumb Code   220  stm32g4xx_hal_tim_ex.o(.text.HAL_TIMEx_MasterConfigSynchronization)
    HAL_TIMEx_PWMN_Start                     0x08003641   Thumb Code   260  stm32g4xx_hal_tim_ex.o(.text.HAL_TIMEx_PWMN_Start)
    HAL_TIMEx_TransitionErrorCallback        0x08003745   Thumb Code     2  stm32g4xx_hal_tim_ex.o(.text.HAL_TIMEx_TransitionErrorCallback)
    HAL_TIM_Base_Init                        0x08003749   Thumb Code   118  stm32g4xx_hal_tim.o(.text.HAL_TIM_Base_Init)
    HAL_TIM_Base_MspInit                     0x080037c1   Thumb Code   106  tim.o(.text.HAL_TIM_Base_MspInit)
    HAL_TIM_Base_Start_IT                    0x0800382d   Thumb Code   194  stm32g4xx_hal_tim.o(.text.HAL_TIM_Base_Start_IT)
    HAL_TIM_ConfigClockSource                0x080038f1   Thumb Code   306  stm32g4xx_hal_tim.o(.text.HAL_TIM_ConfigClockSource)
    HAL_TIM_ErrorCallback                    0x08003a25   Thumb Code     2  stm32g4xx_hal_tim.o(.text.HAL_TIM_ErrorCallback)
    HAL_TIM_IC_CaptureCallback               0x08003a29   Thumb Code     2  stm32g4xx_hal_tim.o(.text.HAL_TIM_IC_CaptureCallback)
    HAL_TIM_IC_CaptureHalfCpltCallback       0x08003a2d   Thumb Code     2  stm32g4xx_hal_tim.o(.text.HAL_TIM_IC_CaptureHalfCpltCallback)
    HAL_TIM_IRQHandler                       0x08003a31   Thumb Code   468  stm32g4xx_hal_tim.o(.text.HAL_TIM_IRQHandler)
    HAL_TIM_MspPostInit                      0x08003c05   Thumb Code   180  tim.o(.text.HAL_TIM_MspPostInit)
    HAL_TIM_OC_DelayElapsedCallback          0x08003cb9   Thumb Code     2  stm32g4xx_hal_tim.o(.text.HAL_TIM_OC_DelayElapsedCallback)
    HAL_TIM_PWM_ConfigChannel                0x08003cbd   Thumb Code   186  stm32g4xx_hal_tim.o(.text.HAL_TIM_PWM_ConfigChannel)
    HAL_TIM_PWM_Init                         0x08003d79   Thumb Code   118  stm32g4xx_hal_tim.o(.text.HAL_TIM_PWM_Init)
    HAL_TIM_PWM_MspInit                      0x08003df1   Thumb Code     2  stm32g4xx_hal_tim.o(.text.HAL_TIM_PWM_MspInit)
    HAL_TIM_PWM_PulseFinishedCallback        0x08003df5   Thumb Code     2  stm32g4xx_hal_tim.o(.text.HAL_TIM_PWM_PulseFinishedCallback)
    HAL_TIM_PWM_PulseFinishedHalfCpltCallback 0x08003df9   Thumb Code     2  stm32g4xx_hal_tim.o(.text.HAL_TIM_PWM_PulseFinishedHalfCpltCallback)
    HAL_TIM_PWM_Start                        0x08003dfd   Thumb Code   386  stm32g4xx_hal_tim.o(.text.HAL_TIM_PWM_Start)
    HAL_TIM_PWM_Stop                         0x08003f81   Thumb Code   192  stm32g4xx_hal_tim.o(.text.HAL_TIM_PWM_Stop)
    HAL_TIM_PeriodElapsedCallback            0x08004041   Thumb Code   278  tim.o(.text.HAL_TIM_PeriodElapsedCallback)
    HAL_TIM_PeriodElapsedHalfCpltCallback    0x08004159   Thumb Code     2  stm32g4xx_hal_tim.o(.text.HAL_TIM_PeriodElapsedHalfCpltCallback)
    HAL_TIM_TriggerCallback                  0x0800415d   Thumb Code     2  stm32g4xx_hal_tim.o(.text.HAL_TIM_TriggerCallback)
    HAL_TIM_TriggerHalfCpltCallback          0x08004161   Thumb Code     2  stm32g4xx_hal_tim.o(.text.HAL_TIM_TriggerHalfCpltCallback)
    HAL_UARTEx_DisableFifoMode               0x08004165   Thumb Code    54  stm32g4xx_hal_uart_ex.o(.text.HAL_UARTEx_DisableFifoMode)
    HAL_UARTEx_ReceiveToIdle_DMA             0x0800419d   Thumb Code    86  stm32g4xx_hal_uart_ex.o(.text.HAL_UARTEx_ReceiveToIdle_DMA)
    HAL_UARTEx_RxEventCallback               0x080041f5   Thumb Code   178  usart.o(.text.HAL_UARTEx_RxEventCallback)
    HAL_UARTEx_RxFifoFullCallback            0x080042a9   Thumb Code     2  stm32g4xx_hal_uart_ex.o(.text.HAL_UARTEx_RxFifoFullCallback)
    HAL_UARTEx_SetRxFifoThreshold            0x080042ad   Thumb Code    74  stm32g4xx_hal_uart_ex.o(.text.HAL_UARTEx_SetRxFifoThreshold)
    HAL_UARTEx_SetTxFifoThreshold            0x080042f9   Thumb Code    74  stm32g4xx_hal_uart_ex.o(.text.HAL_UARTEx_SetTxFifoThreshold)
    HAL_UARTEx_TxFifoEmptyCallback           0x08004345   Thumb Code     2  stm32g4xx_hal_uart_ex.o(.text.HAL_UARTEx_TxFifoEmptyCallback)
    HAL_UARTEx_WakeupCallback                0x08004349   Thumb Code     2  stm32g4xx_hal_uart_ex.o(.text.HAL_UARTEx_WakeupCallback)
    HAL_UART_ErrorCallback                   0x0800434d   Thumb Code     2  stm32g4xx_hal_uart.o(.text.HAL_UART_ErrorCallback)
    HAL_UART_IRQHandler                      0x08004351   Thumb Code   778  stm32g4xx_hal_uart.o(.text.HAL_UART_IRQHandler)
    HAL_UART_Init                            0x0800465d   Thumb Code    98  stm32g4xx_hal_uart.o(.text.HAL_UART_Init)
    HAL_UART_MspInit                         0x080046c1   Thumb Code   216  usart.o(.text.HAL_UART_MspInit)
    HAL_UART_RxCpltCallback                  0x08004799   Thumb Code     2  stm32g4xx_hal_uart.o(.text.HAL_UART_RxCpltCallback)
    HAL_UART_RxHalfCpltCallback              0x0800479d   Thumb Code     2  stm32g4xx_hal_uart.o(.text.HAL_UART_RxHalfCpltCallback)
    HAL_UART_TxCpltCallback                  0x080047a1   Thumb Code     2  stm32g4xx_hal_uart.o(.text.HAL_UART_TxCpltCallback)
    HFI_NS_Direction                         0x080047a5   Thumb Code   332  hfi_square_wave.o(.text.HFI_NS_Direction)
    HFI_Square_Init                          0x080048f1   Thumb Code   158  hfi_square_wave.o(.text.HFI_Square_Init)
    HardFault_Handler                        0x08004991   Thumb Code     2  stm32g4xx_it.o(.text.HardFault_Handler)
    I2C_Configuration                        0x08004995   Thumb Code     8  oled_i2c.o(.text.I2C_Configuration)
    I2C_WriteByte                            0x0800499d   Thumb Code     8  oled_i2c.o(.text.I2C_WriteByte)
    IIR_LPF_Start_wrapper                    0x080049a5   Thumb Code   160  iir_lpf_wrapper.o(.text.IIR_LPF_Start_wrapper)
    IIR_filter                               0x08004a45   Thumb Code    94  iir_lpf_wrapper.o(.text.IIR_filter)
    IIR_filter_Init                          0x08004aa5   Thumb Code    40  iir_lpf_wrapper.o(.text.IIR_filter_Init)
    Idq_L                                    0x08004acd   Thumb Code    78  hfi_square_wave.o(.text.Idq_L)
    MX_ADC1_Init                             0x08004e11   Thumb Code   354  adc.o(.text.MX_ADC1_Init)
    MX_ADC2_Init                             0x08004f75   Thumb Code   140  adc.o(.text.MX_ADC2_Init)
    MX_DMA_Init                              0x08005001   Thumb Code    68  dma.o(.text.MX_DMA_Init)
    MX_GPIO_Init                             0x08005045   Thumb Code   326  gpio.o(.text.MX_GPIO_Init)
    MX_TIM1_Init                             0x0800518d   Thumb Code   388  tim.o(.text.MX_TIM1_Init)
    MX_TIM6_Init                             0x08005311   Thumb Code    86  tim.o(.text.MX_TIM6_Init)
    MX_USART1_UART_Init                      0x08005369   Thumb Code   130  usart.o(.text.MX_USART1_UART_Init)
    MemManage_Handler                        0x080053ed   Thumb Code     2  stm32g4xx_it.o(.text.MemManage_Handler)
    NMI_Handler                              0x080053f1   Thumb Code     2  stm32g4xx_it.o(.text.NMI_Handler)
    OLED_CLS                                 0x08005421   Thumb Code    10  oled_i2c.o(.text.OLED_CLS)
    OLED_Fill                                0x0800542d   Thumb Code    60  oled_i2c.o(.text.OLED_Fill)
    OLED_Fill_block                          0x08005469   Thumb Code    76  oled_i2c.o(.text.OLED_Fill_block)
    OLED_IIC_Init                            0x080054b5   Thumb Code    32  iic_oled.o(.text.OLED_IIC_Init)
    OLED_IIC_Send_Byte                       0x080054d5   Thumb Code    94  iic_oled.o(.text.OLED_IIC_Send_Byte)
    OLED_IIC_Start                           0x08005535   Thumb Code    52  iic_oled.o(.text.OLED_IIC_Start)
    OLED_IIC_Stop                            0x08005569   Thumb Code    52  iic_oled.o(.text.OLED_IIC_Stop)
    OLED_Init                                0x0800559d   Thumb Code   178  oled_i2c.o(.text.OLED_Init)
    OLED_SetPos                              0x08005651   Thumb Code    34  oled_i2c.o(.text.OLED_SetPos)
    OLED_ShowStr                             0x08005675   Thumb Code   258  oled_i2c.o(.text.OLED_ShowStr)
    OLED_WriteOneByte                        0x08005779   Thumb Code    34  iic_oled.o(.text.OLED_WriteOneByte)
    PLL_control                              0x0800579d   Thumb Code   328  smo_pll.o(.text.PLL_control)
    Park_Transf                              0x080058e5   Thumb Code    34  foc_algorithm.o(.text.Park_Transf)
    PendSV_Handler                           0x08005909   Thumb Code     2  stm32g4xx_it.o(.text.PendSV_Handler)
    Rev_Park_Transf                          0x08005955   Thumb Code    34  foc_algorithm.o(.text.Rev_Park_Transf)
    SMO_Observer                             0x08005979   Thumb Code   244  smo_pll.o(.text.SMO_Observer)
    SMO_PLL_Init                             0x08005a6d   Thumb Code    44  smo_pll.o(.text.SMO_PLL_Init)
    SVC_Handler                              0x08005a99   Thumb Code     2  stm32g4xx_it.o(.text.SVC_Handler)
    SVPWM_Calc                               0x08005a9d   Thumb Code   544  foc_algorithm.o(.text.SVPWM_Calc)
    Speed_Pid_Calc                           0x08005cbd   Thumb Code   556  speed_pid.o(.text.Speed_Pid_Calc)
    SysTick_Handler                          0x08005f19   Thumb Code     8  stm32g4xx_it.o(.text.SysTick_Handler)
    SystemClock_Config                       0x08005f21   Thumb Code   102  main.o(.text.SystemClock_Config)
    SystemInit                               0x08005f89   Thumb Code    18  system_stm32g4xx.o(.text.SystemInit)
    TIM6_DAC_IRQHandler                      0x08005f9d   Thumb Code    16  stm32g4xx_it.o(.text.TIM6_DAC_IRQHandler)
    TIM_Base_SetConfig                       0x08005fad   Thumb Code   328  stm32g4xx_hal_tim.o(.text.TIM_Base_SetConfig)
    TIM_CCxChannelCmd                        0x080060f5   Thumb Code    36  stm32g4xx_hal_tim.o(.text.TIM_CCxChannelCmd)
    TIM_ETR_SetConfig                        0x0800613d   Thumb Code    22  stm32g4xx_hal_tim.o(.text.TIM_ETR_SetConfig)
    TIM_OC2_SetConfig                        0x080061f1   Thumb Code   158  stm32g4xx_hal_tim.o(.text.TIM_OC2_SetConfig)
    TIM_ResetCallback                        0x08006495   Thumb Code   202  stm32g4xx_hal_tim.o(.text.TIM_ResetCallback)
    UART_AdvFeatureConfig                    0x080065fd   Thumb Code   230  stm32g4xx_hal_uart.o(.text.UART_AdvFeatureConfig)
    UART_CheckIdleState                      0x080066e5   Thumb Code   192  stm32g4xx_hal_uart.o(.text.UART_CheckIdleState)
    UART_SetConfig                           0x0800696d   Thumb Code   700  stm32g4xx_hal_uart.o(.text.UART_SetConfig)
    UART_Start_Receive_DMA                   0x08006c49   Thumb Code   160  stm32g4xx_hal_uart.o(.text.UART_Start_Receive_DMA)
    UART_WaitOnFlagUntilTimeout              0x08006ce9   Thumb Code   194  stm32g4xx_hal_uart.o(.text.UART_WaitOnFlagUntilTimeout)
    USART1_IRQHandler                        0x08006dad   Thumb Code    16  stm32g4xx_it.o(.text.USART1_IRQHandler)
    UsageFault_Handler                       0x08006dbd   Thumb Code     2  stm32g4xx_it.o(.text.UsageFault_Handler)
    WriteCmd                                 0x08006dc1   Thumb Code    12  oled_i2c.o(.text.WriteCmd)
    WriteDat                                 0x08006dcd   Thumb Code    12  oled_i2c.o(.text.WriteDat)
    arm_cos_f32                              0x08006e4d   Thumb Code   152  fastmathfunctions.o(.text.arm_cos_f32)
    arm_sin_f32                              0x08006ee5   Thumb Code   144  fastmathfunctions.o(.text.arm_sin_f32)
    date_clear                               0x08006f75   Thumb Code    22  my_usart.o(.text.date_clear)
    delay_init                               0x08006f8d   Thumb Code    22  delay.o(.text.delay_init)
    delay_ms                                 0x08006fa5   Thumb Code    14  delay.o(.text.delay_ms)
    delay_us                                 0x08006fb5   Thumb Code    58  delay.o(.text.delay_us)
    float_to_byte                            0x08006ff1   Thumb Code     8  vofa.o(.text.float_to_byte)
    foc_algorithm_initialize                 0x08006ff9   Thumb Code   202  foc_algorithm.o(.text.foc_algorithm_initialize)
    foc_algorithm_step                       0x080070c5   Thumb Code   656  foc_algorithm.o(.text.foc_algorithm_step)
    get_offset                               0x08007355   Thumb Code   148  foc_control.o(.text.get_offset)
    head_number_date                         0x080073e9   Thumb Code   174  my_usart.o(.text.head_number_date)
    hfi_quare_inject                         0x08007499   Thumb Code   146  hfi_square_wave.o(.text.hfi_quare_inject)
    hfi_square_PLL                           0x0800752d   Thumb Code   324  hfi_square_wave.o(.text.hfi_square_PLL)
    justfloat_update                         0x08007671   Thumb Code    88  vofa.o(.text.justfloat_update)
    main                                     0x080076c9   Thumb Code   242  main.o(.text.main)
    motor_run                                0x080077c1   Thumb Code  1364  foc_control.o(.text.motor_run)
    my_squre                                 0x08007d15   Thumb Code    44  my_usart.o(.text.my_squre)
    my_strlen                                0x08007d41   Thumb Code    30  my_usart.o(.text.my_strlen)
    my_usart_date_float                      0x08007d61   Thumb Code   128  my_usart.o(.text.my_usart_date_float)
    my_usart_date_int                        0x08007de1   Thumb Code    94  my_usart.o(.text.my_usart_date_int)
    sign                                     0x08007e41   Thumb Code    40  smo_pll.o(.text.sign)
    speed_pid_initialize                     0x08007e69   Thumb Code    94  speed_pid.o(.text.speed_pid_initialize)
    sys_stm32_clock_init                     0x08007ec9   Thumb Code   178  sys.o(.text.sys_stm32_clock_init)
    text_number                              0x08007f7d   Thumb Code    18  my_usart.o(.text.text_number)
    usart_down_date                          0x08007f91   Thumb Code   464  foc_control.o(.text.usart_down_date)
    __scatterload_copy                       0x0800816d   Thumb Code    14  handlers.o(i.__scatterload_copy)
    __scatterload_null                       0x0800817b   Thumb Code     2  handlers.o(i.__scatterload_null)
    __scatterload_zeroinit                   0x0800817d   Thumb Code    14  handlers.o(i.__scatterload_zeroinit)
    AHBPrescTable                            0x0800818a   Data          16  system_stm32g4xx.o(.rodata.AHBPrescTable)
    APBPrescTable                            0x0800819a   Data           8  system_stm32g4xx.o(.rodata.APBPrescTable)
    F6x8                                     0x080081a2   Data         552  oled_i2c.o(.rodata.F6x8)
    F8X16                                    0x080083ca   Data        1520  oled_i2c.o(.rodata.F8X16)
    UARTPrescTable                           0x080089ba   Data          24  stm32g4xx_hal_uart.o(.rodata.UARTPrescTable)
    sinTable_f32                             0x08008a44   Data        2052  commontables.o(.rodata.sinTable_f32)
    Region$$Table$$Base                      0x0800924c   Number         0  anon$$obj.o(Region$$Table)
    Region$$Table$$Limit                     0x0800926c   Number         0  anon$$obj.o(Region$$Table)
    __ARM_use_no_argv                        0x20000000   Data           4  main.o(.ARM.use_no_argv)
    D_PI_I                                   0x20000004   Data           4  foc_algorithm.o(.data.D_PI_I)
    D_PI_KB                                  0x20000008   Data           4  foc_algorithm.o(.data.D_PI_KB)
    D_PI_LOW_LIMIT                           0x2000000c   Data           4  foc_algorithm.o(.data.D_PI_LOW_LIMIT)
    D_PI_P                                   0x20000010   Data           4  foc_algorithm.o(.data.D_PI_P)
    D_PI_UP_LIMIT                            0x20000014   Data           4  foc_algorithm.o(.data.D_PI_UP_LIMIT)
    Gain_h                                   0x20000018   Data           4  smo_pll.o(.data.Gain_h)
    Ld                                       0x2000001c   Data           4  smo_pll.o(.data.Ld)
    Q_PI_I                                   0x20000020   Data           4  foc_algorithm.o(.data.Q_PI_I)
    Q_PI_KB                                  0x20000024   Data           4  foc_algorithm.o(.data.Q_PI_KB)
    Q_PI_LOW_LIMIT                           0x20000028   Data           4  foc_algorithm.o(.data.Q_PI_LOW_LIMIT)
    Q_PI_P                                   0x2000002c   Data           4  foc_algorithm.o(.data.Q_PI_P)
    Q_PI_UP_LIMIT                            0x20000030   Data           4  foc_algorithm.o(.data.Q_PI_UP_LIMIT)
    RLd                                      0x20000034   Data           4  smo_pll.o(.data.RLd)
    SPEED_PI_I                               0x20000038   Data           4  speed_pid.o(.data.SPEED_PI_I)
    SPEED_PI_KB                              0x2000003c   Data           4  speed_pid.o(.data.SPEED_PI_KB)
    SPEED_PI_LOW_LIMIT                       0x20000040   Data           4  speed_pid.o(.data.SPEED_PI_LOW_LIMIT)
    SPEED_PI_P                               0x20000044   Data           4  speed_pid.o(.data.SPEED_PI_P)
    SPEED_PI_UP_LIMIT                        0x20000048   Data           4  speed_pid.o(.data.SPEED_PI_UP_LIMIT)
    SystemCoreClock                          0x2000004c   Data           4  system_stm32g4xx.o(.data.SystemCoreClock)
    tail                                     0x20000050   Data           4  vofa.o(.data.tail)
    uwTickFreq                               0x20000054   Data           4  stm32g4xx_hal.o(.data.uwTickFreq)
    uwTickPrio                               0x20000058   Data           4  stm32g4xx_hal.o(.data.uwTickPrio)
    A_offset                                 0x20000060   Data           4  foc_control.o(.bss.A_offset)
    B_offset                                 0x20000064   Data           4  foc_control.o(.bss.B_offset)
    C_offset                                 0x20000068   Data           4  foc_control.o(.bss.C_offset)
    Current_D_PID                            0x2000006c   Data          28  foc_algorithm.o(.bss.Current_D_PID)
    Current_Iabc                             0x20000088   Data          12  foc_algorithm.o(.bss.Current_Iabc)
    Current_Ialpha_beta                      0x20000094   Data           8  foc_algorithm.o(.bss.Current_Ialpha_beta)
    Current_Idq                              0x2000009c   Data           8  foc_algorithm.o(.bss.Current_Idq)
    Current_Q_PID                            0x200000a4   Data          28  foc_algorithm.o(.bss.Current_Q_PID)
    DQ_L_Def                                 0x200000c0   Data          24  hfi_square_wave.o(.bss.DQ_L_Def)
    FOC_Input                                0x200000d8   Data          48  foc_algorithm.o(.bss.FOC_Input)
    FOC_Interface_states                     0x20000108   Data         112  foc_algorithm.o(.bss.FOC_Interface_states)
    FOC_Output                               0x20000178   Data          40  foc_algorithm.o(.bss.FOC_Output)
    HFI_Square_IIR_LPF2                      0x200001a4   Data          40  iir_lpf_wrapper.o(.bss.HFI_Square_IIR_LPF2)
    Ia                                       0x200001d0   Data           8  foc_control.o(.bss.Ia)
    Ia_test                                  0x200001d8   Data           4  foc_control.o(.bss.Ia_test)
    Ib                                       0x200001e0   Data           8  foc_control.o(.bss.Ib)
    Ib_test                                  0x200001e8   Data           4  foc_control.o(.bss.Ib_test)
    Ic                                       0x200001f0   Data           8  foc_control.o(.bss.Ic)
    Ic_test                                  0x200001f8   Data           4  foc_control.o(.bss.Ic_test)
    Inject_time1                             0x200001fc   Data           2  hfi_square_wave.o(.bss.Inject_time1)
    Inject_time2                             0x200001fe   Data           2  hfi_square_wave.o(.bss.Inject_time2)
    Inject_time_flag1                        0x20000200   Data           2  hfi_square_wave.o(.bss.Inject_time_flag1)
    Iq_temp1                                 0x20000204   Data           4  foc_control.o(.bss.Iq_temp1)
    Iq_temp2                                 0x20000208   Data           4  foc_control.o(.bss.Iq_temp2)
    Iq_temp2_flag                            0x2000020c   Data           1  foc_control.o(.bss.Iq_temp2_flag)
    Iq_temp3_flag                            0x2000020d   Data           1  foc_control.o(.bss.Iq_temp3_flag)
    Iq_temp_flag                             0x2000020e   Data           1  foc_control.o(.bss.Iq_temp_flag)
    NS_D_H_def                               0x20000210   Data          16  hfi_square_wave.o(.bss.NS_D_H_def)
    NS_Sum1                                  0x20000220   Data           4  hfi_square_wave.o(.bss.NS_Sum1)
    NS_Sum2                                  0x20000224   Data           4  hfi_square_wave.o(.bss.NS_Sum2)
    NS_cnt                                   0x20000228   Data           4  hfi_square_wave.o(.bss.NS_cnt)
    NS_flag                                  0x2000022c   Data           1  hfi_square_wave.o(.bss.NS_flag)
    NS_theta                                 0x20000230   Data           4  hfi_square_wave.o(.bss.NS_theta)
    Ns_sum_theta                             0x20000234   Data           4  hfi_square_wave.o(.bss.Ns_sum_theta)
    OLED_BUFF                                0x20000238   Data          15  foc_control.o(.bss.OLED_BUFF)
    PLL_IIR_LPF_PAR                          0x20000248   Data          40  iir_lpf_wrapper.o(.bss.PLL_IIR_LPF_PAR)
    PLL_def                                  0x20000270   Data          24  smo_pll.o(.bss.PLL_def)
    SMO_IIR_LPF_PAR_Ealfa                    0x20000288   Data          40  iir_lpf_wrapper.o(.bss.SMO_IIR_LPF_PAR_Ealfa)
    SMO_IIR_LPF_PAR_Ebeta                    0x200002b0   Data          40  iir_lpf_wrapper.o(.bss.SMO_IIR_LPF_PAR_Ebeta)
    SMO_Struct_def                           0x200002d8   Data          32  smo_pll.o(.bss.SMO_Struct_def)
    Speed_Fdk                                0x200002f8   Data           4  speed_pid.o(.bss.Speed_Fdk)
    Speed_Pid                                0x200002fc   Data          52  speed_pid.o(.bss.Speed_Pid)
    Speed_Pid_Out                            0x20000330   Data           4  speed_pid.o(.bss.Speed_Pid_Out)
    Speed_Ref                                0x20000334   Data           4  speed_pid.o(.bss.Speed_Ref)
    Transf_Cos_Sin                           0x20000338   Data           8  foc_algorithm.o(.bss.Transf_Cos_Sin)
    Uin_inject_ampl                          0x20000340   Data           4  hfi_square_wave.o(.bss.Uin_inject_ampl)
    Uin_inject_flag                          0x20000344   Data           1  hfi_square_wave.o(.bss.Uin_inject_flag)
    Uin_inject_start_off                     0x20000345   Data           1  hfi_square_wave.o(.bss.Uin_inject_start_off)
    Vbus                                     0x20000348   Data           4  foc_control.o(.bss.Vbus)
    Voltage_Alpha_Beta                       0x2000034c   Data           8  foc_algorithm.o(.bss.Voltage_Alpha_Beta)
    Voltage_DQ                               0x20000354   Data           8  foc_algorithm.o(.bss.Voltage_DQ)
    arg_amplitude                            0x2000035c   Data           4  foc_control.o(.bss.arg_amplitude)
    error                                    0x20000360   Data           4  speed_pid.o(.bss.error)
    funcation_up_date                        0x20000364   Data           2  foc_control.o(.bss.funcation_up_date)
    g_rx_buffer                              0x2000036c   Data          30  usart.o(.bss.g_rx_buffer)
    g_usart_rx_buf                           0x2000038a   Data          30  usart.o(.bss.g_usart_rx_buf)
    g_usart_rx_sta                           0x200003a8   Data           2  usart.o(.bss.g_usart_rx_sta)
    get_offset_flag                          0x200003aa   Data           1  foc_control.o(.bss.get_offset_flag)
    get_offset_sample_cnt                    0x200003ab   Data           1  foc_control.o(.bss.get_offset_sample_cnt)
    hadc1                                    0x200003ac   Data         108  adc.o(.bss.hadc1)
    hadc2                                    0x20000418   Data         108  adc.o(.bss.hadc2)
    hdma_usart1_rx                           0x20000484   Data          96  usart.o(.bss.hdma_usart1_rx)
    hfi_square_PLL_def                       0x200004e4   Data          20  hfi_square_wave.o(.bss.hfi_square_PLL_def)
    hfi_square_def                           0x200004f8   Data          40  hfi_square_wave.o(.bss.hfi_square_def)
    htim1                                    0x20000520   Data         204  tim.o(.bss.htim1)
    htim6                                    0x200005ec   Data         204  tim.o(.bss.htim6)
    huart1                                   0x200006b8   Data         148  usart.o(.bss.huart1)
    key0_flag                                0x2000074c   Data           1  gpio.o(.bss.key0_flag)
    key1_flag                                0x2000074d   Data           1  gpio.o(.bss.key1_flag)
    key2_flag                                0x2000074e   Data           1  gpio.o(.bss.key2_flag)
    rx_number                                0x20000750   Data           2  usart.o(.bss.rx_number)
    speed_err_flag                           0x20000752   Data           2  foc_control.o(.bss.speed_err_flag)
    speed_low_flag                           0x20000754   Data           2  foc_control.o(.bss.speed_low_flag)
    time6_cnt                                0x20000756   Data           1  tim.o(.bss.time6_cnt)
    uwTick                                   0x20000758   Data           4  stm32g4xx_hal.o(.bss.uwTick)
    __initial_sp                             0x20000b60   Data           0  startup_stm32g474xx.o(STACK)



==============================================================================

Memory Map of the image

  Image Entry point : 0x080001d9

  Load Region LR_IROM1 (Base: 0x08000000, Size: 0x000092d0, Max: 0x00080000, ABSOLUTE)

    Execution Region ER_IROM1 (Exec base: 0x08000000, Load base: 0x08000000, Size: 0x0000926c, Max: 0x00080000, ABSOLUTE)

    Exec Addr    Load Addr    Size         Type   Attr      Idx    E Section Name        Object

    0x08000000   0x08000000   0x000001d8   Data   RO            3    RESET               startup_stm32g474xx.o
    0x080001d8   0x080001d8   0x00000000   Code   RO         3566  * .ARM.Collect$$$$00000000  mc_w.l(entry.o)
    0x080001d8   0x080001d8   0x00000004   Code   RO         3638    .ARM.Collect$$$$00000001  mc_w.l(entry2.o)
    0x080001dc   0x080001dc   0x00000004   Code   RO         3641    .ARM.Collect$$$$00000004  mc_w.l(entry5.o)
    0x080001e0   0x080001e0   0x00000000   Code   RO         3643    .ARM.Collect$$$$00000008  mc_w.l(entry7b.o)
    0x080001e0   0x080001e0   0x00000000   Code   RO         3645    .ARM.Collect$$$$0000000A  mc_w.l(entry8b.o)
    0x080001e0   0x080001e0   0x00000008   Code   RO         3646    .ARM.Collect$$$$0000000B  mc_w.l(entry9a.o)
    0x080001e8   0x080001e8   0x00000000   Code   RO         3648    .ARM.Collect$$$$0000000D  mc_w.l(entry10a.o)
    0x080001e8   0x080001e8   0x00000000   Code   RO         3650    .ARM.Collect$$$$0000000F  mc_w.l(entry11a.o)
    0x080001e8   0x080001e8   0x00000004   Code   RO         3639    .ARM.Collect$$$$00002712  mc_w.l(entry2.o)
    0x080001ec   0x080001ec   0x00000024   Code   RO            4    .text               startup_stm32g474xx.o
    0x08000210   0x08000210   0x00000062   Code   RO         3569    .text               mc_w.l(uldiv.o)
    0x08000272   0x08000272   0x00000024   Code   RO         3573    .text               mc_w.l(memcpya.o)
    0x08000296   0x08000296   0x00000024   Code   RO         3575    .text               mc_w.l(memseta.o)
    0x080002ba   0x080002ba   0x000000e4   Code   RO         3581    .text               mf_w.l(dmul.o)
    0x0800039e   0x0800039e   0x00000022   Code   RO         3593    .text               mf_w.l(dflti.o)
    0x080003c0   0x080003c0   0x00000038   Code   RO         3603    .text               mf_w.l(d2f.o)
    0x080003f8   0x080003f8   0x0000001e   Code   RO         3652    .text               mc_w.l(llshl.o)
    0x08000416   0x08000416   0x00000020   Code   RO         3654    .text               mc_w.l(llushr.o)
    0x08000436   0x08000436   0x00000000   Code   RO         3665    .text               mc_w.l(iusefp.o)
    0x08000436   0x08000436   0x0000006e   Code   RO         3666    .text               mf_w.l(fepilogue.o)
    0x080004a4   0x080004a4   0x000000ba   Code   RO         3668    .text               mf_w.l(depilogue.o)
    0x0800055e   0x0800055e   0x00000002   PAD
    0x08000560   0x08000560   0x00000024   Code   RO         3678    .text               mc_w.l(init.o)
    0x08000584   0x08000584   0x00000024   Code   RO          147    .text.ADC1_2_IRQHandler  stm32g4xx_it.o
    0x080005a8   0x080005a8   0x0000007e   Code   RO          194    .text.ADC_Disable   stm32g4xx_hal_adc.o
    0x08000626   0x08000626   0x00000002   PAD
    0x08000628   0x08000628   0x000000ee   Code   RO          202    .text.ADC_Enable    stm32g4xx_hal_adc.o
    0x08000716   0x08000716   0x00000002   PAD
    0x08000718   0x08000718   0x00000026   Code   RO         1648    .text.Angle_To_Cos_Sin  foc_algorithm.o
    0x0800073e   0x0800073e   0x00000002   PAD
    0x08000740   0x08000740   0x00000002   Code   RO          133    .text.BusFault_Handler  stm32g4xx_it.o
    0x08000742   0x08000742   0x00000002   PAD
    0x08000744   0x08000744   0x00000040   Code   RO         1644    .text.Clarke_Transf  foc_algorithm.o
    0x08000784   0x08000784   0x00000070   Code   RO         1654    .text.Current_PID_Calc  foc_algorithm.o
    0x080007f4   0x080007f4   0x00000010   Code   RO          145    .text.DMA1_Channel5_IRQHandler  stm32g4xx_it.o
    0x08000804   0x08000804   0x0000004a   Code   RO          761    .text.DMA_CalcDMAMUXChannelBaseAndMask  stm32g4xx_hal_dma.o
    0x0800084e   0x0800084e   0x00000002   PAD
    0x08000850   0x08000850   0x00000026   Code   RO          763    .text.DMA_CalcDMAMUXRequestGenBaseAndMask  stm32g4xx_hal_dma.o
    0x08000876   0x08000876   0x00000002   PAD
    0x08000878   0x08000878   0x00000046   Code   RO          769    .text.DMA_SetConfig  stm32g4xx_hal_dma.o
    0x080008be   0x080008be   0x00000002   PAD
    0x080008c0   0x080008c0   0x000002b0   Code   RO         1874    .text.Date_number_float  my_usart.o
    0x08000b70   0x08000b70   0x000000fc   Code   RO         1868    .text.Date_number_int  my_usart.o
    0x08000c6c   0x08000c6c   0x00000002   Code   RO          139    .text.DebugMon_Handler  stm32g4xx_it.o
    0x08000c6e   0x08000c6e   0x00000002   PAD
    0x08000c70   0x08000c70   0x0000001c   Code   RO          151    .text.EXTI15_10_IRQHandler  stm32g4xx_it.o
    0x08000c8c   0x08000c8c   0x0000000a   Code   RO           15    .text.Error_Handler  main.o
    0x08000c96   0x08000c96   0x00000002   PAD
    0x08000c98   0x08000c98   0x00000084   Code   RO          318    .text.HAL_ADCEx_Calibration_Start  stm32g4xx_hal_adc_ex.o
    0x08000d1c   0x08000d1c   0x00000002   Code   RO          376    .text.HAL_ADCEx_EndOfSamplingCallback  stm32g4xx_hal_adc_ex.o
    0x08000d1e   0x08000d1e   0x00000002   PAD
    0x08000d20   0x08000d20   0x00000496   Code   RO          386    .text.HAL_ADCEx_InjectedConfigChannel  stm32g4xx_hal_adc_ex.o
    0x080011b6   0x080011b6   0x00000002   PAD
    0x080011b8   0x080011b8   0x00000048   Code   RO           51    .text.HAL_ADCEx_InjectedConvCpltCallback  adc.o
    0x08001200   0x08001200   0x00000032   Code   RO          366    .text.HAL_ADCEx_InjectedGetValue  stm32g4xx_hal_adc_ex.o
    0x08001232   0x08001232   0x00000002   PAD
    0x08001234   0x08001234   0x00000002   Code   RO          370    .text.HAL_ADCEx_InjectedQueueOverflowCallback  stm32g4xx_hal_adc_ex.o
    0x08001236   0x08001236   0x00000002   PAD
    0x08001238   0x08001238   0x00000150   Code   RO          354    .text.HAL_ADCEx_InjectedStart_IT  stm32g4xx_hal_adc_ex.o
    0x08001388   0x08001388   0x00000002   Code   RO          372    .text.HAL_ADCEx_LevelOutOfWindow2Callback  stm32g4xx_hal_adc_ex.o
    0x0800138a   0x0800138a   0x00000002   PAD
    0x0800138c   0x0800138c   0x00000002   Code   RO          374    .text.HAL_ADCEx_LevelOutOfWindow3Callback  stm32g4xx_hal_adc_ex.o
    0x0800138e   0x0800138e   0x00000002   PAD
    0x08001390   0x08001390   0x00000164   Code   RO          408    .text.HAL_ADCEx_MultiModeConfigChannel  stm32g4xx_hal_adc_ex.o
    0x080014f4   0x080014f4   0x0000039a   Code   RO          248    .text.HAL_ADC_ConfigChannel  stm32g4xx_hal_adc.o
    0x0800188e   0x0800188e   0x00000002   PAD
    0x08001890   0x08001890   0x00000002   Code   RO          238    .text.HAL_ADC_ConvCpltCallback  stm32g4xx_hal_adc.o
    0x08001892   0x08001892   0x00000002   PAD
    0x08001894   0x08001894   0x00000002   Code   RO          244    .text.HAL_ADC_ErrorCallback  stm32g4xx_hal_adc.o
    0x08001896   0x08001896   0x00000002   PAD
    0x08001898   0x08001898   0x000002e2   Code   RO          236    .text.HAL_ADC_IRQHandler  stm32g4xx_hal_adc.o
    0x08001b7a   0x08001b7a   0x00000002   PAD
    0x08001b7c   0x08001b7c   0x00000224   Code   RO          170    .text.HAL_ADC_Init  stm32g4xx_hal_adc.o
    0x08001da0   0x08001da0   0x00000002   Code   RO          242    .text.HAL_ADC_LevelOutOfWindowCallback  stm32g4xx_hal_adc.o
    0x08001da2   0x08001da2   0x00000002   PAD
    0x08001da4   0x08001da4   0x0000016a   Code   RO           47    .text.HAL_ADC_MspInit  adc.o
    0x08001f0e   0x08001f0e   0x00000002   PAD
    0x08001f10   0x08001f10   0x0000012e   Code   RO          198    .text.HAL_ADC_Start  stm32g4xx_hal_adc.o
    0x0800203e   0x0800203e   0x00000002   PAD
    0x08002040   0x08002040   0x000001a8   Code   RO          216    .text.HAL_ADC_Start_IT  stm32g4xx_hal_adc.o
    0x080021e8   0x080021e8   0x0000006e   Code   RO          773    .text.HAL_DMA_Abort  stm32g4xx_hal_dma.o
    0x08002256   0x08002256   0x00000002   PAD
    0x08002258   0x08002258   0x0000007a   Code   RO          775    .text.HAL_DMA_Abort_IT  stm32g4xx_hal_dma.o
    0x080022d2   0x080022d2   0x00000002   PAD
    0x080022d4   0x080022d4   0x000000aa   Code   RO          779    .text.HAL_DMA_IRQHandler  stm32g4xx_hal_dma.o
    0x0800237e   0x0800237e   0x00000002   PAD
    0x08002380   0x08002380   0x000000d8   Code   RO          759    .text.HAL_DMA_Init  stm32g4xx_hal_dma.o
    0x08002458   0x08002458   0x0000008a   Code   RO          771    .text.HAL_DMA_Start_IT  stm32g4xx_hal_dma.o
    0x080024e2   0x080024e2   0x00000002   PAD
    0x080024e4   0x080024e4   0x000000fc   Code   RO           29    .text.HAL_GPIO_EXTI_Callback  gpio.o
    0x080025e0   0x080025e0   0x0000001a   Code   RO          721    .text.HAL_GPIO_EXTI_IRQHandler  stm32g4xx_hal_gpio.o
    0x080025fa   0x080025fa   0x00000002   PAD
    0x080025fc   0x080025fc   0x0000019e   Code   RO          709    .text.HAL_GPIO_Init  stm32g4xx_hal_gpio.o
    0x0800279a   0x0800279a   0x00000002   PAD
    0x0800279c   0x0800279c   0x0000000a   Code   RO          713    .text.HAL_GPIO_ReadPin  stm32g4xx_hal_gpio.o
    0x080027a6   0x080027a6   0x00000002   PAD
    0x080027a8   0x080027a8   0x00000010   Code   RO          717    .text.HAL_GPIO_TogglePin  stm32g4xx_hal_gpio.o
    0x080027b8   0x080027b8   0x0000000c   Code   RO          715    .text.HAL_GPIO_WritePin  stm32g4xx_hal_gpio.o
    0x080027c4   0x080027c4   0x0000000e   Code   RO          461    .text.HAL_GetREVID  stm32g4xx_hal.o
    0x080027d2   0x080027d2   0x00000002   PAD
    0x080027d4   0x080027d4   0x0000000c   Code   RO          445    .text.HAL_GetTick   stm32g4xx_hal.o
    0x080027e0   0x080027e0   0x0000001a   Code   RO          443    .text.HAL_IncTick   stm32g4xx_hal.o
    0x080027fa   0x080027fa   0x00000002   PAD
    0x080027fc   0x080027fc   0x0000001e   Code   RO          433    .text.HAL_Init      stm32g4xx_hal.o
    0x0800281a   0x0800281a   0x00000002   PAD
    0x0800281c   0x0800281c   0x00000056   Code   RO          435    .text.HAL_InitTick  stm32g4xx_hal.o
    0x08002872   0x08002872   0x00000002   PAD
    0x08002874   0x08002874   0x0000003e   Code   RO          162    .text.HAL_MspInit   stm32g4xx_hal_msp.o
    0x080028b2   0x080028b2   0x00000002   PAD
    0x080028b4   0x080028b4   0x00000008   Code   RO          949    .text.HAL_NVIC_EnableIRQ  stm32g4xx_hal_cortex.o
    0x080028bc   0x080028bc   0x0000001e   Code   RO          941    .text.HAL_NVIC_SetPriority  stm32g4xx_hal_cortex.o
    0x080028da   0x080028da   0x00000002   PAD
    0x080028dc   0x080028dc   0x00000008   Code   RO          937    .text.HAL_NVIC_SetPriorityGrouping  stm32g4xx_hal_cortex.o
    0x080028e4   0x080028e4   0x000000ee   Code   RO          857    .text.HAL_PWREx_ControlVoltageScaling  stm32g4xx_hal_pwr_ex.o
    0x080029d2   0x080029d2   0x00000002   PAD
    0x080029d4   0x080029d4   0x00000012   Code   RO          927    .text.HAL_PWREx_DisableUCPDDeadBattery  stm32g4xx_hal_pwr_ex.o
    0x080029e6   0x080029e6   0x00000002   PAD
    0x080029e8   0x080029e8   0x00000306   Code   RO          560    .text.HAL_RCCEx_PeriphCLKConfig  stm32g4xx_hal_rcc_ex.o
    0x08002cee   0x08002cee   0x00000002   PAD
    0x08002cf0   0x08002cf0   0x00000206   Code   RO          524    .text.HAL_RCC_ClockConfig  stm32g4xx_hal_rcc.o
    0x08002ef6   0x08002ef6   0x00000002   PAD
    0x08002ef8   0x08002ef8   0x0000000c   Code   RO          532    .text.HAL_RCC_GetHCLKFreq  stm32g4xx_hal_rcc.o
    0x08002f04   0x08002f04   0x00000026   Code   RO          534    .text.HAL_RCC_GetPCLK1Freq  stm32g4xx_hal_rcc.o
    0x08002f2a   0x08002f2a   0x00000002   PAD
    0x08002f2c   0x08002f2c   0x00000026   Code   RO          536    .text.HAL_RCC_GetPCLK2Freq  stm32g4xx_hal_rcc.o
    0x08002f52   0x08002f52   0x00000002   PAD
    0x08002f54   0x08002f54   0x0000007a   Code   RO          528    .text.HAL_RCC_GetSysClockFreq  stm32g4xx_hal_rcc.o
    0x08002fce   0x08002fce   0x00000002   PAD
    0x08002fd0   0x08002fd0   0x0000047a   Code   RO          522    .text.HAL_RCC_OscConfig  stm32g4xx_hal_rcc.o
    0x0800344a   0x0800344a   0x00000002   PAD
    0x0800344c   0x0800344c   0x00000018   Code   RO          989    .text.HAL_SYSTICK_CLKSourceConfig  stm32g4xx_hal_cortex.o
    0x08003464   0x08003464   0x00000008   Code   RO          961    .text.HAL_SYSTICK_Config  stm32g4xx_hal_cortex.o
    0x0800346c   0x0800346c   0x00000002   Code   RO         1389    .text.HAL_TIMEx_Break2Callback  stm32g4xx_hal_tim_ex.o
    0x0800346e   0x0800346e   0x00000002   PAD
    0x08003470   0x08003470   0x00000002   Code   RO         1387    .text.HAL_TIMEx_BreakCallback  stm32g4xx_hal_tim_ex.o
    0x08003472   0x08003472   0x00000002   PAD
    0x08003474   0x08003474   0x00000002   Code   RO         1383    .text.HAL_TIMEx_CommutCallback  stm32g4xx_hal_tim_ex.o
    0x08003476   0x08003476   0x00000002   PAD
    0x08003478   0x08003478   0x00000002   Code   RO         1385    .text.HAL_TIMEx_CommutHalfCpltCallback  stm32g4xx_hal_tim_ex.o
    0x0800347a   0x0800347a   0x00000002   PAD
    0x0800347c   0x0800347c   0x000000da   Code   RO         1335    .text.HAL_TIMEx_ConfigBreakDeadTime  stm32g4xx_hal_tim_ex.o
    0x08003556   0x08003556   0x00000002   PAD
    0x08003558   0x08003558   0x00000002   Code   RO         1393    .text.HAL_TIMEx_DirectionChangeCallback  stm32g4xx_hal_tim_ex.o
    0x0800355a   0x0800355a   0x00000002   PAD
    0x0800355c   0x0800355c   0x00000002   Code   RO         1391    .text.HAL_TIMEx_EncoderIndexCallback  stm32g4xx_hal_tim_ex.o
    0x0800355e   0x0800355e   0x00000002   PAD
    0x08003560   0x08003560   0x00000002   Code   RO         1395    .text.HAL_TIMEx_IndexErrorCallback  stm32g4xx_hal_tim_ex.o
    0x08003562   0x08003562   0x00000002   PAD
    0x08003564   0x08003564   0x000000dc   Code   RO         1333    .text.HAL_TIMEx_MasterConfigSynchronization  stm32g4xx_hal_tim_ex.o
    0x08003640   0x08003640   0x00000104   Code   RO         1303    .text.HAL_TIMEx_PWMN_Start  stm32g4xx_hal_tim_ex.o
    0x08003744   0x08003744   0x00000002   Code   RO         1397    .text.HAL_TIMEx_TransitionErrorCallback  stm32g4xx_hal_tim_ex.o
    0x08003746   0x08003746   0x00000002   PAD
    0x08003748   0x08003748   0x00000076   Code   RO         1009    .text.HAL_TIM_Base_Init  stm32g4xx_hal_tim.o
    0x080037be   0x080037be   0x00000002   PAD
    0x080037c0   0x080037c0   0x0000006a   Code   RO           79    .text.HAL_TIM_Base_MspInit  tim.o
    0x0800382a   0x0800382a   0x00000002   PAD
    0x0800382c   0x0800382c   0x000000c2   Code   RO         1025    .text.HAL_TIM_Base_Start_IT  stm32g4xx_hal_tim.o
    0x080038ee   0x080038ee   0x00000002   PAD
    0x080038f0   0x080038f0   0x00000132   Code   RO         1197    .text.HAL_TIM_ConfigClockSource  stm32g4xx_hal_tim.o
    0x08003a22   0x08003a22   0x00000002   PAD
    0x08003a24   0x08003a24   0x00000002   Code   RO         1233    .text.HAL_TIM_ErrorCallback  stm32g4xx_hal_tim.o
    0x08003a26   0x08003a26   0x00000002   PAD
    0x08003a28   0x08003a28   0x00000002   Code   RO         1221    .text.HAL_TIM_IC_CaptureCallback  stm32g4xx_hal_tim.o
    0x08003a2a   0x08003a2a   0x00000002   PAD
    0x08003a2c   0x08003a2c   0x00000002   Code   RO         1223    .text.HAL_TIM_IC_CaptureHalfCpltCallback  stm32g4xx_hal_tim.o
    0x08003a2e   0x08003a2e   0x00000002   PAD
    0x08003a30   0x08003a30   0x000001d4   Code   RO         1145    .text.HAL_TIM_IRQHandler  stm32g4xx_hal_tim.o
    0x08003c04   0x08003c04   0x000000b4   Code   RO           75    .text.HAL_TIM_MspPostInit  tim.o
    0x08003cb8   0x08003cb8   0x00000002   Code   RO         1219    .text.HAL_TIM_OC_DelayElapsedCallback  stm32g4xx_hal_tim.o
    0x08003cba   0x08003cba   0x00000002   PAD
    0x08003cbc   0x08003cbc   0x000000ba   Code   RO         1171    .text.HAL_TIM_PWM_ConfigChannel  stm32g4xx_hal_tim.o
    0x08003d76   0x08003d76   0x00000002   PAD
    0x08003d78   0x08003d78   0x00000076   Code   RO         1065    .text.HAL_TIM_PWM_Init  stm32g4xx_hal_tim.o
    0x08003dee   0x08003dee   0x00000002   PAD
    0x08003df0   0x08003df0   0x00000002   Code   RO         1067    .text.HAL_TIM_PWM_MspInit  stm32g4xx_hal_tim.o
    0x08003df2   0x08003df2   0x00000002   PAD
    0x08003df4   0x08003df4   0x00000002   Code   RO         1225    .text.HAL_TIM_PWM_PulseFinishedCallback  stm32g4xx_hal_tim.o
    0x08003df6   0x08003df6   0x00000002   PAD
    0x08003df8   0x08003df8   0x00000002   Code   RO         1227    .text.HAL_TIM_PWM_PulseFinishedHalfCpltCallback  stm32g4xx_hal_tim.o
    0x08003dfa   0x08003dfa   0x00000002   PAD
    0x08003dfc   0x08003dfc   0x00000182   Code   RO         1073    .text.HAL_TIM_PWM_Start  stm32g4xx_hal_tim.o
    0x08003f7e   0x08003f7e   0x00000002   PAD
    0x08003f80   0x08003f80   0x000000c0   Code   RO         1075    .text.HAL_TIM_PWM_Stop  stm32g4xx_hal_tim.o
    0x08004040   0x08004040   0x00000116   Code   RO           83    .text.HAL_TIM_PeriodElapsedCallback  tim.o
    0x08004156   0x08004156   0x00000002   PAD
    0x08004158   0x08004158   0x00000002   Code   RO         1217    .text.HAL_TIM_PeriodElapsedHalfCpltCallback  stm32g4xx_hal_tim.o
    0x0800415a   0x0800415a   0x00000002   PAD
    0x0800415c   0x0800415c   0x00000002   Code   RO         1229    .text.HAL_TIM_TriggerCallback  stm32g4xx_hal_tim.o
    0x0800415e   0x0800415e   0x00000002   PAD
    0x08004160   0x08004160   0x00000002   Code   RO         1231    .text.HAL_TIM_TriggerHalfCpltCallback  stm32g4xx_hal_tim.o
    0x08004162   0x08004162   0x00000002   PAD
    0x08004164   0x08004164   0x00000036   Code   RO         1582    .text.HAL_UARTEx_DisableFifoMode  stm32g4xx_hal_uart_ex.o
    0x0800419a   0x0800419a   0x00000002   PAD
    0x0800419c   0x0800419c   0x00000056   Code   RO         1592    .text.HAL_UARTEx_ReceiveToIdle_DMA  stm32g4xx_hal_uart_ex.o
    0x080041f2   0x080041f2   0x00000002   PAD
    0x080041f4   0x080041f4   0x000000b2   Code   RO          110    .text.HAL_UARTEx_RxEventCallback  usart.o
    0x080042a6   0x080042a6   0x00000002   PAD
    0x080042a8   0x080042a8   0x00000002   Code   RO         1564    .text.HAL_UARTEx_RxFifoFullCallback  stm32g4xx_hal_uart_ex.o
    0x080042aa   0x080042aa   0x00000002   PAD
    0x080042ac   0x080042ac   0x0000004a   Code   RO         1586    .text.HAL_UARTEx_SetRxFifoThreshold  stm32g4xx_hal_uart_ex.o
    0x080042f6   0x080042f6   0x00000002   PAD
    0x080042f8   0x080042f8   0x0000004a   Code   RO         1584    .text.HAL_UARTEx_SetTxFifoThreshold  stm32g4xx_hal_uart_ex.o
    0x08004342   0x08004342   0x00000002   PAD
    0x08004344   0x08004344   0x00000002   Code   RO         1566    .text.HAL_UARTEx_TxFifoEmptyCallback  stm32g4xx_hal_uart_ex.o
    0x08004346   0x08004346   0x00000002   PAD
    0x08004348   0x08004348   0x00000002   Code   RO         1562    .text.HAL_UARTEx_WakeupCallback  stm32g4xx_hal_uart_ex.o
    0x0800434a   0x0800434a   0x00000002   PAD
    0x0800434c   0x0800434c   0x00000002   Code   RO         1503    .text.HAL_UART_ErrorCallback  stm32g4xx_hal_uart.o
    0x0800434e   0x0800434e   0x00000002   PAD
    0x08004350   0x08004350   0x0000030a   Code   RO         1499    .text.HAL_UART_IRQHandler  stm32g4xx_hal_uart.o
    0x0800465a   0x0800465a   0x00000002   PAD
    0x0800465c   0x0800465c   0x00000062   Code   RO         1411    .text.HAL_UART_Init  stm32g4xx_hal_uart.o
    0x080046be   0x080046be   0x00000002   PAD
    0x080046c0   0x080046c0   0x000000d8   Code   RO          106    .text.HAL_UART_MspInit  usart.o
    0x08004798   0x08004798   0x00000002   Code   RO         1513    .text.HAL_UART_RxCpltCallback  stm32g4xx_hal_uart.o
    0x0800479a   0x0800479a   0x00000002   PAD
    0x0800479c   0x0800479c   0x00000002   Code   RO         1515    .text.HAL_UART_RxHalfCpltCallback  stm32g4xx_hal_uart.o
    0x0800479e   0x0800479e   0x00000002   PAD
    0x080047a0   0x080047a0   0x00000002   Code   RO         1509    .text.HAL_UART_TxCpltCallback  stm32g4xx_hal_uart.o
    0x080047a2   0x080047a2   0x00000002   PAD
    0x080047a4   0x080047a4   0x0000014c   Code   RO         1755    .text.HFI_NS_Direction  hfi_square_wave.o
    0x080048f0   0x080048f0   0x0000009e   Code   RO         1759    .text.HFI_Square_Init  hfi_square_wave.o
    0x0800498e   0x0800498e   0x00000002   PAD
    0x08004990   0x08004990   0x00000002   Code   RO          129    .text.HardFault_Handler  stm32g4xx_it.o
    0x08004992   0x08004992   0x00000002   PAD
    0x08004994   0x08004994   0x00000008   Code   RO         1914    .text.I2C_Configuration  oled_i2c.o
    0x0800499c   0x0800499c   0x00000008   Code   RO         1916    .text.I2C_WriteByte  oled_i2c.o
    0x080049a4   0x080049a4   0x000000a0   Code   RO         1734    .text.IIR_LPF_Start_wrapper  iir_lpf_wrapper.o
    0x08004a44   0x08004a44   0x0000005e   Code   RO         1730    .text.IIR_filter    iir_lpf_wrapper.o
    0x08004aa2   0x08004aa2   0x00000002   PAD
    0x08004aa4   0x08004aa4   0x00000028   Code   RO         1732    .text.IIR_filter_Init  iir_lpf_wrapper.o
    0x08004acc   0x08004acc   0x0000004e   Code   RO         1753    .text.Idq_L         hfi_square_wave.o
    0x08004b1a   0x08004b1a   0x00000002   PAD
    0x08004b1c   0x08004b1c   0x00000012   Code   RO          308    .text.LL_ADC_Disable  stm32g4xx_hal_adc.o
    0x08004b2e   0x08004b2e   0x00000002   PAD
    0x08004b30   0x08004b30   0x00000010   Code   RO          176    .text.LL_ADC_DisableDeepPowerDown  stm32g4xx_hal_adc.o
    0x08004b40   0x08004b40   0x00000012   Code   RO          306    .text.LL_ADC_Enable  stm32g4xx_hal_adc.o
    0x08004b52   0x08004b52   0x00000002   PAD
    0x08004b54   0x08004b54   0x00000014   Code   RO          180    .text.LL_ADC_EnableInternalRegulator  stm32g4xx_hal_adc.o
    0x08004b68   0x08004b68   0x00000008   Code   RO          268    .text.LL_ADC_GetCommonPathInternalCh  stm32g4xx_hal_adc.o
    0x08004b70   0x08004b70   0x00000008   Code   RO          404    .text.LL_ADC_GetCommonPathInternalCh  stm32g4xx_hal_adc_ex.o
    0x08004b78   0x08004b78   0x00000008   Code   RO          210    .text.LL_ADC_GetMultiDMATransfer  stm32g4xx_hal_adc.o
    0x08004b80   0x08004b80   0x00000008   Code   RO          200    .text.LL_ADC_GetMultimode  stm32g4xx_hal_adc.o
    0x08004b88   0x08004b88   0x00000008   Code   RO          340    .text.LL_ADC_GetMultimode  stm32g4xx_hal_adc_ex.o
    0x08004b90   0x08004b90   0x0000000c   Code   RO          262    .text.LL_ADC_GetOffsetChannel  stm32g4xx_hal_adc.o
    0x08004b9c   0x08004b9c   0x0000000c   Code   RO          398    .text.LL_ADC_GetOffsetChannel  stm32g4xx_hal_adc_ex.o
    0x08004ba8   0x08004ba8   0x00000008   Code   RO          342    .text.LL_ADC_INJ_GetTrigAuto  stm32g4xx_hal_adc_ex.o
    0x08004bb0   0x08004bb0   0x00000008   Code   RO          188    .text.LL_ADC_INJ_IsConversionOngoing  stm32g4xx_hal_adc.o
    0x08004bb8   0x08004bb8   0x00000008   Code   RO          332    .text.LL_ADC_INJ_IsConversionOngoing  stm32g4xx_hal_adc_ex.o
    0x08004bc0   0x08004bc0   0x0000000e   Code   RO          240    .text.LL_ADC_INJ_IsTriggerSourceSWStart  stm32g4xx_hal_adc.o
    0x08004bce   0x08004bce   0x00000002   PAD
    0x08004bd0   0x08004bd0   0x00000012   Code   RO          344    .text.LL_ADC_INJ_StartConversion  stm32g4xx_hal_adc_ex.o
    0x08004be2   0x08004be2   0x00000002   PAD
    0x08004be4   0x08004be4   0x00000006   Code   RO          322    .text.LL_ADC_IsCalibrationOnGoing  stm32g4xx_hal_adc_ex.o
    0x08004bea   0x08004bea   0x00000002   PAD
    0x08004bec   0x08004bec   0x00000008   Code   RO          174    .text.LL_ADC_IsDeepPowerDownEnabled  stm32g4xx_hal_adc.o
    0x08004bf4   0x08004bf4   0x00000008   Code   RO          300    .text.LL_ADC_IsDisableOngoing  stm32g4xx_hal_adc.o
    0x08004bfc   0x08004bfc   0x00000008   Code   RO          184    .text.LL_ADC_IsEnabled  stm32g4xx_hal_adc.o
    0x08004c04   0x08004c04   0x00000008   Code   RO          334    .text.LL_ADC_IsEnabled  stm32g4xx_hal_adc_ex.o
    0x08004c0c   0x08004c0c   0x00000008   Code   RO          178    .text.LL_ADC_IsInternalRegulatorEnabled  stm32g4xx_hal_adc.o
    0x08004c14   0x08004c14   0x00000008   Code   RO          182    .text.LL_ADC_REG_IsConversionOngoing  stm32g4xx_hal_adc.o
    0x08004c1c   0x08004c1c   0x00000008   Code   RO          330    .text.LL_ADC_REG_IsConversionOngoing  stm32g4xx_hal_adc_ex.o
    0x08004c24   0x08004c24   0x0000000e   Code   RO          212    .text.LL_ADC_REG_IsTriggerSourceSWStart  stm32g4xx_hal_adc.o
    0x08004c32   0x08004c32   0x00000002   PAD
    0x08004c34   0x08004c34   0x00000026   Code   RO          250    .text.LL_ADC_REG_SetSequencerRanks  stm32g4xx_hal_adc.o
    0x08004c5a   0x08004c5a   0x00000002   PAD
    0x08004c5c   0x08004c5c   0x00000012   Code   RO          204    .text.LL_ADC_REG_StartConversion  stm32g4xx_hal_adc.o
    0x08004c6e   0x08004c6e   0x00000002   PAD
    0x08004c70   0x08004c70   0x00000022   Code   RO          252    .text.LL_ADC_SetChannelSamplingTime  stm32g4xx_hal_adc.o
    0x08004c92   0x08004c92   0x00000002   PAD
    0x08004c94   0x08004c94   0x00000022   Code   RO          388    .text.LL_ADC_SetChannelSamplingTime  stm32g4xx_hal_adc_ex.o
    0x08004cb6   0x08004cb6   0x00000002   PAD
    0x08004cb8   0x08004cb8   0x0000002a   Code   RO          266    .text.LL_ADC_SetChannelSingleDiff  stm32g4xx_hal_adc.o
    0x08004ce2   0x08004ce2   0x00000002   PAD
    0x08004ce4   0x08004ce4   0x0000002a   Code   RO          402    .text.LL_ADC_SetChannelSingleDiff  stm32g4xx_hal_adc_ex.o
    0x08004d0e   0x08004d0e   0x00000002   PAD
    0x08004d10   0x08004d10   0x0000000c   Code   RO          186    .text.LL_ADC_SetCommonClock  stm32g4xx_hal_adc.o
    0x08004d1c   0x08004d1c   0x0000000c   Code   RO          270    .text.LL_ADC_SetCommonPathInternalCh  stm32g4xx_hal_adc.o
    0x08004d28   0x08004d28   0x0000000c   Code   RO          406    .text.LL_ADC_SetCommonPathInternalCh  stm32g4xx_hal_adc_ex.o
    0x08004d34   0x08004d34   0x00000024   Code   RO          256    .text.LL_ADC_SetOffset  stm32g4xx_hal_adc.o
    0x08004d58   0x08004d58   0x00000024   Code   RO          392    .text.LL_ADC_SetOffset  stm32g4xx_hal_adc_ex.o
    0x08004d7c   0x08004d7c   0x00000010   Code   RO          260    .text.LL_ADC_SetOffsetSaturation  stm32g4xx_hal_adc.o
    0x08004d8c   0x08004d8c   0x00000010   Code   RO          396    .text.LL_ADC_SetOffsetSaturation  stm32g4xx_hal_adc_ex.o
    0x08004d9c   0x08004d9c   0x00000010   Code   RO          258    .text.LL_ADC_SetOffsetSign  stm32g4xx_hal_adc.o
    0x08004dac   0x08004dac   0x00000010   Code   RO          394    .text.LL_ADC_SetOffsetSign  stm32g4xx_hal_adc_ex.o
    0x08004dbc   0x08004dbc   0x0000000e   Code   RO          264    .text.LL_ADC_SetOffsetState  stm32g4xx_hal_adc.o
    0x08004dca   0x08004dca   0x00000002   PAD
    0x08004dcc   0x08004dcc   0x0000000e   Code   RO          400    .text.LL_ADC_SetOffsetState  stm32g4xx_hal_adc_ex.o
    0x08004dda   0x08004dda   0x00000002   PAD
    0x08004ddc   0x08004ddc   0x0000000c   Code   RO          254    .text.LL_ADC_SetSamplingTimeCommonConfig  stm32g4xx_hal_adc.o
    0x08004de8   0x08004de8   0x0000000c   Code   RO          390    .text.LL_ADC_SetSamplingTimeCommonConfig  stm32g4xx_hal_adc_ex.o
    0x08004df4   0x08004df4   0x0000001a   Code   RO          320    .text.LL_ADC_StartCalibration  stm32g4xx_hal_adc_ex.o
    0x08004e0e   0x08004e0e   0x00000002   PAD
    0x08004e10   0x08004e10   0x00000162   Code   RO           43    .text.MX_ADC1_Init  adc.o
    0x08004f72   0x08004f72   0x00000002   PAD
    0x08004f74   0x08004f74   0x0000008c   Code   RO           45    .text.MX_ADC2_Init  adc.o
    0x08005000   0x08005000   0x00000044   Code   RO           64    .text.MX_DMA_Init   dma.o
    0x08005044   0x08005044   0x00000146   Code   RO           25    .text.MX_GPIO_Init  gpio.o
    0x0800518a   0x0800518a   0x00000002   PAD
    0x0800518c   0x0800518c   0x00000184   Code   RO           73    .text.MX_TIM1_Init  tim.o
    0x08005310   0x08005310   0x00000056   Code   RO           77    .text.MX_TIM6_Init  tim.o
    0x08005366   0x08005366   0x00000002   PAD
    0x08005368   0x08005368   0x00000082   Code   RO          104    .text.MX_USART1_UART_Init  usart.o
    0x080053ea   0x080053ea   0x00000002   PAD
    0x080053ec   0x080053ec   0x00000002   Code   RO          131    .text.MemManage_Handler  stm32g4xx_it.o
    0x080053ee   0x080053ee   0x00000002   PAD
    0x080053f0   0x080053f0   0x00000002   Code   RO          127    .text.NMI_Handler   stm32g4xx_it.o
    0x080053f2   0x080053f2   0x00000002   PAD
    0x080053f4   0x080053f4   0x0000002c   Code   RO          947    .text.NVIC_EncodePriority  stm32g4xx_hal_cortex.o
    0x08005420   0x08005420   0x0000000a   Code   RO         1930    .text.OLED_CLS      oled_i2c.o
    0x0800542a   0x0800542a   0x00000002   PAD
    0x0800542c   0x0800542c   0x0000003c   Code   RO         1926    .text.OLED_Fill     oled_i2c.o
    0x08005468   0x08005468   0x0000004c   Code   RO         1928    .text.OLED_Fill_block  oled_i2c.o
    0x080054b4   0x080054b4   0x00000020   Code   RO         1890    .text.OLED_IIC_Init  iic_oled.o
    0x080054d4   0x080054d4   0x0000005e   Code   RO         1902    .text.OLED_IIC_Send_Byte  iic_oled.o
    0x08005532   0x08005532   0x00000002   PAD
    0x08005534   0x08005534   0x00000034   Code   RO         1892    .text.OLED_IIC_Start  iic_oled.o
    0x08005568   0x08005568   0x00000034   Code   RO         1894    .text.OLED_IIC_Stop  iic_oled.o
    0x0800559c   0x0800559c   0x000000b2   Code   RO         1922    .text.OLED_Init     oled_i2c.o
    0x0800564e   0x0800564e   0x00000002   PAD
    0x08005650   0x08005650   0x00000022   Code   RO         1924    .text.OLED_SetPos   oled_i2c.o
    0x08005672   0x08005672   0x00000002   PAD
    0x08005674   0x08005674   0x00000102   Code   RO         1936    .text.OLED_ShowStr  oled_i2c.o
    0x08005776   0x08005776   0x00000002   PAD
    0x08005778   0x08005778   0x00000022   Code   RO         1904    .text.OLED_WriteOneByte  iic_oled.o
    0x0800579a   0x0800579a   0x00000002   PAD
    0x0800579c   0x0800579c   0x00000148   Code   RO         1789    .text.PLL_control   smo_pll.o
    0x080058e4   0x080058e4   0x00000022   Code   RO         1650    .text.Park_Transf   foc_algorithm.o
    0x08005906   0x08005906   0x00000002   PAD
    0x08005908   0x08005908   0x00000002   Code   RO          141    .text.PendSV_Handler  stm32g4xx_it.o
    0x0800590a   0x0800590a   0x00000002   PAD
    0x0800590c   0x0800590c   0x00000048   Code   RO          526    .text.RCC_GetSysClockFreqFromPLLSource  stm32g4xx_hal_rcc.o
    0x08005954   0x08005954   0x00000022   Code   RO         1652    .text.Rev_Park_Transf  foc_algorithm.o
    0x08005976   0x08005976   0x00000002   PAD
    0x08005978   0x08005978   0x000000f4   Code   RO         1787    .text.SMO_Observer  smo_pll.o
    0x08005a6c   0x08005a6c   0x0000002c   Code   RO         1791    .text.SMO_PLL_Init  smo_pll.o
    0x08005a98   0x08005a98   0x00000002   Code   RO          137    .text.SVC_Handler   stm32g4xx_it.o
    0x08005a9a   0x08005a9a   0x00000002   PAD
    0x08005a9c   0x08005a9c   0x00000220   Code   RO         1646    .text.SVPWM_Calc    foc_algorithm.o
    0x08005cbc   0x08005cbc   0x0000022c   Code   RO         1620    .text.Speed_Pid_Calc  speed_pid.o
    0x08005ee8   0x08005ee8   0x0000002e   Code   RO          963    .text.SysTick_Config  stm32g4xx_hal_cortex.o
    0x08005f16   0x08005f16   0x00000002   PAD
    0x08005f18   0x08005f18   0x00000008   Code   RO          143    .text.SysTick_Handler  stm32g4xx_it.o
    0x08005f20   0x08005f20   0x00000066   Code   RO           13    .text.SystemClock_Config  main.o
    0x08005f86   0x08005f86   0x00000002   PAD
    0x08005f88   0x08005f88   0x00000012   Code   RO         1605    .text.SystemInit    system_stm32g4xx.o
    0x08005f9a   0x08005f9a   0x00000002   PAD
    0x08005f9c   0x08005f9c   0x00000010   Code   RO          153    .text.TIM6_DAC_IRQHandler  stm32g4xx_it.o
    0x08005fac   0x08005fac   0x00000148   Code   RO         1015    .text.TIM_Base_SetConfig  stm32g4xx_hal_tim.o
    0x080060f4   0x080060f4   0x00000024   Code   RO         1049    .text.TIM_CCxChannelCmd  stm32g4xx_hal_tim.o
    0x08006118   0x08006118   0x00000024   Code   RO         1287    .text.TIM_CCxNChannelCmd  stm32g4xx_hal_tim_ex.o
    0x0800613c   0x0800613c   0x00000016   Code   RO         1195    .text.TIM_ETR_SetConfig  stm32g4xx_hal_tim.o
    0x08006152   0x08006152   0x00000002   PAD
    0x08006154   0x08006154   0x00000016   Code   RO         1201    .text.TIM_ITRx_SetConfig  stm32g4xx_hal_tim.o
    0x0800616a   0x0800616a   0x00000002   PAD
    0x0800616c   0x0800616c   0x00000082   Code   RO         1149    .text.TIM_OC1_SetConfig  stm32g4xx_hal_tim.o
    0x080061ee   0x080061ee   0x00000002   PAD
    0x080061f0   0x080061f0   0x0000009e   Code   RO         1151    .text.TIM_OC2_SetConfig  stm32g4xx_hal_tim.o
    0x0800628e   0x0800628e   0x00000002   PAD
    0x08006290   0x08006290   0x0000009e   Code   RO         1153    .text.TIM_OC3_SetConfig  stm32g4xx_hal_tim.o
    0x0800632e   0x0800632e   0x00000002   PAD
    0x08006330   0x08006330   0x0000009e   Code   RO         1155    .text.TIM_OC4_SetConfig  stm32g4xx_hal_tim.o
    0x080063ce   0x080063ce   0x00000002   PAD
    0x080063d0   0x080063d0   0x00000060   Code   RO         1157    .text.TIM_OC5_SetConfig  stm32g4xx_hal_tim.o
    0x08006430   0x08006430   0x00000062   Code   RO         1159    .text.TIM_OC6_SetConfig  stm32g4xx_hal_tim.o
    0x08006492   0x08006492   0x00000002   PAD
    0x08006494   0x08006494   0x000000ca   Code   RO         1011    .text.TIM_ResetCallback  stm32g4xx_hal_tim.o
    0x0800655e   0x0800655e   0x00000002   PAD
    0x08006560   0x08006560   0x00000022   Code   RO         1199    .text.TIM_TI1_ConfigInputStage  stm32g4xx_hal_tim.o
    0x08006582   0x08006582   0x00000002   PAD
    0x08006584   0x08006584   0x00000024   Code   RO         1203    .text.TIM_TI2_ConfigInputStage  stm32g4xx_hal_tim.o
    0x080065a8   0x080065a8   0x00000054   Code   RO         1580    .text.UARTEx_SetNbDataToProcess  stm32g4xx_hal_uart_ex.o
    0x080065fc   0x080065fc   0x000000e6   Code   RO         1415    .text.UART_AdvFeatureConfig  stm32g4xx_hal_uart.o
    0x080066e2   0x080066e2   0x00000002   PAD
    0x080066e4   0x080066e4   0x000000c0   Code   RO         1419    .text.UART_CheckIdleState  stm32g4xx_hal_uart.o
    0x080067a4   0x080067a4   0x00000014   Code   RO         1501    .text.UART_DMAAbortOnError  stm32g4xx_hal_uart.o
    0x080067b8   0x080067b8   0x00000054   Code   RO         1457    .text.UART_DMAError  stm32g4xx_hal_uart.o
    0x0800680c   0x0800680c   0x0000008a   Code   RO         1547    .text.UART_DMAReceiveCplt  stm32g4xx_hal_uart.o
    0x08006896   0x08006896   0x00000002   PAD
    0x08006898   0x08006898   0x00000020   Code   RO         1549    .text.UART_DMARxHalfCplt  stm32g4xx_hal_uart.o
    0x080068b8   0x080068b8   0x0000005a   Code   RO         1471    .text.UART_EndRxTransfer  stm32g4xx_hal_uart.o
    0x08006912   0x08006912   0x00000002   PAD
    0x08006914   0x08006914   0x00000028   Code   RO         1507    .text.UART_EndTransmit_IT  stm32g4xx_hal_uart.o
    0x0800693c   0x0800693c   0x00000030   Code   RO         1469    .text.UART_EndTxTransfer  stm32g4xx_hal_uart.o
    0x0800696c   0x0800696c   0x000002dc   Code   RO         1417    .text.UART_SetConfig  stm32g4xx_hal_uart.o
    0x08006c48   0x08006c48   0x000000a0   Code   RO         1461    .text.UART_Start_Receive_DMA  stm32g4xx_hal_uart.o
    0x08006ce8   0x08006ce8   0x000000c2   Code   RO         1433    .text.UART_WaitOnFlagUntilTimeout  stm32g4xx_hal_uart.o
    0x08006daa   0x08006daa   0x00000002   PAD
    0x08006dac   0x08006dac   0x00000010   Code   RO          149    .text.USART1_IRQHandler  stm32g4xx_it.o
    0x08006dbc   0x08006dbc   0x00000002   Code   RO          135    .text.UsageFault_Handler  stm32g4xx_it.o
    0x08006dbe   0x08006dbe   0x00000002   PAD
    0x08006dc0   0x08006dc0   0x0000000c   Code   RO         1918    .text.WriteCmd      oled_i2c.o
    0x08006dcc   0x08006dcc   0x0000000c   Code   RO         1920    .text.WriteDat      oled_i2c.o
    0x08006dd8   0x08006dd8   0x00000020   Code   RO          951    .text.__NVIC_EnableIRQ  stm32g4xx_hal_cortex.o
    0x08006df8   0x08006df8   0x00000010   Code   RO          943    .text.__NVIC_GetPriorityGrouping  stm32g4xx_hal_cortex.o
    0x08006e08   0x08006e08   0x00000022   Code   RO          945    .text.__NVIC_SetPriority  stm32g4xx_hal_cortex.o
    0x08006e2a   0x08006e2a   0x00000002   PAD
    0x08006e2c   0x08006e2c   0x00000020   Code   RO          939    .text.__NVIC_SetPriorityGrouping  stm32g4xx_hal_cortex.o
    0x08006e4c   0x08006e4c   0x00000098   Code   RO         2515    .text.arm_cos_f32   fastmathfunctions.o
    0x08006ee4   0x08006ee4   0x00000090   Code   RO         2521    .text.arm_sin_f32   fastmathfunctions.o
    0x08006f74   0x08006f74   0x00000016   Code   RO         1870    .text.date_clear    my_usart.o
    0x08006f8a   0x08006f8a   0x00000002   PAD
    0x08006f8c   0x08006f8c   0x00000016   Code   RO         1806    .text.delay_init    delay.o
    0x08006fa2   0x08006fa2   0x00000002   PAD
    0x08006fa4   0x08006fa4   0x0000000e   Code   RO         1810    .text.delay_ms      delay.o
    0x08006fb2   0x08006fb2   0x00000002   PAD
    0x08006fb4   0x08006fb4   0x0000003a   Code   RO         1808    .text.delay_us      delay.o
    0x08006fee   0x08006fee   0x00000002   PAD
    0x08006ff0   0x08006ff0   0x00000008   Code   RO         1849    .text.float_to_byte  vofa.o
    0x08006ff8   0x08006ff8   0x000000ca   Code   RO         1658    .text.foc_algorithm_initialize  foc_algorithm.o
    0x080070c2   0x080070c2   0x00000002   PAD
    0x080070c4   0x080070c4   0x00000290   Code   RO         1656    .text.foc_algorithm_step  foc_algorithm.o
    0x08007354   0x08007354   0x00000094   Code   RO         1692    .text.get_offset    foc_control.o
    0x080073e8   0x080073e8   0x000000ae   Code   RO         1866    .text.head_number_date  my_usart.o
    0x08007496   0x08007496   0x00000002   PAD
    0x08007498   0x08007498   0x00000092   Code   RO         1749    .text.hfi_quare_inject  hfi_square_wave.o
    0x0800752a   0x0800752a   0x00000002   PAD
    0x0800752c   0x0800752c   0x00000144   Code   RO         1751    .text.hfi_square_PLL  hfi_square_wave.o
    0x08007670   0x08007670   0x00000058   Code   RO         1851    .text.justfloat_update  vofa.o
    0x080076c8   0x080076c8   0x000000f2   Code   RO           11    .text.main          main.o
    0x080077ba   0x080077ba   0x00000006   PAD
    0x080077c0   0x080077c0   0x00000554   Code   RO         1696    .text.motor_run     foc_control.o
    0x08007d14   0x08007d14   0x0000002c   Code   RO         1878    .text.my_squre      my_usart.o
    0x08007d40   0x08007d40   0x0000001e   Code   RO         1864    .text.my_strlen     my_usart.o
    0x08007d5e   0x08007d5e   0x00000002   PAD
    0x08007d60   0x08007d60   0x00000080   Code   RO         1872    .text.my_usart_date_float  my_usart.o
    0x08007de0   0x08007de0   0x0000005e   Code   RO         1862    .text.my_usart_date_int  my_usart.o
    0x08007e3e   0x08007e3e   0x00000002   PAD
    0x08007e40   0x08007e40   0x00000028   Code   RO         1785    .text.sign          smo_pll.o
    0x08007e68   0x08007e68   0x0000005e   Code   RO         1622    .text.speed_pid_initialize  speed_pid.o
    0x08007ec6   0x08007ec6   0x00000002   PAD
    0x08007ec8   0x08007ec8   0x000000b2   Code   RO         1839    .text.sys_stm32_clock_init  sys.o
    0x08007f7a   0x08007f7a   0x00000002   PAD
    0x08007f7c   0x08007f7c   0x00000012   Code   RO         1876    .text.text_number   my_usart.o
    0x08007f8e   0x08007f8e   0x00000002   PAD
    0x08007f90   0x08007f90   0x000001dc   Code   RO         1694    .text.usart_down_date  foc_control.o
    0x0800816c   0x0800816c   0x0000000e   Code   RO         3682    i.__scatterload_copy  mc_w.l(handlers.o)
    0x0800817a   0x0800817a   0x00000002   Code   RO         3683    i.__scatterload_null  mc_w.l(handlers.o)
    0x0800817c   0x0800817c   0x0000000e   Code   RO         3684    i.__scatterload_zeroinit  mc_w.l(handlers.o)
    0x0800818a   0x0800818a   0x00000010   Data   RO         1610    .rodata.AHBPrescTable  system_stm32g4xx.o
    0x0800819a   0x0800819a   0x00000008   Data   RO         1611    .rodata.APBPrescTable  system_stm32g4xx.o
    0x080081a2   0x080081a2   0x00000228   Data   RO         1957    .rodata.F6x8        oled_i2c.o
    0x080083ca   0x080083ca   0x000005f0   Data   RO         1958    .rodata.F8X16       oled_i2c.o
    0x080089ba   0x080089ba   0x00000018   Data   RO         1551    .rodata.UARTPrescTable  stm32g4xx_hal_uart.o
    0x080089d2   0x080089d2   0x00000002   PAD
    0x080089d4   0x080089d4   0x00000060   Data   RO         1736    .rodata.cst32       iir_lpf_wrapper.o
    0x08008a34   0x08008a34   0x00000010   Data   RO         1596    .rodata.cst8        stm32g4xx_hal_uart_ex.o
    0x08008a44   0x08008a44   0x00000804   Data   RO         2236    .rodata.sinTable_f32  commontables.o
    0x08009248   0x08009248   0x00000002   Data   RO         1711    .rodata.str1.1      foc_control.o
    0x0800924a   0x0800924a   0x00000002   PAD
    0x0800924c   0x0800924c   0x00000020   Data   RO         3681    Region$$Table       anon$$obj.o


    Execution Region RW_IRAM1 (Exec base: 0x20000000, Load base: 0x08009270, Size: 0x00000b60, Max: 0x00020000, ABSOLUTE)

    Exec Addr    Load Addr    Size         Type   Attr      Idx    E Section Name        Object

    0x20000000   0x08009270   0x00000004   Data   RW           17    .ARM.use_no_argv    main.o
    0x20000004   0x08009274   0x00000004   Data   RW         1660    .data.D_PI_I        foc_algorithm.o
    0x20000008   0x08009278   0x00000004   Data   RW         1661    .data.D_PI_KB       foc_algorithm.o
    0x2000000c   0x0800927c   0x00000004   Data   RW         1662    .data.D_PI_LOW_LIMIT  foc_algorithm.o
    0x20000010   0x08009280   0x00000004   Data   RW         1663    .data.D_PI_P        foc_algorithm.o
    0x20000014   0x08009284   0x00000004   Data   RW         1664    .data.D_PI_UP_LIMIT  foc_algorithm.o
    0x20000018   0x08009288   0x00000004   Data   RW         1795    .data.Gain_h        smo_pll.o
    0x2000001c   0x0800928c   0x00000004   Data   RW         1793    .data.Ld            smo_pll.o
    0x20000020   0x08009290   0x00000004   Data   RW         1665    .data.Q_PI_I        foc_algorithm.o
    0x20000024   0x08009294   0x00000004   Data   RW         1666    .data.Q_PI_KB       foc_algorithm.o
    0x20000028   0x08009298   0x00000004   Data   RW         1667    .data.Q_PI_LOW_LIMIT  foc_algorithm.o
    0x2000002c   0x0800929c   0x00000004   Data   RW         1668    .data.Q_PI_P        foc_algorithm.o
    0x20000030   0x080092a0   0x00000004   Data   RW         1669    .data.Q_PI_UP_LIMIT  foc_algorithm.o
    0x20000034   0x080092a4   0x00000004   Data   RW         1794    .data.RLd           smo_pll.o
    0x20000038   0x080092a8   0x00000004   Data   RW         1624    .data.SPEED_PI_I    speed_pid.o
    0x2000003c   0x080092ac   0x00000004   Data   RW         1626    .data.SPEED_PI_KB   speed_pid.o
    0x20000040   0x080092b0   0x00000004   Data   RW         1627    .data.SPEED_PI_LOW_LIMIT  speed_pid.o
    0x20000044   0x080092b4   0x00000004   Data   RW         1628    .data.SPEED_PI_P    speed_pid.o
    0x20000048   0x080092b8   0x00000004   Data   RW         1630    .data.SPEED_PI_UP_LIMIT  speed_pid.o
    0x2000004c   0x080092bc   0x00000004   Data   RW         1609    .data.SystemCoreClock  system_stm32g4xx.o
    0x20000050   0x080092c0   0x00000004   Data   RW         1853    .data.tail          vofa.o
    0x20000054   0x080092c4   0x00000004   Data   RW          510    .data.uwTickFreq    stm32g4xx_hal.o
    0x20000058   0x080092c8   0x00000004   Data   RW          509    .data.uwTickPrio    stm32g4xx_hal.o
    0x2000005c   0x080092cc   0x00000004   PAD
    0x20000060        -       0x00000004   Zero   RW         1712    .bss.A_offset       foc_control.o
    0x20000064        -       0x00000004   Zero   RW         1713    .bss.B_offset       foc_control.o
    0x20000068        -       0x00000004   Zero   RW         1714    .bss.C_offset       foc_control.o
    0x2000006c        -       0x0000001c   Zero   RW         1679    .bss.Current_D_PID  foc_algorithm.o
    0x20000088        -       0x0000000c   Zero   RW         1674    .bss.Current_Iabc   foc_algorithm.o
    0x20000094        -       0x00000008   Zero   RW         1675    .bss.Current_Ialpha_beta  foc_algorithm.o
    0x2000009c        -       0x00000008   Zero   RW         1677    .bss.Current_Idq    foc_algorithm.o
    0x200000a4        -       0x0000001c   Zero   RW         1680    .bss.Current_Q_PID  foc_algorithm.o
    0x200000c0        -       0x00000018   Zero   RW         1773    .bss.DQ_L_Def       hfi_square_wave.o
    0x200000d8        -       0x00000030   Zero   RW         1673    .bss.FOC_Input      foc_algorithm.o
    0x20000108        -       0x00000070   Zero   RW         1682    .bss.FOC_Interface_states  foc_algorithm.o
    0x20000178        -       0x00000028   Zero   RW         1672    .bss.FOC_Output     foc_algorithm.o
    0x200001a0        -       0x00000004   Zero   RW           55    .bss.HAL_RCC_ADC12_CLK_ENABLED  adc.o
    0x200001a4        -       0x00000028   Zero   RW         1737    .bss.HFI_Square_IIR_LPF2  iir_lpf_wrapper.o
    0x200001cc   0x080092cc   0x00000004   PAD
    0x200001d0        -       0x00000008   Zero   RW         1716    .bss.Ia             foc_control.o
    0x200001d8        -       0x00000004   Zero   RW         1719    .bss.Ia_test        foc_control.o
    0x200001dc   0x080092cc   0x00000004   PAD
    0x200001e0        -       0x00000008   Zero   RW         1717    .bss.Ib             foc_control.o
    0x200001e8        -       0x00000004   Zero   RW         1720    .bss.Ib_test        foc_control.o
    0x200001ec   0x080092cc   0x00000004   PAD
    0x200001f0        -       0x00000008   Zero   RW         1718    .bss.Ic             foc_control.o
    0x200001f8        -       0x00000004   Zero   RW         1721    .bss.Ic_test        foc_control.o
    0x200001fc        -       0x00000002   Zero   RW         1775    .bss.Inject_time1   hfi_square_wave.o
    0x200001fe        -       0x00000002   Zero   RW         1776    .bss.Inject_time2   hfi_square_wave.o
    0x20000200        -       0x00000002   Zero   RW         1768    .bss.Inject_time_flag1  hfi_square_wave.o
    0x20000202   0x080092cc   0x00000002   PAD
    0x20000204        -       0x00000004   Zero   RW         1703    .bss.Iq_temp1       foc_control.o
    0x20000208        -       0x00000004   Zero   RW         1704    .bss.Iq_temp2       foc_control.o
    0x2000020c        -       0x00000001   Zero   RW         1705    .bss.Iq_temp2_flag  foc_control.o
    0x2000020d        -       0x00000001   Zero   RW         1707    .bss.Iq_temp3_flag  foc_control.o
    0x2000020e        -       0x00000001   Zero   RW         1706    .bss.Iq_temp_flag   foc_control.o
    0x2000020f   0x080092cc   0x00000001   PAD
    0x20000210        -       0x00000010   Zero   RW         1774    .bss.NS_D_H_def     hfi_square_wave.o
    0x20000220        -       0x00000004   Zero   RW         1766    .bss.NS_Sum1        hfi_square_wave.o
    0x20000224        -       0x00000004   Zero   RW         1767    .bss.NS_Sum2        hfi_square_wave.o
    0x20000228        -       0x00000004   Zero   RW         1765    .bss.NS_cnt         hfi_square_wave.o
    0x2000022c        -       0x00000001   Zero   RW         1764    .bss.NS_flag        hfi_square_wave.o
    0x2000022d   0x080092cc   0x00000003   PAD
    0x20000230        -       0x00000004   Zero   RW         1763    .bss.NS_theta       hfi_square_wave.o
    0x20000234        -       0x00000004   Zero   RW         1762    .bss.Ns_sum_theta   hfi_square_wave.o
    0x20000238        -       0x0000000f   Zero   RW         1710    .bss.OLED_BUFF      foc_control.o
    0x20000247   0x080092cc   0x00000001   PAD
    0x20000248        -       0x00000028   Zero   RW         1740    .bss.PLL_IIR_LPF_PAR  iir_lpf_wrapper.o
    0x20000270        -       0x00000018   Zero   RW         1796    .bss.PLL_def        smo_pll.o
    0x20000288        -       0x00000028   Zero   RW         1738    .bss.SMO_IIR_LPF_PAR_Ealfa  iir_lpf_wrapper.o
    0x200002b0        -       0x00000028   Zero   RW         1739    .bss.SMO_IIR_LPF_PAR_Ebeta  iir_lpf_wrapper.o
    0x200002d8        -       0x00000020   Zero   RW         1797    .bss.SMO_Struct_def  smo_pll.o
    0x200002f8        -       0x00000004   Zero   RW         1634    .bss.Speed_Fdk      speed_pid.o
    0x200002fc        -       0x00000034   Zero   RW         1632    .bss.Speed_Pid      speed_pid.o
    0x20000330        -       0x00000004   Zero   RW         1635    .bss.Speed_Pid_Out  speed_pid.o
    0x20000334        -       0x00000004   Zero   RW         1633    .bss.Speed_Ref      speed_pid.o
    0x20000338        -       0x00000008   Zero   RW         1676    .bss.Transf_Cos_Sin  foc_algorithm.o
    0x20000340        -       0x00000004   Zero   RW         1770    .bss.Uin_inject_ampl  hfi_square_wave.o
    0x20000344        -       0x00000001   Zero   RW         1761    .bss.Uin_inject_flag  hfi_square_wave.o
    0x20000345        -       0x00000001   Zero   RW         1769    .bss.Uin_inject_start_off  hfi_square_wave.o
    0x20000346   0x080092cc   0x00000002   PAD
    0x20000348        -       0x00000004   Zero   RW         1715    .bss.Vbus           foc_control.o
    0x2000034c        -       0x00000008   Zero   RW         1681    .bss.Voltage_Alpha_Beta  foc_algorithm.o
    0x20000354        -       0x00000008   Zero   RW         1678    .bss.Voltage_DQ     foc_algorithm.o
    0x2000035c        -       0x00000004   Zero   RW         1698    .bss.arg_amplitude  foc_control.o
    0x20000360        -       0x00000004   Zero   RW         1631    .bss.error          speed_pid.o
    0x20000364        -       0x00000002   Zero   RW         1702    .bss.funcation_up_date  foc_control.o
    0x20000366   0x080092cc   0x00000002   PAD
    0x20000368        -       0x00000004   Zero   RW         1814    .bss.g_fac_us       delay.o
    0x2000036c        -       0x0000001e   Zero   RW          116    .bss.g_rx_buffer    usart.o
    0x2000038a        -       0x0000001e   Zero   RW          117    .bss.g_usart_rx_buf  usart.o
    0x200003a8        -       0x00000002   Zero   RW          112    .bss.g_usart_rx_sta  usart.o
    0x200003aa        -       0x00000001   Zero   RW         1700    .bss.get_offset_flag  foc_control.o
    0x200003ab        -       0x00000001   Zero   RW         1701    .bss.get_offset_sample_cnt  foc_control.o
    0x200003ac        -       0x0000006c   Zero   RW           53    .bss.hadc1          adc.o
    0x20000418        -       0x0000006c   Zero   RW           54    .bss.hadc2          adc.o
    0x20000484        -       0x00000060   Zero   RW          115    .bss.hdma_usart1_rx  usart.o
    0x200004e4        -       0x00000014   Zero   RW         1772    .bss.hfi_square_PLL_def  hfi_square_wave.o
    0x200004f8        -       0x00000028   Zero   RW         1771    .bss.hfi_square_def  hfi_square_wave.o
    0x20000520        -       0x000000cc   Zero   RW           85    .bss.htim1          tim.o
    0x200005ec        -       0x000000cc   Zero   RW           86    .bss.htim6          tim.o
    0x200006b8        -       0x00000094   Zero   RW          114    .bss.huart1         usart.o
    0x2000074c        -       0x00000001   Zero   RW           31    .bss.key0_flag      gpio.o
    0x2000074d        -       0x00000001   Zero   RW           32    .bss.key1_flag      gpio.o
    0x2000074e        -       0x00000001   Zero   RW           33    .bss.key2_flag      gpio.o
    0x2000074f   0x080092cc   0x00000001   PAD
    0x20000750        -       0x00000002   Zero   RW          113    .bss.rx_number      usart.o
    0x20000752        -       0x00000002   Zero   RW         1709    .bss.speed_err_flag  foc_control.o
    0x20000754        -       0x00000002   Zero   RW         1708    .bss.speed_low_flag  foc_control.o
    0x20000756        -       0x00000001   Zero   RW           87    .bss.time6_cnt      tim.o
    0x20000757   0x080092cc   0x00000001   PAD
    0x20000758        -       0x00000004   Zero   RW          511    .bss.uwTick         stm32g4xx_hal.o
    0x2000075c   0x080092cc   0x00000004   PAD
    0x20000760        -       0x00000400   Zero   RW            1    STACK               startup_stm32g474xx.o


==============================================================================

Image component sizes


      Code (inc. data)   RO Data    RW Data    ZI Data      Debug   Object Name

       928          0          0          0        220      11154   adc.o
         0          0       2052          0          0      10499   commontables.o
        94          0          0          0          4       1682   delay.o
        68          0          0          0          0       3954   dma.o
       296         24          0          0          0       7162   fastmathfunctions.o
      1684         44          0         40        308       7602   foc_algorithm.o
      1988         78          2          0         90       5045   foc_control.o
       578          8          0          0          3       7152   gpio.o
      1038         20          0          0        133       3928   hfi_square_wave.o
       264          0          0          0          0       2296   iic_oled.o
       294          0         96          0        160       1707   iir_lpf_wrapper.o
       354          0          0          4          0       3045   main.o
      1450         26          0          0          0       9124   my_usart.o
       656          0       2072          0          0       8084   oled_i2c.o
       656         20          0         12         56       2522   smo_pll.o
       650         32          0         20         68       2294   speed_pid.o
        36          8        472          0       1024        848   startup_stm32g474xx.o
       168          0          0          8          4       9550   stm32g4xx_hal.o
      3738          0          0          0          0      24309   stm32g4xx_hal_adc.o
      2348          0          0          0          0      21528   stm32g4xx_hal_adc_ex.o
       282          0          0          0          0      11137   stm32g4xx_hal_cortex.o
       938          0          0          0          0       8628   stm32g4xx_hal_dma.o
       478          0          0          0          0       5388   stm32g4xx_hal_gpio.o
        62          0          0          0          0       1620   stm32g4xx_hal_msp.o
       256          0          0          0          0       9279   stm32g4xx_hal_pwr_ex.o
      1946          0          0          0          0       9357   stm32g4xx_hal_rcc.o
       774          0          0          0          0      11080   stm32g4xx_hal_rcc_ex.o
      3466         20          0          0          0      56456   stm32g4xx_hal_tim.o
       750          0          0          0          0      29018   stm32g4xx_hal_tim_ex.o
      2844         62         24          0          0      33429   stm32g4xx_hal_uart.o
       378          0         16          0          0      10298   stm32g4xx_hal_uart_ex.o
       136          0          0          0          0       2747   stm32g4xx_it.o
       178          0          0          0          0       5564   sys.o
        18          0         24          4          0       2769   system_stm32g4xx.o
      1038          0          0          0        409      11744   tim.o
       524          0          0          0        308      10381   usart.o
        96          0          0          4          0       1703   vofa.o

    ----------------------------------------------------------------------
     31756        342       4794         92       2820     364083   Object Totals
         0          0         32          0          0          0   (incl. Generated)
       304          0          4          0         33          0   (incl. Padding)

    ----------------------------------------------------------------------

      Code (inc. data)   RO Data    RW Data    ZI Data      Debug   Library Member Name

         0          0          0          0          0          0   entry.o
         0          0          0          0          0          0   entry10a.o
         0          0          0          0          0          0   entry11a.o
         8          4          0          0          0          0   entry2.o
         4          0          0          0          0          0   entry5.o
         0          0          0          0          0          0   entry7b.o
         0          0          0          0          0          0   entry8b.o
         8          4          0          0          0          0   entry9a.o
        30          0          0          0          0          0   handlers.o
        36          8          0          0          0         68   init.o
         0          0          0          0          0          0   iusefp.o
        30          0          0          0          0         68   llshl.o
        32          0          0          0          0         68   llushr.o
        36          0          0          0          0         68   memcpya.o
        36          0          0          0          0        108   memseta.o
        98          0          0          0          0         92   uldiv.o
        56          0          0          0          0         88   d2f.o
       186          0          0          0          0        176   depilogue.o
        34          0          0          0          0         76   dflti.o
       228          0          0          0          0         96   dmul.o
       110          0          0          0          0        168   fepilogue.o

    ----------------------------------------------------------------------
       934         16          0          0          0       1076   Library Totals
         2          0          0          0          0          0   (incl. Padding)

    ----------------------------------------------------------------------

      Code (inc. data)   RO Data    RW Data    ZI Data      Debug   Library Name

       318         16          0          0          0        472   mc_w.l
       614          0          0          0          0        604   mf_w.l

    ----------------------------------------------------------------------
       934         16          0          0          0       1076   Library Totals

    ----------------------------------------------------------------------

==============================================================================


      Code (inc. data)   RO Data    RW Data    ZI Data      Debug   

     32690        358       4794         92       2820     364215   Grand Totals
     32690        358       4794         92       2820     364215   ELF Image Totals
     32690        358       4794         92          0          0   ROM Totals

==============================================================================

    Total RO  Size (Code + RO Data)                37484 (  36.61kB)
    Total RW  Size (RW Data + ZI Data)              2912 (   2.84kB)
    Total ROM Size (Code + RO Data + RW Data)      37576 (  36.70kB)

==============================================================================

