Component: ARM Compiler 5.06 update 6 (build 750) Tool: armlink [4d35ed]

==============================================================================

Section Cross References

    startup_stm32g431xx.o(RESET) refers to startup_stm32g431xx.o(STACK) for __initial_sp
    startup_stm32g431xx.o(RESET) refers to startup_stm32g431xx.o(.text) for Reset_Handler
    startup_stm32g431xx.o(RESET) refers to stm32g4xx_it.o(i.NMI_Handler) for NMI_Handler
    startup_stm32g431xx.o(RESET) refers to stm32g4xx_it.o(i.HardFault_Handler) for HardFault_Handler
    startup_stm32g431xx.o(RESET) refers to stm32g4xx_it.o(i.MemManage_Handler) for MemManage_Handler
    startup_stm32g431xx.o(RESET) refers to stm32g4xx_it.o(i.BusFault_Handler) for BusFault_Handler
    startup_stm32g431xx.o(RESET) refers to stm32g4xx_it.o(i.UsageFault_Handler) for UsageFault_Handler
    startup_stm32g431xx.o(RESET) refers to stm32g4xx_it.o(i.SVC_Handler) for SVC_Handler
    startup_stm32g431xx.o(RESET) refers to stm32g4xx_it.o(i.DebugMon_Handler) for DebugMon_Handler
    startup_stm32g431xx.o(RESET) refers to stm32g4xx_it.o(i.PendSV_Handler) for PendSV_Handler
    startup_stm32g431xx.o(RESET) refers to stm32g4xx_it.o(i.SysTick_Handler) for SysTick_Handler
    startup_stm32g431xx.o(RESET) refers to stm32g4xx_it.o(i.DMA1_Channel1_IRQHandler) for DMA1_Channel1_IRQHandler
    startup_stm32g431xx.o(RESET) refers to stm32g4xx_it.o(i.ADC1_2_IRQHandler) for ADC1_2_IRQHandler
    startup_stm32g431xx.o(RESET) refers to stm32g4xx_it.o(i.EXTI9_5_IRQHandler) for EXTI9_5_IRQHandler
    startup_stm32g431xx.o(RESET) refers to stm32g4xx_it.o(i.TIM4_IRQHandler) for TIM4_IRQHandler
    startup_stm32g431xx.o(RESET) refers to stm32g4xx_it.o(i.EXTI15_10_IRQHandler) for EXTI15_10_IRQHandler
    startup_stm32g431xx.o(.text) refers to system_stm32g4xx.o(i.SystemInit) for SystemInit
    startup_stm32g431xx.o(.text) refers to entry.o(.ARM.Collect$$$$00000000) for __main
    main.o(i.SystemClock_Config) refers to memseta.o(.text) for __aeabi_memclr4
    main.o(i.SystemClock_Config) refers to stm32g4xx_hal_pwr_ex.o(i.HAL_PWREx_ControlVoltageScaling) for HAL_PWREx_ControlVoltageScaling
    main.o(i.SystemClock_Config) refers to stm32g4xx_hal_rcc.o(i.HAL_RCC_OscConfig) for HAL_RCC_OscConfig
    main.o(i.SystemClock_Config) refers to stm32g4xx_hal_rcc.o(i.HAL_RCC_ClockConfig) for HAL_RCC_ClockConfig
    main.o(i.main) refers to stm32g4xx_hal.o(i.HAL_Init) for HAL_Init
    main.o(i.main) refers to main.o(i.SystemClock_Config) for SystemClock_Config
    main.o(i.main) refers to gpio.o(i.MX_GPIO_Init) for MX_GPIO_Init
    main.o(i.main) refers to dma.o(i.MX_DMA_Init) for MX_DMA_Init
    main.o(i.main) refers to adc.o(i.MX_ADC1_Init) for MX_ADC1_Init
    main.o(i.main) refers to adc.o(i.MX_ADC2_Init) for MX_ADC2_Init
    main.o(i.main) refers to opamp.o(i.MX_OPAMP1_Init) for MX_OPAMP1_Init
    main.o(i.main) refers to opamp.o(i.MX_OPAMP2_Init) for MX_OPAMP2_Init
    main.o(i.main) refers to opamp.o(i.MX_OPAMP3_Init) for MX_OPAMP3_Init
    main.o(i.main) refers to tim.o(i.MX_TIM1_Init) for MX_TIM1_Init
    main.o(i.main) refers to usart.o(i.MX_USART3_UART_Init) for MX_USART3_UART_Init
    main.o(i.main) refers to tim.o(i.MX_TIM4_Init) for MX_TIM4_Init
    main.o(i.main) refers to foc.o(i.Motor_Init) for Motor_Init
    main.o(i.main) refers to f2d.o(.text) for __aeabi_f2d
    main.o(i.main) refers to scurve.o(i.Motor_SCurve_GetOutput) for Motor_SCurve_GetOutput
    main.o(i.main) refers to printfa.o(i.__0printf) for __2printf
    main.o(i.main) refers to encoder.o(.bss) for Encoder
    main.o(i.main) refers to scurve.o(.data) for motor_speed_sCurve
    gpio.o(i.HAL_GPIO_EXTI_Callback) refers to stm32g4xx_hal.o(i.HAL_GetTick) for HAL_GetTick
    gpio.o(i.HAL_GPIO_EXTI_Callback) refers to scurve.o(i.Motor_SCurve_SetTarget) for Motor_SCurve_SetTarget
    gpio.o(i.HAL_GPIO_EXTI_Callback) refers to gpio.o(.data) for .data
    gpio.o(i.HAL_GPIO_EXTI_Callback) refers to encoder.o(.bss) for Encoder
    gpio.o(i.MX_GPIO_Init) refers to memseta.o(.text) for __aeabi_memclr4
    gpio.o(i.MX_GPIO_Init) refers to stm32g4xx_hal_gpio.o(i.HAL_GPIO_Init) for HAL_GPIO_Init
    gpio.o(i.MX_GPIO_Init) refers to stm32g4xx_hal_cortex.o(i.HAL_NVIC_SetPriority) for HAL_NVIC_SetPriority
    gpio.o(i.MX_GPIO_Init) refers to stm32g4xx_hal_cortex.o(i.HAL_NVIC_EnableIRQ) for HAL_NVIC_EnableIRQ
    adc.o(i.HAL_ADCEx_InjectedConvCpltCallback) refers to foc.o(i.Motor_Run) for Motor_Run
    adc.o(i.HAL_ADCEx_InjectedConvCpltCallback) refers to adc.o(.bss) for .bss
    adc.o(i.HAL_ADC_MspDeInit) refers to stm32g4xx_hal_gpio.o(i.HAL_GPIO_DeInit) for HAL_GPIO_DeInit
    adc.o(i.HAL_ADC_MspDeInit) refers to stm32g4xx_hal_dma.o(i.HAL_DMA_DeInit) for HAL_DMA_DeInit
    adc.o(i.HAL_ADC_MspDeInit) refers to adc.o(.data) for .data
    adc.o(i.HAL_ADC_MspInit) refers to memseta.o(.text) for __aeabi_memclr4
    adc.o(i.HAL_ADC_MspInit) refers to stm32g4xx_hal_rcc_ex.o(i.HAL_RCCEx_PeriphCLKConfig) for HAL_RCCEx_PeriphCLKConfig
[...]
    i.HAL_ADCEx_LevelOutOfWindow3Callback    0x0800162e   Section        0  stm32g4xx_hal_adc_ex.o(i.HAL_ADCEx_LevelOutOfWindow3Callback)
    i.HAL_ADCEx_MultiModeConfigChannel       0x08001630   Section        0  stm32g4xx_hal_adc_ex.o(i.HAL_ADCEx_MultiModeConfigChannel)
    i.HAL_ADC_ConfigChannel                  0x08001708   Section        0  stm32g4xx_hal_adc.o(i.HAL_ADC_ConfigChannel)
    i.HAL_ADC_ConvCpltCallback               0x08001b2c   Section        0  stm32g4xx_hal_adc.o(i.HAL_ADC_ConvCpltCallback)
    i.HAL_ADC_ConvHalfCpltCallback           0x08001b2e   Section        0  stm32g4xx_hal_adc.o(i.HAL_ADC_ConvHalfCpltCallback)
    i.HAL_ADC_ErrorCallback                  0x08001b30   Section        0  stm32g4xx_hal_adc.o(i.HAL_ADC_ErrorCallback)
    i.HAL_ADC_IRQHandler                     0x08001b34   Section        0  stm32g4xx_hal_adc.o(i.HAL_ADC_IRQHandler)
    i.HAL_ADC_Init                           0x08001da0   Section        0  stm32g4xx_hal_adc.o(i.HAL_ADC_Init)
    i.HAL_ADC_LevelOutOfWindowCallback       0x08001f94   Section        0  stm32g4xx_hal_adc.o(i.HAL_ADC_LevelOutOfWindowCallback)
    i.HAL_ADC_MspInit                        0x08001f98   Section        0  adc.o(i.HAL_ADC_MspInit)
    i.HAL_ADC_Start_DMA                      0x080020e8   Section        0  stm32g4xx_hal_adc.o(i.HAL_ADC_Start_DMA)
    i.HAL_DMA_IRQHandler                     0x080021d8   Section        0  stm32g4xx_hal_dma.o(i.HAL_DMA_IRQHandler)
    i.HAL_DMA_Init                           0x08002294   Section        0  stm32g4xx_hal_dma.o(i.HAL_DMA_Init)
    i.HAL_DMA_Start_IT                       0x08002354   Section        0  stm32g4xx_hal_dma.o(i.HAL_DMA_Start_IT)
    i.HAL_Delay                              0x080023e0   Section        0  stm32g4xx_hal.o(i.HAL_Delay)
    i.HAL_GPIO_EXTI_Callback                 0x08002404   Section        0  gpio.o(i.HAL_GPIO_EXTI_Callback)
    i.HAL_GPIO_EXTI_IRQHandler               0x080024d8   Section        0  stm32g4xx_hal_gpio.o(i.HAL_GPIO_EXTI_IRQHandler)
    i.HAL_GPIO_Init                          0x080024f0   Section        0  stm32g4xx_hal_gpio.o(i.HAL_GPIO_Init)
    i.HAL_GetTick                            0x08002738   Section        0  stm32g4xx_hal.o(i.HAL_GetTick)
    i.HAL_IncTick                            0x08002744   Section        0  stm32g4xx_hal.o(i.HAL_IncTick)
    i.HAL_Init                               0x08002754   Section        0  stm32g4xx_hal.o(i.HAL_Init)
    i.HAL_InitTick                           0x08002774   Section        0  stm32g4xx_hal.o(i.HAL_InitTick)
    i.HAL_MspInit                            0x080027b8   Section        0  stm32g4xx_hal_msp.o(i.HAL_MspInit)
    i.HAL_NVIC_EnableIRQ                     0x080027e8   Section        0  stm32g4xx_hal_cortex.o(i.HAL_NVIC_EnableIRQ)
    i.HAL_NVIC_SetPriority                   0x08002804   Section        0  stm32g4xx_hal_cortex.o(i.HAL_NVIC_SetPriority)
    i.HAL_NVIC_SetPriorityGrouping           0x08002844   Section        0  stm32g4xx_hal_cortex.o(i.HAL_NVIC_SetPriorityGrouping)
    i.HAL_OPAMP_Init                         0x08002868   Section        0  stm32g4xx_hal_opamp.o(i.HAL_OPAMP_Init)
    i.HAL_OPAMP_MspInit                      0x0800295c   Section        0  opamp.o(i.HAL_OPAMP_MspInit)
    i.HAL_OPAMP_Start                        0x080029f0   Section        0  stm32g4xx_hal_opamp.o(i.HAL_OPAMP_Start)
    i.HAL_PWREx_ControlVoltageScaling        0x08002a1c   Section        0  stm32g4xx_hal_pwr_ex.o(i.HAL_PWREx_ControlVoltageScaling)
    i.HAL_PWREx_DisableUCPDDeadBattery       0x08002ad8   Section        0  stm32g4xx_hal_pwr_ex.o(i.HAL_PWREx_DisableUCPDDeadBattery)
    i.HAL_RCCEx_PeriphCLKConfig              0x08002ae8   Section        0  stm32g4xx_hal_rcc_ex.o(i.HAL_RCCEx_PeriphCLKConfig)
    i.HAL_RCC_ClockConfig                    0x08002d70   Section        0  stm32g4xx_hal_rcc.o(i.HAL_RCC_ClockConfig)
    i.HAL_RCC_GetPCLK1Freq                   0x08002f4c   Section        0  stm32g4xx_hal_rcc.o(i.HAL_RCC_GetPCLK1Freq)
    i.HAL_RCC_GetPCLK2Freq                   0x08002f70   Section        0  stm32g4xx_hal_rcc.o(i.HAL_RCC_GetPCLK2Freq)
    i.HAL_RCC_GetSysClockFreq                0x08002f94   Section        0  stm32g4xx_hal_rcc.o(i.HAL_RCC_GetSysClockFreq)
    i.HAL_RCC_OscConfig                      0x08003004   Section        0  stm32g4xx_hal_rcc.o(i.HAL_RCC_OscConfig)
    i.HAL_SYSTICK_Config                     0x08003408   Section        0  stm32g4xx_hal_cortex.o(i.HAL_SYSTICK_Config)
    i.HAL_TIMEx_Break2Callback               0x08003430   Section        0  stm32g4xx_hal_tim_ex.o(i.HAL_TIMEx_Break2Callback)
    i.HAL_TIMEx_BreakCallback                0x08003432   Section        0  stm32g4xx_hal_tim_ex.o(i.HAL_TIMEx_BreakCallback)
    i.HAL_TIMEx_CommutCallback               0x08003434   Section        0  stm32g4xx_hal_tim_ex.o(i.HAL_TIMEx_CommutCallback)
    i.HAL_TIMEx_ConfigBreakDeadTime          0x08003438   Section        0  stm32g4xx_hal_tim_ex.o(i.HAL_TIMEx_ConfigBreakDeadTime)
    i.HAL_TIMEx_DirectionChangeCallback      0x080034d4   Section        0  stm32g4xx_hal_tim_ex.o(i.HAL_TIMEx_DirectionChangeCallback)
    i.HAL_TIMEx_EncoderIndexCallback         0x080034d6   Section        0  stm32g4xx_hal_tim_ex.o(i.HAL_TIMEx_EncoderIndexCallback)
    i.HAL_TIMEx_IndexErrorCallback           0x080034d8   Section        0  stm32g4xx_hal_tim_ex.o(i.HAL_TIMEx_IndexErrorCallback)
    i.HAL_TIMEx_MasterConfigSynchronization  0x080034dc   Section        0  stm32g4xx_hal_tim_ex.o(i.HAL_TIMEx_MasterConfigSynchronization)
    i.HAL_TIMEx_PWMN_Start                   0x08003578   Section        0  stm32g4xx_hal_tim_ex.o(i.HAL_TIMEx_PWMN_Start)
    i.HAL_TIMEx_TransitionErrorCallback      0x08003630   Section        0  stm32g4xx_hal_tim_ex.o(i.HAL_TIMEx_TransitionErrorCallback)
    i.HAL_TIM_Encoder_Init                   0x08003634   Section        0  stm32g4xx_hal_tim.o(i.HAL_TIM_Encoder_Init)
    i.HAL_TIM_Encoder_MspInit                0x080036dc   Section        0  tim.o(i.HAL_TIM_Encoder_MspInit)
    i.HAL_TIM_Encoder_Start_IT               0x0800374c   Section        0  stm32g4xx_hal_tim.o(i.HAL_TIM_Encoder_Start_IT)
    i.HAL_TIM_IC_CaptureCallback             0x08003804   Section        0  encoder.o(i.HAL_TIM_IC_CaptureCallback)
    i.HAL_TIM_IRQHandler                     0x08003864   Section        0  stm32g4xx_hal_tim.o(i.HAL_TIM_IRQHandler)
    i.HAL_TIM_MspPostInit                    0x08003a08   Section        0  tim.o(i.HAL_TIM_MspPostInit)
    i.HAL_TIM_OC_DelayElapsedCallback        0x08003a9c   Section        0  stm32g4xx_hal_tim.o(i.HAL_TIM_OC_DelayElapsedCallback)
    i.HAL_TIM_PWM_ConfigChannel              0x08003a9e   Section        0  stm32g4xx_hal_tim.o(i.HAL_TIM_PWM_ConfigChannel)
    i.HAL_TIM_PWM_Init                       0x08003bc2   Section        0  stm32g4xx_hal_tim.o(i.HAL_TIM_PWM_Init)
    i.HAL_TIM_PWM_MspInit                    0x08003c24   Section        0  tim.o(i.HAL_TIM_PWM_MspInit)
    i.HAL_TIM_PWM_PulseFinishedCallback      0x08003c4c   Section        0  stm32g4xx_hal_tim.o(i.HAL_TIM_PWM_PulseFinishedCallback)
    i.HAL_TIM_PWM_Start                      0x08003c50   Section        0  stm32g4xx_hal_tim.o(i.HAL_TIM_PWM_Start)
    i.HAL_TIM_PeriodElapsedCallback          0x08003d4c   Section        0  stm32g4xx_hal_tim.o(i.HAL_TIM_PeriodElapsedCallback)
    i.HAL_TIM_TriggerCallback                0x08003d4e   Section        0  stm32g4xx_hal_tim.o(i.HAL_TIM_TriggerCallback)
    i.HAL_UARTEx_DisableFifoMode             0x08003d50   Section        0  stm32g4xx_hal_uart_ex.o(i.HAL_UARTEx_DisableFifoMode)
    i.HAL_UARTEx_SetRxFifoThreshold          0x08003d8e   Section        0  stm32g4xx_hal_uart_ex.o(i.HAL_UARTEx_SetRxFifoThreshold)
    i.HAL_UARTEx_SetTxFifoThreshold          0x08003dda   Section        0  stm32g4xx_hal_uart_ex.o(i.HAL_UARTEx_SetTxFifoThreshold)
    i.HAL_UART_Init                          0x08003e26   Section        0  stm32g4xx_hal_uart.o(i.HAL_UART_Init)
    i.HAL_UART_MspInit                       0x08003e90   Section        0  usart.o(i.HAL_UART_MspInit)
    i.HAL_UART_Transmit                      0x08003f10   Section        0  stm32g4xx_hal_uart.o(i.HAL_UART_Transmit)
    i.HardFault_Handler                      0x08003fbe   Section        0  stm32g4xx_it.o(i.HardFault_Handler)
    i.LL_ADC_GetOffsetChannel                0x08003fc0   Section        0  stm32g4xx_hal_adc.o(i.LL_ADC_GetOffsetChannel)
    LL_ADC_GetOffsetChannel                  0x08003fc1   Thumb Code    12  stm32g4xx_hal_adc.o(i.LL_ADC_GetOffsetChannel)
    i.LL_ADC_GetOffsetChannel                0x08003fcc   Section        0  stm32g4xx_hal_adc_ex.o(i.LL_ADC_GetOffsetChannel)
    LL_ADC_GetOffsetChannel                  0x08003fcd   Thumb Code    12  stm32g4xx_hal_adc_ex.o(i.LL_ADC_GetOffsetChannel)
    i.LL_ADC_INJ_IsConversionOngoing         0x08003fd8   Section        0  stm32g4xx_hal_adc.o(i.LL_ADC_INJ_IsConversionOngoing)
    LL_ADC_INJ_IsConversionOngoing           0x08003fd9   Thumb Code     8  stm32g4xx_hal_adc.o(i.LL_ADC_INJ_IsConversionOngoing)
    i.LL_ADC_INJ_IsConversionOngoing         0x08003fe0   Section        0  stm32g4xx_hal_adc_ex.o(i.LL_ADC_INJ_IsConversionOngoing)
    LL_ADC_INJ_IsConversionOngoing           0x08003fe1   Thumb Code     8  stm32g4xx_hal_adc_ex.o(i.LL_ADC_INJ_IsConversionOngoing)
    i.LL_ADC_REG_IsConversionOngoing         0x08003fe8   Section        0  stm32g4xx_hal_adc.o(i.LL_ADC_REG_IsConversionOngoing)
    LL_ADC_REG_IsConversionOngoing           0x08003fe9   Thumb Code     8  stm32g4xx_hal_adc.o(i.LL_ADC_REG_IsConversionOngoing)
    i.LL_ADC_REG_IsConversionOngoing         0x08003ff0   Section        0  stm32g4xx_hal_adc_ex.o(i.LL_ADC_REG_IsConversionOngoing)
    LL_ADC_REG_IsConversionOngoing           0x08003ff1   Thumb Code     8  stm32g4xx_hal_adc_ex.o(i.LL_ADC_REG_IsConversionOngoing)
    i.LL_ADC_REG_IsTriggerSourceSWStart      0x08003ff8   Section        0  stm32g4xx_hal_adc.o(i.LL_ADC_REG_IsTriggerSourceSWStart)
    LL_ADC_REG_IsTriggerSourceSWStart        0x08003ff9   Thumb Code    16  stm32g4xx_hal_adc.o(i.LL_ADC_REG_IsTriggerSourceSWStart)
    i.LL_ADC_SetChannelSamplingTime          0x08004008   Section        0  stm32g4xx_hal_adc.o(i.LL_ADC_SetChannelSamplingTime)
    LL_ADC_SetChannelSamplingTime            0x08004009   Thumb Code    30  stm32g4xx_hal_adc.o(i.LL_ADC_SetChannelSamplingTime)
    i.LL_ADC_SetChannelSamplingTime          0x08004026   Section        0  stm32g4xx_hal_adc_ex.o(i.LL_ADC_SetChannelSamplingTime)
    LL_ADC_SetChannelSamplingTime            0x08004027   Thumb Code    30  stm32g4xx_hal_adc_ex.o(i.LL_ADC_SetChannelSamplingTime)
    i.LL_ADC_SetOffsetState                  0x08004044   Section        0  stm32g4xx_hal_adc.o(i.LL_ADC_SetOffsetState)
    LL_ADC_SetOffsetState                    0x08004045   Thumb Code    16  stm32g4xx_hal_adc.o(i.LL_ADC_SetOffsetState)
    i.LL_ADC_SetOffsetState                  0x08004054   Section        0  stm32g4xx_hal_adc_ex.o(i.LL_ADC_SetOffsetState)
    LL_ADC_SetOffsetState                    0x08004055   Thumb Code    16  stm32g4xx_hal_adc_ex.o(i.LL_ADC_SetOffsetState)
    i.MX_ADC1_Init                           0x08004064   Section        0  adc.o(i.MX_ADC1_Init)
    i.MX_ADC2_Init                           0x08004128   Section        0  adc.o(i.MX_ADC2_Init)
    i.MX_DMA_Init                            0x080041e8   Section        0  dma.o(i.MX_DMA_Init)
    i.MX_GPIO_Init                           0x08004224   Section        0  gpio.o(i.MX_GPIO_Init)
    i.MX_OPAMP1_Init                         0x080042d0   Section        0  opamp.o(i.MX_OPAMP1_Init)
    i.MX_OPAMP2_Init                         0x08004304   Section        0  opamp.o(i.MX_OPAMP2_Init)
    i.MX_OPAMP3_Init                         0x08004338   Section        0  opamp.o(i.MX_OPAMP3_Init)
    i.MX_TIM1_Init                           0x0800436c   Section        0  tim.o(i.MX_TIM1_Init)
    i.MX_TIM4_Init                           0x08004458   Section        0  tim.o(i.MX_TIM4_Init)
    i.MX_USART3_UART_Init                    0x080044c4   Section        0  usart.o(i.MX_USART3_UART_Init)
    i.MemManage_Handler                      0x0800452c   Section        0  stm32g4xx_it.o(i.MemManage_Handler)
    i.Motor_Init                             0x08004530   Section        0  foc.o(i.Motor_Init)
    i.Motor_Run                              0x0800460c   Section        0  foc.o(i.Motor_Run)
    i.Motor_SCurve_GetOutput                 0x080047e8   Section        0  scurve.o(i.Motor_SCurve_GetOutput)
    i.Motor_SCurve_Process                   0x080047f4   Section        0  scurve.o(i.Motor_SCurve_Process)
    i.Motor_SCurve_SetParams                 0x08004800   Section        0  scurve.o(i.Motor_SCurve_SetParams)
    i.Motor_SCurve_SetTarget                 0x08004810   Section        0  scurve.o(i.Motor_SCurve_SetTarget)
    i.NMI_Handler                            0x0800484c   Section        0  stm32g4xx_it.o(i.NMI_Handler)
    i.PID_Init                               0x08004850   Section        0  pi.o(i.PID_Init)
    i.Park_Transf                            0x08004900   Section        0  foc.o(i.Park_Transf)
    i.PendSV_Handler                         0x0800491a   Section        0  stm32g4xx_it.o(i.PendSV_Handler)
    i.Rev_Park_Transf                        0x0800491c   Section        0  foc.o(i.Rev_Park_Transf)
    i.SCurveProcess                          0x08004938   Section        0  scurve.o(i.SCurveProcess)
    i.SVC_Handler                            0x08004c44   Section        0  stm32g4xx_it.o(i.SVC_Handler)
    i.SVPWM_Calc                             0x08004c48   Section        0  foc.o(i.SVPWM_Calc)
    i.Speed_PID_Calc                         0x08004dd8   Section        0  pi.o(i.Speed_PID_Calc)
    i.SysTick_Handler                        0x08004e34   Section        0  stm32g4xx_it.o(i.SysTick_Handler)
    i.SysTick_ISR                            0x08004e42   Section        0  foc.o(i.SysTick_ISR)
    i.SystemClock_Config                     0x08004e54   Section        0  main.o(i.SystemClock_Config)
    i.SystemInit                             0x08004ebc   Section        0  system_stm32g4xx.o(i.SystemInit)
    i.TIM4_IRQHandler                        0x08004ecc   Section        0  stm32g4xx_it.o(i.TIM4_IRQHandler)
    i.TIM_Base_SetConfig                     0x08004ed8   Section        0  stm32g4xx_hal_tim.o(i.TIM_Base_SetConfig)
    i.TIM_CCxChannelCmd                      0x08004f94   Section        0  stm32g4xx_hal_tim.o(i.TIM_CCxChannelCmd)
    i.TIM_CCxNChannelCmd                     0x08004fae   Section        0  stm32g4xx_hal_tim_ex.o(i.TIM_CCxNChannelCmd)
    TIM_CCxNChannelCmd                       0x08004faf   Thumb Code    26  stm32g4xx_hal_tim_ex.o(i.TIM_CCxNChannelCmd)
    i.TIM_OC1_SetConfig                      0x08004fc8   Section        0  stm32g4xx_hal_tim.o(i.TIM_OC1_SetConfig)
    TIM_OC1_SetConfig                        0x08004fc9   Thumb Code   132  stm32g4xx_hal_tim.o(i.TIM_OC1_SetConfig)
    i.TIM_OC2_SetConfig                      0x08005064   Section        0  stm32g4xx_hal_tim.o(i.TIM_OC2_SetConfig)
    i.TIM_OC3_SetConfig                      0x080050f4   Section        0  stm32g4xx_hal_tim.o(i.TIM_OC3_SetConfig)
    TIM_OC3_SetConfig                        0x080050f5   Thumb Code   118  stm32g4xx_hal_tim.o(i.TIM_OC3_SetConfig)
    i.TIM_OC4_SetConfig                      0x08005184   Section        0  stm32g4xx_hal_tim.o(i.TIM_OC4_SetConfig)
    TIM_OC4_SetConfig                        0x08005185   Thumb Code   120  stm32g4xx_hal_tim.o(i.TIM_OC4_SetConfig)
    i.TIM_OC5_SetConfig                      0x08005214   Section        0  stm32g4xx_hal_tim.o(i.TIM_OC5_SetConfig)
    TIM_OC5_SetConfig                        0x08005215   Thumb Code    86  stm32g4xx_hal_tim.o(i.TIM_OC5_SetConfig)
    i.TIM_OC6_SetConfig                      0x08005284   Section        0  stm32g4xx_hal_tim.o(i.TIM_OC6_SetConfig)
    TIM_OC6_SetConfig                        0x08005285   Thumb Code    88  stm32g4xx_hal_tim.o(i.TIM_OC6_SetConfig)
    i.UARTEx_SetNbDataToProcess              0x080052f4   Section        0  stm32g4xx_hal_uart_ex.o(i.UARTEx_SetNbDataToProcess)
    UARTEx_SetNbDataToProcess                0x080052f5   Thumb Code    62  stm32g4xx_hal_uart_ex.o(i.UARTEx_SetNbDataToProcess)
    i.UART_AdvFeatureConfig                  0x08005338   Section        0  stm32g4xx_hal_uart.o(i.UART_AdvFeatureConfig)
    i.UART_CheckIdleState                    0x08005400   Section        0  stm32g4xx_hal_uart.o(i.UART_CheckIdleState)
    i.UART_EndRxTransfer                     0x080054ac   Section        0  stm32g4xx_hal_uart.o(i.UART_EndRxTransfer)
    UART_EndRxTransfer                       0x080054ad   Thumb Code    78  stm32g4xx_hal_uart.o(i.UART_EndRxTransfer)
    i.UART_SetConfig                         0x08005500   Section        0  stm32g4xx_hal_uart.o(i.UART_SetConfig)
    i.UART_WaitOnFlagUntilTimeout            0x08005774   Section        0  stm32g4xx_hal_uart.o(i.UART_WaitOnFlagUntilTimeout)
    i.UsageFault_Handler                     0x08005808   Section        0  stm32g4xx_it.o(i.UsageFault_Handler)
    i.__0printf                              0x0800580c   Section        0  printfa.o(i.__0printf)
    i.__ARM_fpclassifyf                      0x0800582c   Section        0  fpclassifyf.o(i.__ARM_fpclassifyf)
    i.__NVIC_SetPriority                     0x08005852   Section        0  stm32g4xx_hal_cortex.o(i.__NVIC_SetPriority)
    __NVIC_SetPriority                       0x08005853   Thumb Code    32  stm32g4xx_hal_cortex.o(i.__NVIC_SetPriority)
    i.__hardfp_cosf                          0x08005874   Section        0  cosf.o(i.__hardfp_cosf)
    i.__hardfp_sinf                          0x080059c4   Section        0  sinf.o(i.__hardfp_sinf)
    i.__mathlib_flt_infnan                   0x08005b54   Section        0  funder.o(i.__mathlib_flt_infnan)
    i.__mathlib_flt_invalid                  0x08005b5c   Section        0  funder.o(i.__mathlib_flt_invalid)
    i.__mathlib_flt_underflow                0x08005b6c   Section        0  funder.o(i.__mathlib_flt_underflow)
    i.__mathlib_rredf2                       0x08005b7c   Section        0  rredf.o(i.__mathlib_rredf2)
    i.__scatterload_copy                     0x08005cd0   Section       14  handlers.o(i.__scatterload_copy)
    i.__scatterload_null                     0x08005cde   Section        2  handlers.o(i.__scatterload_null)
    i.__scatterload_zeroinit                 0x08005ce0   Section       14  handlers.o(i.__scatterload_zeroinit)
    i.__set_errno                            0x08005cf0   Section        0  errno.o(i.__set_errno)
    i._fp_digits                             0x08005cfc   Section        0  printfa.o(i._fp_digits)
    _fp_digits                               0x08005cfd   Thumb Code   366  printfa.o(i._fp_digits)
    i._printf_core                           0x08005e80   Section        0  printfa.o(i._printf_core)
    _printf_core                             0x08005e81   Thumb Code  1744  printfa.o(i._printf_core)
    i._printf_post_padding                   0x0800655c   Section        0  printfa.o(i._printf_post_padding)
    _printf_post_padding                     0x0800655d   Thumb Code    36  printfa.o(i._printf_post_padding)
    i._printf_pre_padding                    0x08006580   Section        0  printfa.o(i._printf_pre_padding)
    _printf_pre_padding                      0x08006581   Thumb Code    46  printfa.o(i._printf_pre_padding)
    i.fputc                                  0x080065b0   Section        0  usart.o(i.fputc)
    i.main                                   0x080065cc   Section        0  main.o(i.main)
    .constdata                               0x08006684   Section       24  stm32g4xx_hal_uart.o(.constdata)
    .constdata                               0x0800669c   Section       16  stm32g4xx_hal_uart_ex.o(.constdata)
    numerator                                0x0800669c   Data           8  stm32g4xx_hal_uart_ex.o(.constdata)
    denominator                              0x080066a4   Data           8  stm32g4xx_hal_uart_ex.o(.constdata)
    .constdata                               0x080066ac   Section       16  system_stm32g4xx.o(.constdata)
    .constdata                               0x080066bc   Section        8  system_stm32g4xx.o(.constdata)
    .constdata                               0x080066c4   Section       32  rredf.o(.constdata)
    twooverpi                                0x080066c4   Data          32  rredf.o(.constdata)
    .data                                    0x20000000   Section        8  gpio.o(.data)
    last_press_time                          0x20000000   Data           4  gpio.o(.data)
    target_speed                             0x20000004   Data           4  gpio.o(.data)
    .data                                    0x20000008   Section        4  adc.o(.data)
    HAL_RCC_ADC12_CLK_ENABLED                0x20000008   Data           4  adc.o(.data)
    .data                                    0x2000000c   Section       12  stm32g4xx_hal.o(.data)
    .data                                    0x20000018   Section        4  system_stm32g4xx.o(.data)
    .data                                    0x2000001c   Section       60  foc.o(.data)
    cnt                                      0x2000001c   Data           1  foc.o(.data)
    ADC_offset                               0x2000001d   Data           1  foc.o(.data)
    IA_Offset                                0x2000001e   Data           2  foc.o(.data)
    IB_Offset                                0x20000020   Data           2  foc.o(.data)
    IC_Offset                                0x20000022   Data           2  foc.o(.data)
    theta                                    0x20000028   Data           4  foc.o(.data)
    .data                                    0x20000058   Section       36  encoder.o(.data)
    i                                        0x20000058   Data           1  encoder.o(.data)
    count                                    0x2000005c   Data           4  encoder.o(.data)
    dir_last                                 0x20000060   Data           4  encoder.o(.data)
    speed_mean                               0x20000064   Data           4  encoder.o(.data)
    cnt                                      0x20000068   Data           4  encoder.o(.data)
    cnt_last                                 0x2000006c   Data           4  encoder.o(.data)
    count                                    0x20000070   Data           4  encoder.o(.data)
    count_last                               0x20000074   Data           4  encoder.o(.data)
    speed_last                               0x20000078   Data           4  encoder.o(.data)
    .data                                    0x2000007c   Section       80  scurve.o(.data)
    .data                                    0x200000cc   Section        4  stdout.o(.data)
    .data                                    0x200000d0   Section        4  errno.o(.data)
    _errno                                   0x200000d0   Data           4  errno.o(.data)
    .bss                                     0x200000d4   Section      312  adc.o(.bss)
    .bss                                     0x2000020c   Section      180  opamp.o(.bss)
    .bss                                     0x200002c0   Section      152  tim.o(.bss)
    .bss                                     0x20000358   Section      148  usart.o(.bss)
    .bss                                     0x200003ec   Section       68  foc.o(.bss)
    .bss                                     0x20000430   Section       96  pi.o(.bss)
    .bss                                     0x20000490   Section       76  encoder.o(.bss)
    speed                                    0x20000490   Data          40  encoder.o(.bss)
    STACK                                    0x200004e0   Section     1024  startup_stm32g431xx.o(STACK)

    Global Symbols

    Symbol Name                              Value     Ov Type        Size  Object(Section)

    BuildAttributes$$THM_ISAv4$E$P$D$K$B$S$7EM$VFPi3$EXTD16$VFPS$VFMA$PE$A:L22UL41UL21$X:L11$S22US41US21$IEEE1$IW$USESV6$~STKCKD$USESV7$~SHL$OTIME$ROPI$IEEEX$EBA8$MICROLIB$REQ8$PRES8$EABIv2 0x00000000   Number         0  anon$$obj.o ABSOLUTE
    __ARM_use_no_argv                        0x00000000   Number         0  main.o ABSOLUTE
    _printf_a                                0x00000000   Number         0  stubs.o ABSOLUTE
    _printf_c                                0x00000000   Number         0  stubs.o ABSOLUTE
    _printf_charcount                        0x00000000   Number         0  stubs.o ABSOLUTE
    _printf_d                                0x00000000   Number         0  stubs.o ABSOLUTE
    _printf_e                                0x00000000   Number         0  stubs.o ABSOLUTE
    _printf_f                                0x00000000   Number         0  stubs.o ABSOLUTE
    _printf_flags                            0x00000000   Number         0  stubs.o ABSOLUTE
    _printf_fp_dec                           0x00000000   Number         0  stubs.o ABSOLUTE
    _printf_fp_hex                           0x00000000   Number         0  stubs.o ABSOLUTE
    _printf_g                                0x00000000   Number         0  stubs.o ABSOLUTE
    _printf_i                                0x00000000   Number         0  stubs.o ABSOLUTE
    _printf_int_dec                          0x00000000   Number         0  stubs.o ABSOLUTE
    _printf_l                                0x00000000   Number         0  stubs.o ABSOLUTE
    _printf_lc                               0x00000000   Number         0  stubs.o ABSOLUTE
    _printf_ll                               0x00000000   Number         0  stubs.o ABSOLUTE
    _printf_lld                              0x00000000   Number         0  stubs.o ABSOLUTE
    _printf_lli                              0x00000000   Number         0  stubs.o ABSOLUTE
    _printf_llo                              0x00000000   Number         0  stubs.o ABSOLUTE
    _printf_llu                              0x00000000   Number         0  stubs.o ABSOLUTE
    _printf_llx                              0x00000000   Number         0  stubs.o ABSOLUTE
    _printf_longlong_dec                     0x00000000   Number         0  stubs.o ABSOLUTE
    _printf_longlong_hex                     0x00000000   Number         0  stubs.o ABSOLUTE
    _printf_longlong_oct                     0x00000000   Number         0  stubs.o ABSOLUTE
    _printf_ls                               0x00000000   Number         0  stubs.o ABSOLUTE
    _printf_mbtowc                           0x00000000   Number         0  stubs.o ABSOLUTE
    _printf_n                                0x00000000   Number         0  stubs.o ABSOLUTE
    _printf_o                                0x00000000   Number         0  stubs.o ABSOLUTE
    _printf_p                                0x00000000   Number         0  stubs.o ABSOLUTE
    _printf_percent                          0x00000000   Number         0  stubs.o ABSOLUTE
    _printf_pre_padding                      0x00000000   Number         0  stubs.o ABSOLUTE
    _printf_return_value                     0x00000000   Number         0  stubs.o ABSOLUTE
    _printf_s                                0x00000000   Number         0  stubs.o ABSOLUTE
    _printf_sizespec                         0x00000000   Number         0  stubs.o ABSOLUTE
    _printf_str                              0x00000000   Number         0  stubs.o ABSOLUTE
    _printf_truncate_signed                  0x00000000   Number         0  stubs.o ABSOLUTE
    _printf_truncate_unsigned                0x00000000   Number         0  stubs.o ABSOLUTE
    _printf_u                                0x00000000   Number         0  stubs.o ABSOLUTE
    _printf_wc                               0x00000000   Number         0  stubs.o ABSOLUTE
    _printf_wctomb                           0x00000000   Number         0  stubs.o ABSOLUTE
    _printf_widthprec                        0x00000000   Number         0  stubs.o ABSOLUTE
    _printf_x                                0x00000000   Number         0  stubs.o ABSOLUTE
    __cpp_initialize__aeabi_                  - Undefined Weak Reference
    __cxa_finalize                            - Undefined Weak Reference
    __decompress                              - Undefined Weak Reference
    _clock_init                               - Undefined Weak Reference
    _microlib_exit                            - Undefined Weak Reference
    __Vectors_Size                           0x000001d8   Number         0  startup_stm32g431xx.o ABSOLUTE
    __Vectors                                0x08000000   Data           4  startup_stm32g431xx.o(RESET)
    __Vectors_End                            0x080001d8   Data           0  startup_stm32g431xx.o(RESET)
    __main                                   0x080001d9   Thumb Code     0  entry.o(.ARM.Collect$$$$00000000)
    _main_stk                                0x080001d9   Thumb Code     0  entry2.o(.ARM.Collect$$$$00000001)
    _main_scatterload                        0x080001dd   Thumb Code     0  entry5.o(.ARM.Collect$$$$00000004)
    __main_after_scatterload                 0x080001e1   Thumb Code     0  entry5.o(.ARM.Collect$$$$00000004)
    _main_clock                              0x080001e1   Thumb Code     0  entry7b.o(.ARM.Collect$$$$00000008)
    _main_cpp_init                           0x080001e1   Thumb Code     0  entry8b.o(.ARM.Collect$$$$0000000A)
    _main_init                               0x080001e1   Thumb Code     0  entry9a.o(.ARM.Collect$$$$0000000B)
    __rt_final_cpp                           0x080001e9   Thumb Code     0  entry10a.o(.ARM.Collect$$$$0000000D)
    __rt_final_exit                          0x080001e9   Thumb Code     0  entry11a.o(.ARM.Collect$$$$0000000F)
    Reset_Handler                            0x080001ed   Thumb Code     8  startup_stm32g431xx.o(.text)
    COMP1_2_3_IRQHandler                     0x08000207   Thumb Code     0  startup_stm32g431xx.o(.text)
    COMP4_IRQHandler                         0x08000207   Thumb Code     0  startup_stm32g431xx.o(.text)
    CORDIC_IRQHandler                        0x08000207   Thumb Code     0  startup_stm32g431xx.o(.text)
    CRS_IRQHandler                           0x08000207   Thumb Code     0  startup_stm32g431xx.o(.text)
    DMA1_Channel2_IRQHandler                 0x08000207   Thumb Code     0  startup_stm32g431xx.o(.text)
    DMA1_Channel3_IRQHandler                 0x08000207   Thumb Code     0  startup_stm32g431xx.o(.text)
    DMA1_Channel4_IRQHandler                 0x08000207   Thumb Code     0  startup_stm32g431xx.o(.text)
    DMA1_Channel5_IRQHandler                 0x08000207   Thumb Code     0  startup_stm32g431xx.o(.text)
    DMA1_Channel6_IRQHandler                 0x08000207   Thumb Code     0  startup_stm32g431xx.o(.text)
    DMA2_Channel1_IRQHandler                 0x08000207   Thumb Code     0  startup_stm32g431xx.o(.text)
    DMA2_Channel2_IRQHandler                 0x08000207   Thumb Code     0  startup_stm32g431xx.o(.text)
    DMA2_Channel3_IRQHandler                 0x08000207   Thumb Code     0  startup_stm32g431xx.o(.text)
    DMA2_Channel4_IRQHandler                 0x08000207   Thumb Code     0  startup_stm32g431xx.o(.text)
    DMA2_Channel5_IRQHandler                 0x08000207   Thumb Code     0  startup_stm32g431xx.o(.text)
    DMA2_Channel6_IRQHandler                 0x08000207   Thumb Code     0  startup_stm32g431xx.o(.text)
    DMAMUX_OVR_IRQHandler                    0x08000207   Thumb Code     0  startup_stm32g431xx.o(.text)
    EXTI0_IRQHandler                         0x08000207   Thumb Code     0  startup_stm32g431xx.o(.text)
    EXTI1_IRQHandler                         0x08000207   Thumb Code     0  startup_stm32g431xx.o(.text)
    EXTI2_IRQHandler                         0x08000207   Thumb Code     0  startup_stm32g431xx.o(.text)
    EXTI3_IRQHandler                         0x08000207   Thumb Code     0  startup_stm32g431xx.o(.text)
    EXTI4_IRQHandler                         0x08000207   Thumb Code     0  startup_stm32g431xx.o(.text)
    FDCAN1_IT0_IRQHandler                    0x08000207   Thumb Code     0  startup_stm32g431xx.o(.text)
    FDCAN1_IT1_IRQHandler                    0x08000207   Thumb Code     0  startup_stm32g431xx.o(.text)
    FLASH_IRQHandler                         0x08000207   Thumb Code     0  startup_stm32g431xx.o(.text)
    FMAC_IRQHandler                          0x08000207   Thumb Code     0  startup_stm32g431xx.o(.text)
    FPU_IRQHandler                           0x08000207   Thumb Code     0  startup_stm32g431xx.o(.text)
    I2C1_ER_IRQHandler                       0x08000207   Thumb Code     0  startup_stm32g431xx.o(.text)
    I2C1_EV_IRQHandler                       0x08000207   Thumb Code     0  startup_stm32g431xx.o(.text)
    I2C2_ER_IRQHandler                       0x08000207   Thumb Code     0  startup_stm32g431xx.o(.text)
    I2C2_EV_IRQHandler                       0x08000207   Thumb Code     0  startup_stm32g431xx.o(.text)
    I2C3_ER_IRQHandler                       0x08000207   Thumb Code     0  startup_stm32g431xx.o(.text)
    I2C3_EV_IRQHandler                       0x08000207   Thumb Code     0  startup_stm32g431xx.o(.text)
    LPTIM1_IRQHandler                        0x08000207   Thumb Code     0  startup_stm32g431xx.o(.text)
    LPUART1_IRQHandler                       0x08000207   Thumb Code     0  startup_stm32g431xx.o(.text)
    PVD_PVM_IRQHandler                       0x08000207   Thumb Code     0  startup_stm32g431xx.o(.text)
    RCC_IRQHandler                           0x08000207   Thumb Code     0  startup_stm32g431xx.o(.text)
    RNG_IRQHandler                           0x08000207   Thumb Code     0  startup_stm32g431xx.o(.text)
    RTC_Alarm_IRQHandler                     0x08000207   Thumb Code     0  startup_stm32g431xx.o(.text)
    RTC_TAMP_LSECSS_IRQHandler               0x08000207   Thumb Code     0  startup_stm32g431xx.o(.text)
    RTC_WKUP_IRQHandler                      0x08000207   Thumb Code     0  startup_stm32g431xx.o(.text)
    SAI1_IRQHandler                          0x08000207   Thumb Code     0  startup_stm32g431xx.o(.text)
    SPI1_IRQHandler                          0x08000207   Thumb Code     0  startup_stm32g431xx.o(.text)
    SPI2_IRQHandler                          0x08000207   Thumb Code     0  startup_stm32g431xx.o(.text)
    SPI3_IRQHandler                          0x08000207   Thumb Code     0  startup_stm32g431xx.o(.text)
    TIM1_BRK_TIM15_IRQHandler                0x08000207   Thumb Code     0  startup_stm32g431xx.o(.text)
    TIM1_CC_IRQHandler                       0x08000207   Thumb Code     0  startup_stm32g431xx.o(.text)
    TIM1_TRG_COM_TIM17_IRQHandler            0x08000207   Thumb Code     0  startup_stm32g431xx.o(.text)
    TIM1_UP_TIM16_IRQHandler                 0x08000207   Thumb Code     0  startup_stm32g431xx.o(.text)
    TIM2_IRQHandler                          0x08000207   Thumb Code     0  startup_stm32g431xx.o(.text)
    TIM3_IRQHandler                          0x08000207   Thumb Code     0  startup_stm32g431xx.o(.text)
    TIM6_DAC_IRQHandler                      0x08000207   Thumb Code     0  startup_stm32g431xx.o(.text)
    TIM7_IRQHandler                          0x08000207   Thumb Code     0  startup_stm32g431xx.o(.text)
    TIM8_BRK_IRQHandler                      0x08000207   Thumb Code     0  startup_stm32g431xx.o(.text)
    TIM8_CC_IRQHandler                       0x08000207   Thumb Code     0  startup_stm32g431xx.o(.text)
    TIM8_TRG_COM_IRQHandler                  0x08000207   Thumb Code     0  startup_stm32g431xx.o(.text)
    TIM8_UP_IRQHandler                       0x08000207   Thumb Code     0  startup_stm32g431xx.o(.text)
    UART4_IRQHandler                         0x08000207   Thumb Code     0  startup_stm32g431xx.o(.text)
    UCPD1_IRQHandler                         0x08000207   Thumb Code     0  startup_stm32g431xx.o(.text)
    USART1_IRQHandler                        0x08000207   Thumb Code     0  startup_stm32g431xx.o(.text)
    USART2_IRQHandler                        0x08000207   Thumb Code     0  startup_stm32g431xx.o(.text)
    USART3_IRQHandler                        0x08000207   Thumb Code     0  startup_stm32g431xx.o(.text)
    USBWakeUp_IRQHandler                     0x08000207   Thumb Code     0  startup_stm32g431xx.o(.text)
    USB_HP_IRQHandler                        0x08000207   Thumb Code     0  startup_stm32g431xx.o(.text)
    USB_LP_IRQHandler                        0x08000207   Thumb Code     0  startup_stm32g431xx.o(.text)
    WWDG_IRQHandler                          0x08000207   Thumb Code     0  startup_stm32g431xx.o(.text)
    __aeabi_uldivmod                         0x08000211   Thumb Code    98  uldiv.o(.text)
    __aeabi_memset                           0x08000273   Thumb Code    14  memseta.o(.text)
    __aeabi_memset4                          0x08000273   Thumb Code     0  memseta.o(.text)
    __aeabi_memset8                          0x08000273   Thumb Code     0  memseta.o(.text)
    __aeabi_memclr                           0x08000281   Thumb Code     4  memseta.o(.text)
    __aeabi_memclr4                          0x08000281   Thumb Code     0  memseta.o(.text)
    __aeabi_memclr8                          0x08000281   Thumb Code     0  memseta.o(.text)
    _memset$wrapper                          0x08000285   Thumb Code    18  memseta.o(.text)
    __aeabi_f2d                              0x08000297   Thumb Code    38  f2d.o(.text)
    __aeabi_uidiv                            0x080002bd   Thumb Code     0  uidiv.o(.text)
    __aeabi_uidivmod                         0x080002bd   Thumb Code    44  uidiv.o(.text)
    __aeabi_llsl                             0x080002e9   Thumb Code    30  llshl.o(.text)
    _ll_shift_l                              0x080002e9   Thumb Code     0  llshl.o(.text)
    __aeabi_llsr                             0x08000307   Thumb Code    32  llushr.o(.text)
    _ll_ushift_r                             0x08000307   Thumb Code     0  llushr.o(.text)
    __I$use$fp                               0x08000327   Thumb Code     0  iusefp.o(.text)
    __aeabi_dadd                             0x08000327   Thumb Code   322  dadd.o(.text)
    __aeabi_dsub                             0x08000469   Thumb Code     6  dadd.o(.text)
    __aeabi_drsub                            0x0800046f   Thumb Code     6  dadd.o(.text)
    __aeabi_dmul                             0x08000475   Thumb Code   228  dmul.o(.text)
    __aeabi_ddiv                             0x08000559   Thumb Code   222  ddiv.o(.text)
    __aeabi_d2ulz                            0x08000637   Thumb Code    48  dfixul.o(.text)
    __aeabi_cdrcmple                         0x08000669   Thumb Code    48  cdrcmple.o(.text)
    __scatterload                            0x08000699   Thumb Code    28  init.o(.text)
    __scatterload_rt2                        0x08000699   Thumb Code     0  init.o(.text)
    __aeabi_lasr                             0x080006bd   Thumb Code    36  llsshr.o(.text)
    _ll_sshift_r                             0x080006bd   Thumb Code     0  llsshr.o(.text)
    _double_round                            0x080006e1   Thumb Code    30  depilogue.o(.text)
    _double_epilogue                         0x080006ff   Thumb Code   156  depilogue.o(.text)
    ADC1_2_IRQHandler                        0x0800079d   Thumb Code    18  stm32g4xx_it.o(i.ADC1_2_IRQHandler)
    ADC_DMAConvCplt                          0x080007b9   Thumb Code   104  stm32g4xx_hal_adc.o(i.ADC_DMAConvCplt)
    ADC_DMAError                             0x08000821   Thumb Code    26  stm32g4xx_hal_adc.o(i.ADC_DMAError)
    ADC_DMAHalfConvCplt                      0x0800083b   Thumb Code    10  stm32g4xx_hal_adc.o(i.ADC_DMAHalfConvCplt)
    ADC_Disable                              0x08000845   Thumb Code   106  stm32g4xx_hal_adc.o(i.ADC_Disable)
    ADC_Enable                               0x080008b5   Thumb Code   154  stm32g4xx_hal_adc.o(i.ADC_Enable)
    Angle_To_Cos_Sin                         0x08000961   Thumb Code    38  foc.o(i.Angle_To_Cos_Sin)
    BubbleSort                               0x08000987   Thumb Code    56  encoder.o(i.BubbleSort)
    BusFault_Handler                         0x080009bf   Thumb Code     2  stm32g4xx_it.o(i.BusFault_Handler)
    Clarke_Transf                            0x080009c1   Thumb Code    26  foc.o(i.Clarke_Transf)
    Current_PID_Calc                         0x080009e1   Thumb Code    92  pi.o(i.Current_PID_Calc)
    DMA1_Channel1_IRQHandler                 0x08000a3d   Thumb Code     6  stm32g4xx_it.o(i.DMA1_Channel1_IRQHandler)
    DebugMon_Handler                         0x08000aeb   Thumb Code     2  stm32g4xx_it.o(i.DebugMon_Handler)
    EXTI15_10_IRQHandler                     0x08000aed   Thumb Code    30  stm32g4xx_it.o(i.EXTI15_10_IRQHandler)
    EXTI9_5_IRQHandler                       0x08000b0b   Thumb Code     8  stm32g4xx_it.o(i.EXTI9_5_IRQHandler)
    Encoder_Init                             0x08000b15   Thumb Code    36  encoder.o(i.Encoder_Init)
    Encoder_SpeedCalc                        0x08000b41   Thumb Code   110  encoder.o(i.Encoder_SpeedCalc)
    Encoder_SpeedFilter                      0x08000bcd   Thumb Code   122  encoder.o(i.Encoder_SpeedFilter)
    Encoder_SpeedRamp                        0x08000c55   Thumb Code    98  encoder.o(i.Encoder_SpeedRamp)
    Encoder_ZeroAlignment                    0x08000ccd   Thumb Code   120  encoder.o(i.Encoder_ZeroAlignment)
    Error_Handler                            0x08000d61   Thumb Code     4  main.o(i.Error_Handler)
    FOC_Init                                 0x08000d65   Thumb Code    42  foc.o(i.FOC_Init)
    FOC_Run                                  0x08000d9d   Thumb Code   170  foc.o(i.FOC_Run)
    HAL_ADCEx_Calibration_Start              0x08000e59   Thumb Code   138  stm32g4xx_hal_adc_ex.o(i.HAL_ADCEx_Calibration_Start)
    HAL_ADCEx_EndOfSamplingCallback          0x08000eed   Thumb Code     2  stm32g4xx_hal_adc_ex.o(i.HAL_ADCEx_EndOfSamplingCallback)
    HAL_ADCEx_InjectedConfigChannel          0x08000ef1   Thumb Code  1264  stm32g4xx_hal_adc_ex.o(i.HAL_ADCEx_InjectedConfigChannel)
    HAL_ADCEx_InjectedConvCpltCallback       0x08001409   Thumb Code    12  adc.o(i.HAL_ADCEx_InjectedConvCpltCallback)
    HAL_ADCEx_InjectedQueueOverflowCallback  0x08001419   Thumb Code     2  stm32g4xx_hal_adc_ex.o(i.HAL_ADCEx_InjectedQueueOverflowCallback)
    HAL_ADCEx_InjectedStart                  0x0800141d   Thumb Code   220  stm32g4xx_hal_adc_ex.o(i.HAL_ADCEx_InjectedStart)
    HAL_ADCEx_InjectedStart_IT               0x08001505   Thumb Code   282  stm32g4xx_hal_adc_ex.o(i.HAL_ADCEx_InjectedStart_IT)
    HAL_ADCEx_LevelOutOfWindow2Callback      0x0800162d   Thumb Code     2  stm32g4xx_hal_adc_ex.o(i.HAL_ADCEx_LevelOutOfWindow2Callback)
    HAL_ADCEx_LevelOutOfWindow3Callback      0x0800162f   Thumb Code     2  stm32g4xx_hal_adc_ex.o(i.HAL_ADCEx_LevelOutOfWindow3Callback)
    HAL_ADCEx_MultiModeConfigChannel         0x08001631   Thumb Code   208  stm32g4xx_hal_adc_ex.o(i.HAL_ADCEx_MultiModeConfigChannel)
    HAL_ADC_ConfigChannel                    0x08001709   Thumb Code  1006  stm32g4xx_hal_adc.o(i.HAL_ADC_ConfigChannel)
    HAL_ADC_ConvCpltCallback                 0x08001b2d   Thumb Code     2  stm32g4xx_hal_adc.o(i.HAL_ADC_ConvCpltCallback)
    HAL_ADC_ConvHalfCpltCallback             0x08001b2f   Thumb Code     2  stm32g4xx_hal_adc.o(i.HAL_ADC_ConvHalfCpltCallback)
    HAL_ADC_ErrorCallback                    0x08001b31   Thumb Code     2  stm32g4xx_hal_adc.o(i.HAL_ADC_ErrorCallback)
    HAL_ADC_IRQHandler                       0x08001b35   Thumb Code   612  stm32g4xx_hal_adc.o(i.HAL_ADC_IRQHandler)
    HAL_ADC_Init                             0x08001da1   Thumb Code   466  stm32g4xx_hal_adc.o(i.HAL_ADC_Init)
    HAL_ADC_LevelOutOfWindowCallback         0x08001f95   Thumb Code     2  stm32g4xx_hal_adc.o(i.HAL_ADC_LevelOutOfWindowCallback)
    HAL_ADC_MspInit                          0x08001f99   Thumb Code   310  adc.o(i.HAL_ADC_MspInit)
    HAL_ADC_Start_DMA                        0x080020e9   Thumb Code   214  stm32g4xx_hal_adc.o(i.HAL_ADC_Start_DMA)
    HAL_DMA_IRQHandler                       0x080021d9   Thumb Code   186  stm32g4xx_hal_dma.o(i.HAL_DMA_IRQHandler)
    HAL_DMA_Init                             0x08002295   Thumb Code   178  stm32g4xx_hal_dma.o(i.HAL_DMA_Init)
    HAL_DMA_Start_IT                         0x08002355   Thumb Code   140  stm32g4xx_hal_dma.o(i.HAL_DMA_Start_IT)
    HAL_Delay                                0x080023e1   Thumb Code    32  stm32g4xx_hal.o(i.HAL_Delay)
    HAL_GPIO_EXTI_Callback                   0x08002405   Thumb Code   178  gpio.o(i.HAL_GPIO_EXTI_Callback)
    HAL_GPIO_EXTI_IRQHandler                 0x080024d9   Thumb Code    18  stm32g4xx_hal_gpio.o(i.HAL_GPIO_EXTI_IRQHandler)
    HAL_GPIO_Init                            0x080024f1   Thumb Code   550  stm32g4xx_hal_gpio.o(i.HAL_GPIO_Init)
    HAL_GetTick                              0x08002739   Thumb Code     6  stm32g4xx_hal.o(i.HAL_GetTick)
    HAL_IncTick                              0x08002745   Thumb Code    12  stm32g4xx_hal.o(i.HAL_IncTick)
    HAL_Init                                 0x08002755   Thumb Code    30  stm32g4xx_hal.o(i.HAL_Init)
    HAL_InitTick                             0x08002775   Thumb Code    58  stm32g4xx_hal.o(i.HAL_InitTick)
    HAL_MspInit                              0x080027b9   Thumb Code    42  stm32g4xx_hal_msp.o(i.HAL_MspInit)
    HAL_NVIC_EnableIRQ                       0x080027e9   Thumb Code    26  stm32g4xx_hal_cortex.o(i.HAL_NVIC_EnableIRQ)
    HAL_NVIC_SetPriority                     0x08002805   Thumb Code    60  stm32g4xx_hal_cortex.o(i.HAL_NVIC_SetPriority)
    HAL_NVIC_SetPriorityGrouping             0x08002845   Thumb Code    26  stm32g4xx_hal_cortex.o(i.HAL_NVIC_SetPriorityGrouping)
    HAL_OPAMP_Init                           0x08002869   Thumb Code   236  stm32g4xx_hal_opamp.o(i.HAL_OPAMP_Init)
    HAL_OPAMP_MspInit                        0x0800295d   Thumb Code   134  opamp.o(i.HAL_OPAMP_MspInit)
    HAL_OPAMP_Start                          0x080029f1   Thumb Code    44  stm32g4xx_hal_opamp.o(i.HAL_OPAMP_Start)
    HAL_PWREx_ControlVoltageScaling          0x08002a1d   Thumb Code   174  stm32g4xx_hal_pwr_ex.o(i.HAL_PWREx_ControlVoltageScaling)
    HAL_PWREx_DisableUCPDDeadBattery         0x08002ad9   Thumb Code    12  stm32g4xx_hal_pwr_ex.o(i.HAL_PWREx_DisableUCPDDeadBattery)
    HAL_RCCEx_PeriphCLKConfig                0x08002ae9   Thumb Code   638  stm32g4xx_hal_rcc_ex.o(i.HAL_RCCEx_PeriphCLKConfig)
    HAL_RCC_ClockConfig                      0x08002d71   Thumb Code   444  stm32g4xx_hal_rcc.o(i.HAL_RCC_ClockConfig)
    HAL_RCC_GetPCLK1Freq                     0x08002f4d   Thumb Code    24  stm32g4xx_hal_rcc.o(i.HAL_RCC_GetPCLK1Freq)
    HAL_RCC_GetPCLK2Freq                     0x08002f71   Thumb Code    24  stm32g4xx_hal_rcc.o(i.HAL_RCC_GetPCLK2Freq)
    HAL_RCC_GetSysClockFreq                  0x08002f95   Thumb Code    98  stm32g4xx_hal_rcc.o(i.HAL_RCC_GetSysClockFreq)
    HAL_RCC_OscConfig                        0x08003005   Thumb Code  1028  stm32g4xx_hal_rcc.o(i.HAL_RCC_OscConfig)
    HAL_SYSTICK_Config                       0x08003409   Thumb Code    40  stm32g4xx_hal_cortex.o(i.HAL_SYSTICK_Config)
    HAL_TIMEx_Break2Callback                 0x08003431   Thumb Code     2  stm32g4xx_hal_tim_ex.o(i.HAL_TIMEx_Break2Callback)
    HAL_TIMEx_BreakCallback                  0x08003433   Thumb Code     2  stm32g4xx_hal_tim_ex.o(i.HAL_TIMEx_BreakCallback)
    HAL_TIMEx_CommutCallback                 0x08003435   Thumb Code     2  stm32g4xx_hal_tim_ex.o(i.HAL_TIMEx_CommutCallback)
    HAL_TIMEx_ConfigBreakDeadTime            0x08003439   Thumb Code   148  stm32g4xx_hal_tim_ex.o(i.HAL_TIMEx_ConfigBreakDeadTime)
    HAL_TIMEx_DirectionChangeCallback        0x080034d5   Thumb Code     2  stm32g4xx_hal_tim_ex.o(i.HAL_TIMEx_DirectionChangeCallback)
    HAL_TIMEx_EncoderIndexCallback           0x080034d7   Thumb Code     2  stm32g4xx_hal_tim_ex.o(i.HAL_TIMEx_EncoderIndexCallback)
    HAL_TIMEx_IndexErrorCallback             0x080034d9   Thumb Code     2  stm32g4xx_hal_tim_ex.o(i.HAL_TIMEx_IndexErrorCallback)
    HAL_TIMEx_MasterConfigSynchronization    0x080034dd   Thumb Code   132  stm32g4xx_hal_tim_ex.o(i.HAL_TIMEx_MasterConfigSynchronization)
    HAL_TIMEx_PWMN_Start                     0x08003579   Thumb Code   158  stm32g4xx_hal_tim_ex.o(i.HAL_TIMEx_PWMN_Start)
    HAL_TIMEx_TransitionErrorCallback        0x08003631   Thumb Code     2  stm32g4xx_hal_tim_ex.o(i.HAL_TIMEx_TransitionErrorCallback)
    HAL_TIM_Encoder_Init                     0x08003635   Thumb Code   162  stm32g4xx_hal_tim.o(i.HAL_TIM_Encoder_Init)
    HAL_TIM_Encoder_MspInit                  0x080036dd   Thumb Code   100  tim.o(i.HAL_TIM_Encoder_MspInit)
    HAL_TIM_Encoder_Start_IT                 0x0800374d   Thumb Code   182  stm32g4xx_hal_tim.o(i.HAL_TIM_Encoder_Start_IT)
    HAL_TIM_IC_CaptureCallback               0x08003805   Thumb Code    76  encoder.o(i.HAL_TIM_IC_CaptureCallback)
    HAL_TIM_IRQHandler                       0x08003865   Thumb Code   418  stm32g4xx_hal_tim.o(i.HAL_TIM_IRQHandler)
    HAL_TIM_MspPostInit                      0x08003a09   Thumb Code   136  tim.o(i.HAL_TIM_MspPostInit)
    HAL_TIM_OC_DelayElapsedCallback          0x08003a9d   Thumb Code     2  stm32g4xx_hal_tim.o(i.HAL_TIM_OC_DelayElapsedCallback)
    HAL_TIM_PWM_ConfigChannel                0x08003a9f   Thumb Code   292  stm32g4xx_hal_tim.o(i.HAL_TIM_PWM_ConfigChannel)
    HAL_TIM_PWM_Init                         0x08003bc3   Thumb Code    98  stm32g4xx_hal_tim.o(i.HAL_TIM_PWM_Init)
    HAL_TIM_PWM_MspInit                      0x08003c25   Thumb Code    30  tim.o(i.HAL_TIM_PWM_MspInit)
    HAL_TIM_PWM_PulseFinishedCallback        0x08003c4d   Thumb Code     2  stm32g4xx_hal_tim.o(i.HAL_TIM_PWM_PulseFinishedCallback)
    HAL_TIM_PWM_Start                        0x08003c51   Thumb Code   218  stm32g4xx_hal_tim.o(i.HAL_TIM_PWM_Start)
    HAL_TIM_PeriodElapsedCallback            0x08003d4d   Thumb Code     2  stm32g4xx_hal_tim.o(i.HAL_TIM_PeriodElapsedCallback)
    HAL_TIM_TriggerCallback                  0x08003d4f   Thumb Code     2  stm32g4xx_hal_tim.o(i.HAL_TIM_TriggerCallback)
    HAL_UARTEx_DisableFifoMode               0x08003d51   Thumb Code    62  stm32g4xx_hal_uart_ex.o(i.HAL_UARTEx_DisableFifoMode)
    HAL_UARTEx_SetRxFifoThreshold            0x08003d8f   Thumb Code    76  stm32g4xx_hal_uart_ex.o(i.HAL_UARTEx_SetRxFifoThreshold)
    HAL_UARTEx_SetTxFifoThreshold            0x08003ddb   Thumb Code    76  stm32g4xx_hal_uart_ex.o(i.HAL_UARTEx_SetTxFifoThreshold)
    HAL_UART_Init                            0x08003e27   Thumb Code   106  stm32g4xx_hal_uart.o(i.HAL_UART_Init)
    HAL_UART_MspInit                         0x08003e91   Thumb Code   114  usart.o(i.HAL_UART_MspInit)
    HAL_UART_Transmit                        0x08003f11   Thumb Code   174  stm32g4xx_hal_uart.o(i.HAL_UART_Transmit)
    HardFault_Handler                        0x08003fbf   Thumb Code     2  stm32g4xx_it.o(i.HardFault_Handler)
    MX_ADC1_Init                             0x08004065   Thumb Code   184  adc.o(i.MX_ADC1_Init)
    MX_ADC2_Init                             0x08004129   Thumb Code   176  adc.o(i.MX_ADC2_Init)
    MX_DMA_Init                              0x080041e9   Thumb Code    56  dma.o(i.MX_DMA_Init)
    MX_GPIO_Init                             0x08004225   Thumb Code   158  gpio.o(i.MX_GPIO_Init)
    MX_OPAMP1_Init                           0x080042d1   Thumb Code    42  opamp.o(i.MX_OPAMP1_Init)
    MX_OPAMP2_Init                           0x08004305   Thumb Code    42  opamp.o(i.MX_OPAMP2_Init)
    MX_OPAMP3_Init                           0x08004339   Thumb Code    42  opamp.o(i.MX_OPAMP3_Init)
    MX_TIM1_Init                             0x0800436d   Thumb Code   226  tim.o(i.MX_TIM1_Init)
    MX_TIM4_Init                             0x08004459   Thumb Code   100  tim.o(i.MX_TIM4_Init)
    MX_USART3_UART_Init                      0x080044c5   Thumb Code    92  usart.o(i.MX_USART3_UART_Init)
    MemManage_Handler                        0x0800452d   Thumb Code     2  stm32g4xx_it.o(i.MemManage_Handler)
    Motor_Init                               0x08004531   Thumb Code   180  foc.o(i.Motor_Init)
    Motor_Run                                0x0800460d   Thumb Code   422  foc.o(i.Motor_Run)
    Motor_SCurve_GetOutput                   0x080047e9   Thumb Code     8  scurve.o(i.Motor_SCurve_GetOutput)
    Motor_SCurve_Process                     0x080047f5   Thumb Code     6  scurve.o(i.Motor_SCurve_Process)
    Motor_SCurve_SetParams                   0x08004801   Thumb Code    12  scurve.o(i.Motor_SCurve_SetParams)
    Motor_SCurve_SetTarget                   0x08004811   Thumb Code    38  scurve.o(i.Motor_SCurve_SetTarget)
    NMI_Handler                              0x0800484d   Thumb Code     2  stm32g4xx_it.o(i.NMI_Handler)
    PID_Init                                 0x08004851   Thumb Code   142  pi.o(i.PID_Init)
    Park_Transf                              0x08004901   Thumb Code    26  foc.o(i.Park_Transf)
    PendSV_Handler                           0x0800491b   Thumb Code     2  stm32g4xx_it.o(i.PendSV_Handler)
    Rev_Park_Transf                          0x0800491d   Thumb Code    26  foc.o(i.Rev_Park_Transf)
    SCurveProcess                            0x08004939   Thumb Code   776  scurve.o(i.SCurveProcess)
    SVC_Handler                              0x08004c45   Thumb Code     2  stm32g4xx_it.o(i.SVC_Handler)
    SVPWM_Calc                               0x08004c49   Thumb Code   378  foc.o(i.SVPWM_Calc)
    Speed_PID_Calc                           0x08004dd9   Thumb Code    92  pi.o(i.Speed_PID_Calc)
    SysTick_Handler                          0x08004e35   Thumb Code    14  stm32g4xx_it.o(i.SysTick_Handler)
    SysTick_ISR                              0x08004e43   Thumb Code    18  foc.o(i.SysTick_ISR)
    SystemClock_Config                       0x08004e55   Thumb Code   102  main.o(i.SystemClock_Config)
    SystemInit                               0x08004ebd   Thumb Code    12  system_stm32g4xx.o(i.SystemInit)
    TIM4_IRQHandler                          0x08004ecd   Thumb Code     6  stm32g4xx_it.o(i.TIM4_IRQHandler)
    TIM_Base_SetConfig                       0x08004ed9   Thumb Code   160  stm32g4xx_hal_tim.o(i.TIM_Base_SetConfig)
    TIM_CCxChannelCmd                        0x08004f95   Thumb Code    26  stm32g4xx_hal_tim.o(i.TIM_CCxChannelCmd)
    TIM_OC2_SetConfig                        0x08005065   Thumb Code   120  stm32g4xx_hal_tim.o(i.TIM_OC2_SetConfig)
    UART_AdvFeatureConfig                    0x08005339   Thumb Code   200  stm32g4xx_hal_uart.o(i.UART_AdvFeatureConfig)
    UART_CheckIdleState                      0x08005401   Thumb Code   172  stm32g4xx_hal_uart.o(i.UART_CheckIdleState)
    UART_SetConfig                           0x08005501   Thumb Code   582  stm32g4xx_hal_uart.o(i.UART_SetConfig)
    UART_WaitOnFlagUntilTimeout              0x08005775   Thumb Code   148  stm32g4xx_hal_uart.o(i.UART_WaitOnFlagUntilTimeout)
    UsageFault_Handler                       0x08005809   Thumb Code     2  stm32g4xx_it.o(i.UsageFault_Handler)
    __0printf                                0x0800580d   Thumb Code    22  printfa.o(i.__0printf)
    __1printf                                0x0800580d   Thumb Code     0  printfa.o(i.__0printf)
    __2printf                                0x0800580d   Thumb Code     0  printfa.o(i.__0printf)
    __c89printf                              0x0800580d   Thumb Code     0  printfa.o(i.__0printf)
    printf                                   0x0800580d   Thumb Code     0  printfa.o(i.__0printf)
    __ARM_fpclassifyf                        0x0800582d   Thumb Code    38  fpclassifyf.o(i.__ARM_fpclassifyf)
    __hardfp_cosf                            0x08005875   Thumb Code   280  cosf.o(i.__hardfp_cosf)
    __hardfp_sinf                            0x080059c5   Thumb Code   344  sinf.o(i.__hardfp_sinf)
    __mathlib_flt_infnan                     0x08005b55   Thumb Code     6  funder.o(i.__mathlib_flt_infnan)
    __mathlib_flt_invalid                    0x08005b5d   Thumb Code    10  funder.o(i.__mathlib_flt_invalid)
    __mathlib_flt_underflow                  0x08005b6d   Thumb Code    10  funder.o(i.__mathlib_flt_underflow)
    __mathlib_rredf2                         0x08005b7d   Thumb Code   316  rredf.o(i.__mathlib_rredf2)
    __scatterload_copy                       0x08005cd1   Thumb Code    14  handlers.o(i.__scatterload_copy)
    __scatterload_null                       0x08005cdf   Thumb Code     2  handlers.o(i.__scatterload_null)
    __scatterload_zeroinit                   0x08005ce1   Thumb Code    14  handlers.o(i.__scatterload_zeroinit)
    __set_errno                              0x08005cf1   Thumb Code     6  errno.o(i.__set_errno)
    fputc                                    0x080065b1   Thumb Code    18  usart.o(i.fputc)
    main                                     0x080065cd   Thumb Code   154  main.o(i.main)
    UARTPrescTable                           0x08006684   Data          24  stm32g4xx_hal_uart.o(.constdata)
    AHBPrescTable                            0x080066ac   Data          16  system_stm32g4xx.o(.constdata)
    APBPrescTable                            0x080066bc   Data           8  system_stm32g4xx.o(.constdata)
    Region$$Table$$Base                      0x080066e4   Number         0  anon$$obj.o(Region$$Table)
    Region$$Table$$Limit                     0x08006704   Number         0  anon$$obj.o(Region$$Table)
    uwTickPrio                               0x2000000c   Data           4  stm32g4xx_hal.o(.data)
    uwTickFreq                               0x20000010   Data           4  stm32g4xx_hal.o(.data)
    uwTick                                   0x20000014   Data           4  stm32g4xx_hal.o(.data)
    SystemCoreClock                          0x20000018   Data           4  system_stm32g4xx.o(.data)
    ADC_DMABuff                              0x20000024   Data           2  foc.o(.data)
    power                                    0x2000002c   Data           4  foc.o(.data)
    Transf_Cos_Sin                           0x20000030   Data           8  foc.o(.data)
    Voltage_DQ                               0x20000038   Data           8  foc.o(.data)
    Voltage_Alpha_Beta                       0x20000040   Data           8  foc.o(.data)
    Current_Ialpha_beta                      0x20000048   Data           8  foc.o(.data)
    Current_Idq                              0x20000050   Data           8  foc.o(.data)
    motor_speed_sCurve                       0x2000007c   Data          80  scurve.o(.data)
    __stdout                                 0x200000cc   Data           4  stdout.o(.data)
    hadc1                                    0x200000d4   Data         108  adc.o(.bss)
    hadc2                                    0x20000140   Data         108  adc.o(.bss)
    hdma_adc2                                0x200001ac   Data          96  adc.o(.bss)
    hopamp1                                  0x2000020c   Data          60  opamp.o(.bss)
    hopamp2                                  0x20000248   Data          60  opamp.o(.bss)
    hopamp3                                  0x20000284   Data          60  opamp.o(.bss)
    htim1                                    0x200002c0   Data          76  tim.o(.bss)
    htim4                                    0x2000030c   Data          76  tim.o(.bss)
    huart3                                   0x20000358   Data         148  usart.o(.bss)
    rtX                                      0x200003ec   Data          32  foc.o(.bss)
    rtY                                      0x2000040c   Data          12  foc.o(.bss)
    Current_Iabc                             0x20000418   Data          12  foc.o(.bss)
    I_uvw                                    0x20000424   Data          12  foc.o(.bss)
    Current_D_PID                            0x20000430   Data          24  pi.o(.bss)
    Current_Q_PID                            0x20000448   Data          24  pi.o(.bss)
    Speed_PID                                0x20000460   Data          24  pi.o(.bss)
    Angle_PID                                0x20000478   Data          24  pi.o(.bss)
    Encoder                                  0x200004b8   Data          36  encoder.o(.bss)
    __initial_sp                             0x200008e0   Data           0  startup_stm32g431xx.o(STACK)



==============================================================================

Memory Map of the image

  Image Entry point : 0x080001d9

  Load Region LR_IROM1 (Base: 0x08000000, Size: 0x000067d8, Max: 0x00020000, ABSOLUTE)

    Execution Region ER_IROM1 (Exec base: 0x08000000, Load base: 0x08000000, Size: 0x00006704, Max: 0x00020000, ABSOLUTE)

    Exec Addr    Load Addr    Size         Type   Attr      Idx    E Section Name        Object

    0x08000000   0x08000000   0x000001d8   Data   RO            3    RESET               startup_stm32g431xx.o
    0x080001d8   0x080001d8   0x00000000   Code   RO         4703  * .ARM.Collect$$$$00000000  mc_w.l(entry.o)
    0x080001d8   0x080001d8   0x00000004   Code   RO         4992    .ARM.Collect$$$$00000001  mc_w.l(entry2.o)
    0x080001dc   0x080001dc   0x00000004   Code   RO         4995    .ARM.Collect$$$$00000004  mc_w.l(entry5.o)
    0x080001e0   0x080001e0   0x00000000   Code   RO         4997    .ARM.Collect$$$$00000008  mc_w.l(entry7b.o)
    0x080001e0   0x080001e0   0x00000000   Code   RO         4999    .ARM.Collect$$$$0000000A  mc_w.l(entry8b.o)
    0x080001e0   0x080001e0   0x00000008   Code   RO         5000    .ARM.Collect$$$$0000000B  mc_w.l(entry9a.o)
    0x080001e8   0x080001e8   0x00000000   Code   RO         5002    .ARM.Collect$$$$0000000D  mc_w.l(entry10a.o)
    0x080001e8   0x080001e8   0x00000000   Code   RO         5004    .ARM.Collect$$$$0000000F  mc_w.l(entry11a.o)
    0x080001e8   0x080001e8   0x00000004   Code   RO         4993    .ARM.Collect$$$$00002712  mc_w.l(entry2.o)
    0x080001ec   0x080001ec   0x00000024   Code   RO            4    .text               startup_stm32g431xx.o
    0x08000210   0x08000210   0x00000062   Code   RO         4706    .text               mc_w.l(uldiv.o)
    0x08000272   0x08000272   0x00000024   Code   RO         4708    .text               mc_w.l(memseta.o)
    0x08000296   0x08000296   0x00000026   Code   RO         4971    .text               mf_w.l(f2d.o)
    0x080002bc   0x080002bc   0x0000002c   Code   RO         5007    .text               mc_w.l(uidiv.o)
    0x080002e8   0x080002e8   0x0000001e   Code   RO         5009    .text               mc_w.l(llshl.o)
    0x08000306   0x08000306   0x00000020   Code   RO         5011    .text               mc_w.l(llushr.o)
    0x08000326   0x08000326   0x00000000   Code   RO         5020    .text               mc_w.l(iusefp.o)
    0x08000326   0x08000326   0x0000014e   Code   RO         5021    .text               mf_w.l(dadd.o)
    0x08000474   0x08000474   0x000000e4   Code   RO         5023    .text               mf_w.l(dmul.o)
    0x08000558   0x08000558   0x000000de   Code   RO         5025    .text               mf_w.l(ddiv.o)
    0x08000636   0x08000636   0x00000030   Code   RO         5027    .text               mf_w.l(dfixul.o)
    0x08000666   0x08000666   0x00000002   PAD
    0x08000668   0x08000668   0x00000030   Code   RO         5029    .text               mf_w.l(cdrcmple.o)
    0x08000698   0x08000698   0x00000024   Code   RO         5031    .text               mc_w.l(init.o)
    0x080006bc   0x080006bc   0x00000024   Code   RO         5033    .text               mc_w.l(llsshr.o)
    0x080006e0   0x080006e0   0x000000ba   Code   RO         5035    .text               mf_w.l(depilogue.o)
    0x0800079a   0x0800079a   0x00000002   PAD
    0x0800079c   0x0800079c   0x0000001c   Code   RO          502    i.ADC1_2_IRQHandler  stm32g4xx_it.o
    0x080007b8   0x080007b8   0x00000068   Code   RO          633    i.ADC_DMAConvCplt   stm32g4xx_hal_adc.o
    0x08000820   0x08000820   0x0000001a   Code   RO          634    i.ADC_DMAError      stm32g4xx_hal_adc.o
    0x0800083a   0x0800083a   0x0000000a   Code   RO          635    i.ADC_DMAHalfConvCplt  stm32g4xx_hal_adc.o
    0x08000844   0x08000844   0x00000070   Code   RO          636    i.ADC_Disable       stm32g4xx_hal_adc.o
    0x080008b4   0x080008b4   0x000000ac   Code   RO          637    i.ADC_Enable        stm32g4xx_hal_adc.o
    0x08000960   0x08000960   0x00000026   Code   RO         4413    i.Angle_To_Cos_Sin  foc.o
    0x08000986   0x08000986   0x00000038   Code   RO         4551    i.BubbleSort        encoder.o
    0x080009be   0x080009be   0x00000002   Code   RO          503    i.BusFault_Handler  stm32g4xx_it.o
    0x080009c0   0x080009c0   0x00000020   Code   RO         4414    i.Clarke_Transf     foc.o
    0x080009e0   0x080009e0   0x0000005c   Code   RO         4504    i.Current_PID_Calc  pi.o
    0x08000a3c   0x08000a3c   0x0000000c   Code   RO          504    i.DMA1_Channel1_IRQHandler  stm32g4xx_it.o
    0x08000a48   0x08000a48   0x00000040   Code   RO         1930    i.DMA_CalcDMAMUXChannelBaseAndMask  stm32g4xx_hal_dma.o
    0x08000a88   0x08000a88   0x00000024   Code   RO         1931    i.DMA_CalcDMAMUXRequestGenBaseAndMask  stm32g4xx_hal_dma.o
    0x08000aac   0x08000aac   0x0000003e   Code   RO         1932    i.DMA_SetConfig     stm32g4xx_hal_dma.o
    0x08000aea   0x08000aea   0x00000002   Code   RO          505    i.DebugMon_Handler  stm32g4xx_it.o
    0x08000aec   0x08000aec   0x0000001e   Code   RO          506    i.EXTI15_10_IRQHandler  stm32g4xx_it.o
    0x08000b0a   0x08000b0a   0x00000008   Code   RO          507    i.EXTI9_5_IRQHandler  stm32g4xx_it.o
    0x08000b12   0x08000b12   0x00000002   PAD
    0x08000b14   0x08000b14   0x0000002c   Code   RO         4552    i.Encoder_Init      encoder.o
    0x08000b40   0x08000b40   0x0000008c   Code   RO         4553    i.Encoder_SpeedCalc  encoder.o
    0x08000bcc   0x08000bcc   0x00000088   Code   RO         4554    i.Encoder_SpeedFilter  encoder.o
    0x08000c54   0x08000c54   0x00000078   Code   RO         4555    i.Encoder_SpeedRamp  encoder.o
    0x08000ccc   0x08000ccc   0x00000094   Code   RO         4556    i.Encoder_ZeroAlignment  encoder.o
    0x08000d60   0x08000d60   0x00000004   Code   RO           13    i.Error_Handler     main.o
    0x08000d64   0x08000d64   0x00000038   Code   RO         4415    i.FOC_Init          foc.o
    0x08000d9c   0x08000d9c   0x000000bc   Code   RO         4416    i.FOC_Run           foc.o
    0x08000e58   0x08000e58   0x00000094   Code   RO          870    i.HAL_ADCEx_Calibration_Start  stm32g4xx_hal_adc_ex.o
    0x08000eec   0x08000eec   0x00000002   Code   RO          874    i.HAL_ADCEx_EndOfSamplingCallback  stm32g4xx_hal_adc_ex.o
    0x08000eee   0x08000eee   0x00000002   PAD
    0x08000ef0   0x08000ef0   0x00000518   Code   RO          876    i.HAL_ADCEx_InjectedConfigChannel  stm32g4xx_hal_adc_ex.o
    0x08001408   0x08001408   0x00000010   Code   RO          255    i.HAL_ADCEx_InjectedConvCpltCallback  adc.o
    0x08001418   0x08001418   0x00000002   Code   RO          880    i.HAL_ADCEx_InjectedQueueOverflowCallback  stm32g4xx_hal_adc_ex.o
    0x0800141a   0x0800141a   0x00000002   PAD
    0x0800141c   0x0800141c   0x000000e8   Code   RO          881    i.HAL_ADCEx_InjectedStart  stm32g4xx_hal_adc_ex.o
    0x08001504   0x08001504   0x00000128   Code   RO          882    i.HAL_ADCEx_InjectedStart_IT  stm32g4xx_hal_adc_ex.o
    0x0800162c   0x0800162c   0x00000002   Code   RO          885    i.HAL_ADCEx_LevelOutOfWindow2Callback  stm32g4xx_hal_adc_ex.o
    0x0800162e   0x0800162e   0x00000002   Code   RO          886    i.HAL_ADCEx_LevelOutOfWindow3Callback  stm32g4xx_hal_adc_ex.o
    0x08001630   0x08001630   0x000000d8   Code   RO          887    i.HAL_ADCEx_MultiModeConfigChannel  stm32g4xx_hal_adc_ex.o
    0x08001708   0x08001708   0x00000424   Code   RO          639    i.HAL_ADC_ConfigChannel  stm32g4xx_hal_adc.o
    0x08001b2c   0x08001b2c   0x00000002   Code   RO          640    i.HAL_ADC_ConvCpltCallback  stm32g4xx_hal_adc.o
    0x08001b2e   0x08001b2e   0x00000002   Code   RO          641    i.HAL_ADC_ConvHalfCpltCallback  stm32g4xx_hal_adc.o
    0x08001b30   0x08001b30   0x00000002   Code   RO          643    i.HAL_ADC_ErrorCallback  stm32g4xx_hal_adc.o
    0x08001b32   0x08001b32   0x00000002   PAD
    0x08001b34   0x08001b34   0x0000026c   Code   RO          647    i.HAL_ADC_IRQHandler  stm32g4xx_hal_adc.o
    0x08001da0   0x08001da0   0x000001f4   Code   RO          648    i.HAL_ADC_Init      stm32g4xx_hal_adc.o
    0x08001f94   0x08001f94   0x00000002   Code   RO          649    i.HAL_ADC_LevelOutOfWindowCallback  stm32g4xx_hal_adc.o
    0x08001f96   0x08001f96   0x00000002   PAD
    0x08001f98   0x08001f98   0x00000150   Code   RO          257    i.HAL_ADC_MspInit   adc.o
    0x080020e8   0x080020e8   0x000000f0   Code   RO          656    i.HAL_ADC_Start_DMA  stm32g4xx_hal_adc.o
    0x080021d8   0x080021d8   0x000000ba   Code   RO         1938    i.HAL_DMA_IRQHandler  stm32g4xx_hal_dma.o
    0x08002292   0x08002292   0x00000002   PAD
    0x08002294   0x08002294   0x000000c0   Code   RO         1939    i.HAL_DMA_Init      stm32g4xx_hal_dma.o
    0x08002354   0x08002354   0x0000008c   Code   RO         1943    i.HAL_DMA_Start_IT  stm32g4xx_hal_dma.o
    0x080023e0   0x080023e0   0x00000024   Code   RO         1086    i.HAL_Delay         stm32g4xx_hal.o
    0x08002404   0x08002404   0x000000d4   Code   RO          224    i.HAL_GPIO_EXTI_Callback  gpio.o
    0x080024d8   0x080024d8   0x00000018   Code   RO         1794    i.HAL_GPIO_EXTI_IRQHandler  stm32g4xx_hal_gpio.o
    0x080024f0   0x080024f0   0x00000248   Code   RO         1795    i.HAL_GPIO_Init     stm32g4xx_hal_gpio.o
    0x08002738   0x08002738   0x0000000c   Code   RO         1090    i.HAL_GetTick       stm32g4xx_hal.o
    0x08002744   0x08002744   0x00000010   Code   RO         1096    i.HAL_IncTick       stm32g4xx_hal.o
    0x08002754   0x08002754   0x0000001e   Code   RO         1097    i.HAL_Init          stm32g4xx_hal.o
    0x08002772   0x08002772   0x00000002   PAD
    0x08002774   0x08002774   0x00000044   Code   RO         1098    i.HAL_InitTick      stm32g4xx_hal.o
    0x080027b8   0x080027b8   0x00000030   Code   RO          608    i.HAL_MspInit       stm32g4xx_hal_msp.o
    0x080027e8   0x080027e8   0x0000001a   Code   RO         2444    i.HAL_NVIC_EnableIRQ  stm32g4xx_hal_cortex.o
    0x08002802   0x08002802   0x00000002   PAD
    0x08002804   0x08002804   0x00000040   Code   RO         2450    i.HAL_NVIC_SetPriority  stm32g4xx_hal_cortex.o
    0x08002844   0x08002844   0x00000024   Code   RO         2451    i.HAL_NVIC_SetPriorityGrouping  stm32g4xx_hal_cortex.o
    0x08002868   0x08002868   0x000000f4   Code   RO         2587    i.HAL_OPAMP_Init    stm32g4xx_hal_opamp.o
    0x0800295c   0x0800295c   0x00000094   Code   RO          335    i.HAL_OPAMP_MspInit  opamp.o
    0x080029f0   0x080029f0   0x0000002c   Code   RO         2593    i.HAL_OPAMP_Start   stm32g4xx_hal_opamp.o
    0x08002a1c   0x08002a1c   0x000000bc   Code   RO         2198    i.HAL_PWREx_ControlVoltageScaling  stm32g4xx_hal_pwr_ex.o
    0x08002ad8   0x08002ad8   0x00000010   Code   RO         2210    i.HAL_PWREx_DisableUCPDDeadBattery  stm32g4xx_hal_pwr_ex.o
    0x08002ae8   0x08002ae8   0x00000288   Code   RO         1457    i.HAL_RCCEx_PeriphCLKConfig  stm32g4xx_hal_rcc_ex.o
    0x08002d70   0x08002d70   0x000001dc   Code   RO         1332    i.HAL_RCC_ClockConfig  stm32g4xx_hal_rcc.o
    0x08002f4c   0x08002f4c   0x00000024   Code   RO         1340    i.HAL_RCC_GetPCLK1Freq  stm32g4xx_hal_rcc.o
    0x08002f70   0x08002f70   0x00000024   Code   RO         1341    i.HAL_RCC_GetPCLK2Freq  stm32g4xx_hal_rcc.o
    0x08002f94   0x08002f94   0x00000070   Code   RO         1342    i.HAL_RCC_GetSysClockFreq  stm32g4xx_hal_rcc.o
    0x08003004   0x08003004   0x00000404   Code   RO         1345    i.HAL_RCC_OscConfig  stm32g4xx_hal_rcc.o
    0x08003408   0x08003408   0x00000028   Code   RO         2455    i.HAL_SYSTICK_Config  stm32g4xx_hal_cortex.o
    0x08003430   0x08003430   0x00000002   Code   RO         3408    i.HAL_TIMEx_Break2Callback  stm32g4xx_hal_tim_ex.o
    0x08003432   0x08003432   0x00000002   Code   RO         3409    i.HAL_TIMEx_BreakCallback  stm32g4xx_hal_tim_ex.o
    0x08003434   0x08003434   0x00000002   Code   RO         3410    i.HAL_TIMEx_CommutCallback  stm32g4xx_hal_tim_ex.o
    0x08003436   0x08003436   0x00000002   PAD
    0x08003438   0x08003438   0x0000009c   Code   RO         3413    i.HAL_TIMEx_ConfigBreakDeadTime  stm32g4xx_hal_tim_ex.o
    0x080034d4   0x080034d4   0x00000002   Code   RO         3421    i.HAL_TIMEx_DirectionChangeCallback  stm32g4xx_hal_tim_ex.o
    0x080034d6   0x080034d6   0x00000002   Code   RO         3435    i.HAL_TIMEx_EncoderIndexCallback  stm32g4xx_hal_tim_ex.o
    0x080034d8   0x080034d8   0x00000002   Code   RO         3449    i.HAL_TIMEx_IndexErrorCallback  stm32g4xx_hal_tim_ex.o
    0x080034da   0x080034da   0x00000002   PAD
    0x080034dc   0x080034dc   0x0000009c   Code   RO         3450    i.HAL_TIMEx_MasterConfigSynchronization  stm32g4xx_hal_tim_ex.o
    0x08003578   0x08003578   0x000000b8   Code   RO         3462    i.HAL_TIMEx_PWMN_Start  stm32g4xx_hal_tim_ex.o
    0x08003630   0x08003630   0x00000002   Code   RO         3471    i.HAL_TIMEx_TransitionErrorCallback  stm32g4xx_hal_tim_ex.o
    0x08003632   0x08003632   0x00000002   PAD
    0x08003634   0x08003634   0x000000a8   Code   RO         2715    i.HAL_TIM_Encoder_Init  stm32g4xx_hal_tim.o
    0x080036dc   0x080036dc   0x00000070   Code   RO          389    i.HAL_TIM_Encoder_MspInit  tim.o
    0x0800374c   0x0800374c   0x000000b6   Code   RO         2720    i.HAL_TIM_Encoder_Start_IT  stm32g4xx_hal_tim.o
    0x08003802   0x08003802   0x00000002   PAD
    0x08003804   0x08003804   0x00000060   Code   RO         4557    i.HAL_TIM_IC_CaptureCallback  encoder.o
    0x08003864   0x08003864   0x000001a2   Code   RO         2742    i.HAL_TIM_IRQHandler  stm32g4xx_hal_tim.o
    0x08003a06   0x08003a06   0x00000002   PAD
    0x08003a08   0x08003a08   0x00000094   Code   RO          390    i.HAL_TIM_MspPostInit  tim.o
    0x08003a9c   0x08003a9c   0x00000002   Code   RO         2745    i.HAL_TIM_OC_DelayElapsedCallback  stm32g4xx_hal_tim.o
    0x08003a9e   0x08003a9e   0x00000124   Code   RO         2766    i.HAL_TIM_PWM_ConfigChannel  stm32g4xx_hal_tim.o
    0x08003bc2   0x08003bc2   0x00000062   Code   RO         2769    i.HAL_TIM_PWM_Init  stm32g4xx_hal_tim.o
    0x08003c24   0x08003c24   0x00000028   Code   RO          392    i.HAL_TIM_PWM_MspInit  tim.o
    0x08003c4c   0x08003c4c   0x00000002   Code   RO         2772    i.HAL_TIM_PWM_PulseFinishedCallback  stm32g4xx_hal_tim.o
    0x08003c4e   0x08003c4e   0x00000002   PAD
    0x08003c50   0x08003c50   0x000000fc   Code   RO         2774    i.HAL_TIM_PWM_Start  stm32g4xx_hal_tim.o
    0x08003d4c   0x08003d4c   0x00000002   Code   RO         2780    i.HAL_TIM_PeriodElapsedCallback  stm32g4xx_hal_tim.o
    0x08003d4e   0x08003d4e   0x00000002   Code   RO         2785    i.HAL_TIM_TriggerCallback  stm32g4xx_hal_tim.o
    0x08003d50   0x08003d50   0x0000003e   Code   RO         4257    i.HAL_UARTEx_DisableFifoMode  stm32g4xx_hal_uart_ex.o
    0x08003d8e   0x08003d8e   0x0000004c   Code   RO         4266    i.HAL_UARTEx_SetRxFifoThreshold  stm32g4xx_hal_uart_ex.o
    0x08003dda   0x08003dda   0x0000004c   Code   RO         4267    i.HAL_UARTEx_SetTxFifoThreshold  stm32g4xx_hal_uart_ex.o
    0x08003e26   0x08003e26   0x0000006a   Code   RO         3866    i.HAL_UART_Init     stm32g4xx_hal_uart.o
    0x08003e90   0x08003e90   0x00000080   Code   RO          455    i.HAL_UART_MspInit  usart.o
    0x08003f10   0x08003f10   0x000000ae   Code   RO         3875    i.HAL_UART_Transmit  stm32g4xx_hal_uart.o
    0x08003fbe   0x08003fbe   0x00000002   Code   RO          508    i.HardFault_Handler  stm32g4xx_it.o
    0x08003fc0   0x08003fc0   0x0000000c   Code   RO          662    i.LL_ADC_GetOffsetChannel  stm32g4xx_hal_adc.o
    0x08003fcc   0x08003fcc   0x0000000c   Code   RO          895    i.LL_ADC_GetOffsetChannel  stm32g4xx_hal_adc_ex.o
    0x08003fd8   0x08003fd8   0x00000008   Code   RO          663    i.LL_ADC_INJ_IsConversionOngoing  stm32g4xx_hal_adc.o
    0x08003fe0   0x08003fe0   0x00000008   Code   RO          896    i.LL_ADC_INJ_IsConversionOngoing  stm32g4xx_hal_adc_ex.o
    0x08003fe8   0x08003fe8   0x00000008   Code   RO          664    i.LL_ADC_REG_IsConversionOngoing  stm32g4xx_hal_adc.o
    0x08003ff0   0x08003ff0   0x00000008   Code   RO          897    i.LL_ADC_REG_IsConversionOngoing  stm32g4xx_hal_adc_ex.o
    0x08003ff8   0x08003ff8   0x00000010   Code   RO          665    i.LL_ADC_REG_IsTriggerSourceSWStart  stm32g4xx_hal_adc.o
    0x08004008   0x08004008   0x0000001e   Code   RO          667    i.LL_ADC_SetChannelSamplingTime  stm32g4xx_hal_adc.o
    0x08004026   0x08004026   0x0000001e   Code   RO          898    i.LL_ADC_SetChannelSamplingTime  stm32g4xx_hal_adc_ex.o
    0x08004044   0x08004044   0x00000010   Code   RO          668    i.LL_ADC_SetOffsetState  stm32g4xx_hal_adc.o
    0x08004054   0x08004054   0x00000010   Code   RO          899    i.LL_ADC_SetOffsetState  stm32g4xx_hal_adc_ex.o
    0x08004064   0x08004064   0x000000c4   Code   RO          258    i.MX_ADC1_Init      adc.o
    0x08004128   0x08004128   0x000000c0   Code   RO          259    i.MX_ADC2_Init      adc.o
    0x080041e8   0x080041e8   0x0000003c   Code   RO          310    i.MX_DMA_Init       dma.o
    0x08004224   0x08004224   0x000000ac   Code   RO          225    i.MX_GPIO_Init      gpio.o
    0x080042d0   0x080042d0   0x00000034   Code   RO          336    i.MX_OPAMP1_Init    opamp.o
    0x08004304   0x08004304   0x00000034   Code   RO          337    i.MX_OPAMP2_Init    opamp.o
    0x08004338   0x08004338   0x00000034   Code   RO          338    i.MX_OPAMP3_Init    opamp.o
    0x0800436c   0x0800436c   0x000000ec   Code   RO          393    i.MX_TIM1_Init      tim.o
    0x08004458   0x08004458   0x0000006c   Code   RO          394    i.MX_TIM4_Init      tim.o
    0x080044c4   0x080044c4   0x00000068   Code   RO          456    i.MX_USART3_UART_Init  usart.o
    0x0800452c   0x0800452c   0x00000002   Code   RO          509    i.MemManage_Handler  stm32g4xx_it.o
    0x0800452e   0x0800452e   0x00000002   PAD
    0x08004530   0x08004530   0x000000dc   Code   RO         4417    i.Motor_Init        foc.o
    0x0800460c   0x0800460c   0x000001dc   Code   RO         4418    i.Motor_Run         foc.o
    0x080047e8   0x080047e8   0x0000000c   Code   RO         4618    i.Motor_SCurve_GetOutput  scurve.o
    0x080047f4   0x080047f4   0x0000000c   Code   RO         4619    i.Motor_SCurve_Process  scurve.o
    0x08004800   0x08004800   0x00000010   Code   RO         4620    i.Motor_SCurve_SetParams  scurve.o
    0x08004810   0x08004810   0x0000003c   Code   RO         4621    i.Motor_SCurve_SetTarget  scurve.o
    0x0800484c   0x0800484c   0x00000002   Code   RO          510    i.NMI_Handler       stm32g4xx_it.o
    0x0800484e   0x0800484e   0x00000002   PAD
    0x08004850   0x08004850   0x000000b0   Code   RO         4505    i.PID_Init          pi.o
    0x08004900   0x08004900   0x0000001a   Code   RO         4419    i.Park_Transf       foc.o
    0x0800491a   0x0800491a   0x00000002   Code   RO          511    i.PendSV_Handler    stm32g4xx_it.o
    0x0800491c   0x0800491c   0x0000001a   Code   RO         4420    i.Rev_Park_Transf   foc.o
    0x08004936   0x08004936   0x00000002   PAD
    0x08004938   0x08004938   0x0000030c   Code   RO         4622    i.SCurveProcess     scurve.o
    0x08004c44   0x08004c44   0x00000002   Code   RO          512    i.SVC_Handler       stm32g4xx_it.o
    0x08004c46   0x08004c46   0x00000002   PAD
    0x08004c48   0x08004c48   0x00000190   Code   RO         4421    i.SVPWM_Calc        foc.o
    0x08004dd8   0x08004dd8   0x0000005c   Code   RO         4506    i.Speed_PID_Calc    pi.o
    0x08004e34   0x08004e34   0x0000000e   Code   RO          513    i.SysTick_Handler   stm32g4xx_it.o
    0x08004e42   0x08004e42   0x00000012   Code   RO         4422    i.SysTick_ISR       foc.o
    0x08004e54   0x08004e54   0x00000066   Code   RO           14    i.SystemClock_Config  main.o
    0x08004eba   0x08004eba   0x00000002   PAD
    0x08004ebc   0x08004ebc   0x00000010   Code   RO         4376    i.SystemInit        system_stm32g4xx.o
    0x08004ecc   0x08004ecc   0x0000000c   Code   RO          514    i.TIM4_IRQHandler   stm32g4xx_it.o
    0x08004ed8   0x08004ed8   0x000000bc   Code   RO         2787    i.TIM_Base_SetConfig  stm32g4xx_hal_tim.o
    0x08004f94   0x08004f94   0x0000001a   Code   RO         2788    i.TIM_CCxChannelCmd  stm32g4xx_hal_tim.o
    0x08004fae   0x08004fae   0x0000001a   Code   RO         3474    i.TIM_CCxNChannelCmd  stm32g4xx_hal_tim_ex.o
    0x08004fc8   0x08004fc8   0x0000009c   Code   RO         2800    i.TIM_OC1_SetConfig  stm32g4xx_hal_tim.o
    0x08005064   0x08005064   0x00000090   Code   RO         2801    i.TIM_OC2_SetConfig  stm32g4xx_hal_tim.o
    0x080050f4   0x080050f4   0x00000090   Code   RO         2802    i.TIM_OC3_SetConfig  stm32g4xx_hal_tim.o
    0x08005184   0x08005184   0x00000090   Code   RO         2803    i.TIM_OC4_SetConfig  stm32g4xx_hal_tim.o
    0x08005214   0x08005214   0x00000070   Code   RO         2804    i.TIM_OC5_SetConfig  stm32g4xx_hal_tim.o
    0x08005284   0x08005284   0x00000070   Code   RO         2805    i.TIM_OC6_SetConfig  stm32g4xx_hal_tim.o
    0x080052f4   0x080052f4   0x00000044   Code   RO         4271    i.UARTEx_SetNbDataToProcess  stm32g4xx_hal_uart_ex.o
    0x08005338   0x08005338   0x000000c8   Code   RO         3880    i.UART_AdvFeatureConfig  stm32g4xx_hal_uart.o
    0x08005400   0x08005400   0x000000ac   Code   RO         3881    i.UART_CheckIdleState  stm32g4xx_hal_uart.o
    0x080054ac   0x080054ac   0x00000054   Code   RO         3892    i.UART_EndRxTransfer  stm32g4xx_hal_uart.o
    0x08005500   0x08005500   0x00000274   Code   RO         3898    i.UART_SetConfig    stm32g4xx_hal_uart.o
    0x08005774   0x08005774   0x00000094   Code   RO         3905    i.UART_WaitOnFlagUntilTimeout  stm32g4xx_hal_uart.o
    0x08005808   0x08005808   0x00000002   Code   RO          515    i.UsageFault_Handler  stm32g4xx_it.o
    0x0800580a   0x0800580a   0x00000002   PAD
    0x0800580c   0x0800580c   0x00000020   Code   RO         4943    i.__0printf         mc_w.l(printfa.o)
    0x0800582c   0x0800582c   0x00000026   Code   RO         4973    i.__ARM_fpclassifyf  m_wm.l(fpclassifyf.o)
    0x08005852   0x08005852   0x00000020   Code   RO         2457    i.__NVIC_SetPriority  stm32g4xx_hal_cortex.o
    0x08005872   0x08005872   0x00000002   PAD
    0x08005874   0x08005874   0x00000150   Code   RO         4679    i.__hardfp_cosf     m_wm.l(cosf.o)
    0x080059c4   0x080059c4   0x00000190   Code   RO         4691    i.__hardfp_sinf     m_wm.l(sinf.o)
    0x08005b54   0x08005b54   0x00000006   Code   RO         4976    i.__mathlib_flt_infnan  m_wm.l(funder.o)
    0x08005b5a   0x08005b5a   0x00000002   PAD
    0x08005b5c   0x08005b5c   0x00000010   Code   RO         4978    i.__mathlib_flt_invalid  m_wm.l(funder.o)
    0x08005b6c   0x08005b6c   0x00000010   Code   RO         4981    i.__mathlib_flt_underflow  m_wm.l(funder.o)
    0x08005b7c   0x08005b7c   0x00000154   Code   RO         4989    i.__mathlib_rredf2  m_wm.l(rredf.o)
    0x08005cd0   0x08005cd0   0x0000000e   Code   RO         5039    i.__scatterload_copy  mc_w.l(handlers.o)
    0x08005cde   0x08005cde   0x00000002   Code   RO         5040    i.__scatterload_null  mc_w.l(handlers.o)
    0x08005ce0   0x08005ce0   0x0000000e   Code   RO         5041    i.__scatterload_zeroinit  mc_w.l(handlers.o)
    0x08005cee   0x08005cee   0x00000002   PAD
    0x08005cf0   0x08005cf0   0x0000000c   Code   RO         5015    i.__set_errno       mc_w.l(errno.o)
    0x08005cfc   0x08005cfc   0x00000184   Code   RO         4950    i._fp_digits        mc_w.l(printfa.o)
    0x08005e80   0x08005e80   0x000006dc   Code   RO         4951    i._printf_core      mc_w.l(printfa.o)
    0x0800655c   0x0800655c   0x00000024   Code   RO         4952    i._printf_post_padding  mc_w.l(printfa.o)
    0x08006580   0x08006580   0x0000002e   Code   RO         4953    i._printf_pre_padding  mc_w.l(printfa.o)
    0x080065ae   0x080065ae   0x00000002   PAD
    0x080065b0   0x080065b0   0x0000001c   Code   RO          457    i.fputc             usart.o
    0x080065cc   0x080065cc   0x000000b8   Code   RO           15    i.main              main.o
    0x08006684   0x08006684   0x00000018   Data   RO         3906    .constdata          stm32g4xx_hal_uart.o
    0x0800669c   0x0800669c   0x00000010   Data   RO         4272    .constdata          stm32g4xx_hal_uart_ex.o
    0x080066ac   0x080066ac   0x00000010   Data   RO         4377    .constdata          system_stm32g4xx.o
    0x080066bc   0x080066bc   0x00000008   Data   RO         4378    .constdata          system_stm32g4xx.o
    0x080066c4   0x080066c4   0x00000020   Data   RO         4990    .constdata          m_wm.l(rredf.o)
    0x080066e4   0x080066e4   0x00000020   Data   RO         5037    Region$$Table       anon$$obj.o


    Execution Region RW_IRAM1 (Exec base: 0x20000000, Load base: 0x08006704, Size: 0x000008e0, Max: 0x00008000, ABSOLUTE)

    Exec Addr    Load Addr    Size         Type   Attr      Idx    E Section Name        Object

    0x20000000   0x08006704   0x00000008   Data   RW          226    .data               gpio.o
    0x20000008   0x0800670c   0x00000004   Data   RW          261    .data               adc.o
    0x2000000c   0x08006710   0x0000000c   Data   RW         1117    .data               stm32g4xx_hal.o
    0x20000018   0x0800671c   0x00000004   Data   RW         4379    .data               system_stm32g4xx.o
    0x2000001c   0x08006720   0x0000003c   Data   RW         4424    .data               foc.o
    0x20000058   0x0800675c   0x00000024   Data   RW         4559    .data               encoder.o
    0x2000007c   0x08006780   0x00000050   Data   RW         4623    .data               scurve.o
    0x200000cc   0x080067d0   0x00000004   Data   RW         5006    .data               mc_w.l(stdout.o)
    0x200000d0   0x080067d4   0x00000004   Data   RW         5016    .data               mc_w.l(errno.o)
    0x200000d4        -       0x00000138   Zero   RW          260    .bss                adc.o
    0x2000020c        -       0x000000b4   Zero   RW          339    .bss                opamp.o
    0x200002c0        -       0x00000098   Zero   RW          395    .bss                tim.o
    0x20000358        -       0x00000094   Zero   RW          458    .bss                usart.o
    0x200003ec        -       0x00000044   Zero   RW         4423    .bss                foc.o
    0x20000430        -       0x00000060   Zero   RW         4507    .bss                pi.o
    0x20000490        -       0x0000004c   Zero   RW         4558    .bss                encoder.o
    0x200004dc   0x080067d8   0x00000004   PAD
    0x200004e0        -       0x00000400   Zero   RW            1    STACK               startup_stm32g431xx.o


==============================================================================

Image component sizes


      Code (inc. data)   RO Data    RW Data    ZI Data      Debug   Object Name

       740         58          0          4        312       3505   adc.o
        60          4          0          0          0        818   dma.o
       740        122          0         36         76       5361   encoder.o
      1480        168          0         60         68       8754   foc.o
       384         48          0          8          0       1812   gpio.o
       290         30          0          0          0     689043   main.o
       304         44          0          0        180       2965   opamp.o
       360         34          0          0         96       3133   pi.o
       880         40          0         80          0      21219   scurve.o
        36          8        472          0       1024        836   startup_stm32g431xx.o
       162         24          0         12          0       4353   stm32g4xx_hal.o
      2942        146          0          0          0      83467   stm32g4xx_hal_adc.o
      2278        100          0          0          0      79454   stm32g4xx_hal_adc_ex.o
       198         14          0          0          0      33883   stm32g4xx_hal_cortex.o
       680         30          0          0          0       5099   stm32g4xx_hal_dma.o
       608         40          0          0          0       2323   stm32g4xx_hal_gpio.o
        48          6          0          0          0        874   stm32g4xx_hal_msp.o
       288          8          0          0          0       2479   stm32g4xx_hal_opamp.o
       204         18          0          0          0       1413   stm32g4xx_hal_pwr_ex.o
      1688         92          0          0          0       6292   stm32g4xx_hal_rcc.o
       648         10          0          0          0       1892   stm32g4xx_hal_rcc_ex.o
      2444        216          0          0          0      15625   stm32g4xx_hal_tim.o
       536         58          0          0          0       7851   stm32g4xx_hal_tim_ex.o
      1512         72         24          0          0      26386   stm32g4xx_hal_uart.o
       282          6         16          0          0       3693   stm32g4xx_hal_uart_ex.o
       120         22          0          0          0       6719   stm32g4xx_it.o
        16          4         24          4          0       1139   system_stm32g4xx.o
       644         52          0          0        152       3866   tim.o
       260         36          0          0        148       2322   usart.o

    ----------------------------------------------------------------------
     20874       1510        568        204       2060    1026576   Object Totals
         0          0         32          0          0          0   (incl. Generated)
        42          0          0          0          4          0   (incl. Padding)

    ----------------------------------------------------------------------

      Code (inc. data)   RO Data    RW Data    ZI Data      Debug   Library Member Name

       336         56          0          0          0        136   cosf.o
        38          0          0          0          0        116   fpclassifyf.o
        38         12          0          0          0        348   funder.o
       340         24         32          0          0        160   rredf.o
       400         56          0          0          0        212   sinf.o
         0          0          0          0          0          0   entry.o
         0          0          0          0          0          0   entry10a.o
         0          0          0          0          0          0   entry11a.o
         8          4          0          0          0          0   entry2.o
         4          0          0          0          0          0   entry5.o
         0          0          0          0          0          0   entry7b.o
         0          0          0          0          0          0   entry8b.o
         8          4          0          0          0          0   entry9a.o
        12          6          0          4          0         68   errno.o
        30          0          0          0          0          0   handlers.o
        36          8          0          0          0         68   init.o
         0          0          0          0          0          0   iusefp.o
        30          0          0          0          0         68   llshl.o
        36          0          0          0          0         68   llsshr.o
        32          0          0          0          0         68   llushr.o
        36          0          0          0          0        108   memseta.o
      2258         90          0          0          0        452   printfa.o
         0          0          0          4          0          0   stdout.o
        44          0          0          0          0         80   uidiv.o
        98          0          0          0          0         92   uldiv.o
        48          0          0          0          0         68   cdrcmple.o
       334          0          0          0          0        148   dadd.o
       222          0          0          0          0        100   ddiv.o
       186          0          0          0          0        176   depilogue.o
        48          0          0          0          0         68   dfixul.o
       228          0          0          0          0         96   dmul.o
        38          0          0          0          0         68   f2d.o

    ----------------------------------------------------------------------
      4898        260         32          8          0       2768   Library Totals
        10          0          0          0          0          0   (incl. Padding)

    ----------------------------------------------------------------------

      Code (inc. data)   RO Data    RW Data    ZI Data      Debug   Library Name

      1152        148         32          0          0        972   m_wm.l
      2632        112          0          8          0       1072   mc_w.l
      1104          0          0          0          0        724   mf_w.l

    ----------------------------------------------------------------------
      4898        260         32          8          0       2768   Library Totals

    ----------------------------------------------------------------------

==============================================================================


      Code (inc. data)   RO Data    RW Data    ZI Data      Debug   

     25772       1770        600        212       2060    1013516   Grand Totals
     25772       1770        600        212       2060    1013516   ELF Image Totals
     25772       1770        600        212          0          0   ROM Totals

==============================================================================

    Total RO  Size (Code + RO Data)                26372 (  25.75kB)
    Total RW  Size (RW Data + ZI Data)              2272 (   2.22kB)
    Total ROM Size (Code + RO Data + RW Data)      26584 (  25.96kB)

==============================================================================

