Component: ARM Compiler 5.06 update 6 (build 750) Tool: armlink [4d35ed]

==============================================================================

Section Cross References

    startup_stm32h750xx.o(STACK) refers (Special) to heapauxi.o(.text) for __use_two_region_memory
    startup_stm32h750xx.o(HEAP) refers (Special) to heapauxi.o(.text) for __use_two_region_memory
    startup_stm32h750xx.o(RESET) refers (Special) to heapauxi.o(.text) for __use_two_region_memory
    startup_stm32h750xx.o(RESET) refers to startup_stm32h750xx.o(STACK) for __initial_sp
    startup_stm32h750xx.o(RESET) refers to startup_stm32h750xx.o(.text) for Reset_Handler
    startup_stm32h750xx.o(RESET) refers to stm32h7xx_it.o(i.NMI_Handler) for NMI_Handler
    startup_stm32h750xx.o(RESET) refers to stm32h7xx_it.o(i.HardFault_Handler) for HardFault_Handler
    startup_stm32h750xx.o(RESET) refers to stm32h7xx_it.o(i.MemManage_Handler) for MemManage_Handler
    startup_stm32h750xx.o(RESET) refers to stm32h7xx_it.o(i.BusFault_Handler) for BusFault_Handler
    startup_stm32h750xx.o(RESET) refers to stm32h7xx_it.o(i.UsageFault_Handler) for UsageFault_Handler
    startup_stm32h750xx.o(RESET) refers to stm32h7xx_it.o(i.SVC_Handler) for SVC_Handler
    startup_stm32h750xx.o(RESET) refers to stm32h7xx_it.o(i.DebugMon_Handler) for DebugMon_Handler
    startup_stm32h750xx.o(RESET) refers to stm32h7xx_it.o(i.PendSV_Handler) for PendSV_Handler
    startup_stm32h750xx.o(RESET) refers to stm32h7xx_it.o(i.SysTick_Handler) for SysTick_Handler
    startup_stm32h750xx.o(RESET) refers to stm32h7xx_it.o(i.DMA1_Stream0_IRQHandler) for DMA1_Stream0_IRQHandler
    startup_stm32h750xx.o(RESET) refers to stm32h7xx_it.o(i.FDCAN2_IT0_IRQHandler) for FDCAN2_IT0_IRQHandler
    startup_stm32h750xx.o(RESET) refers to stm32h7xx_it.o(i.FDCAN2_IT1_IRQHandler) for FDCAN2_IT1_IRQHandler
    startup_stm32h750xx.o(RESET) refers to stm32h7xx_it.o(i.USART1_IRQHandler) for USART1_IRQHandler
    startup_stm32h750xx.o(RESET) refers to stm32h7xx_it.o(i.USART3_IRQHandler) for USART3_IRQHandler
    startup_stm32h750xx.o(RESET) refers to stm32h7xx_it.o(i.UART4_IRQHandler) for UART4_IRQHandler
    startup_stm32h750xx.o(RESET) refers to stm32h7xx_it.o(i.UART7_IRQHandler) for UART7_IRQHandler
    startup_stm32h750xx.o(.text) refers (Special) to heapauxi.o(.text) for __use_two_region_memory
    startup_stm32h750xx.o(.text) refers to system_stm32h7xx.o(i.ExitRun0Mode) for ExitRun0Mode
    startup_stm32h750xx.o(.text) refers to system_stm32h7xx.o(i.SystemInit) for SystemInit
    startup_stm32h750xx.o(.text) refers to __main.o(!!!main) for __main
    startup_stm32h750xx.o(.text) refers to startup_stm32h750xx.o(HEAP) for Heap_Mem
    startup_stm32h750xx.o(.text) refers to startup_stm32h750xx.o(STACK) for Stack_Mem
    main.o(i.SystemClock_Config) refers to rt_memclr_w.o(.text) for __aeabi_memclr4
    main.o(i.SystemClock_Config) refers to stm32h7xx_hal_pwr_ex.o(i.HAL_PWREx_ConfigSupply) for HAL_PWREx_ConfigSupply
    main.o(i.SystemClock_Config) refers to stm32h7xx_hal_rcc.o(i.HAL_RCC_OscConfig) for HAL_RCC_OscConfig
    main.o(i.SystemClock_Config) refers to stm32h7xx_hal_rcc.o(i.HAL_RCC_ClockConfig) for HAL_RCC_ClockConfig
    main.o(i.main) refers to stm32h7xx_hal_cortex.o(i.HAL_MPU_Disable) for HAL_MPU_Disable
    main.o(i.main) refers to stm32h7xx_hal_cortex.o(i.HAL_MPU_ConfigRegion) for HAL_MPU_ConfigRegion
    main.o(i.main) refers to stm32h7xx_hal_cortex.o(i.HAL_MPU_Enable) for HAL_MPU_Enable
    main.o(i.main) refers to stm32h7xx_hal.o(i.HAL_Init) for HAL_Init
    main.o(i.main) refers to main.o(i.SystemClock_Config) for SystemClock_Config
    main.o(i.main) refers to gpio.o(i.MX_GPIO_Init) for MX_GPIO_Init
    main.o(i.main) refers to dma.o(i.MX_DMA_Init) for MX_DMA_Init
    main.o(i.main) refers to fdcan.o(i.MX_FDCAN2_Init) for MX_FDCAN2_Init
    main.o(i.main) refers to usart.o(i.MX_USART3_UART_Init) for MX_USART3_UART_Init
    main.o(i.main) refers to usart.o(i.MX_USART2_UART_Init) for MX_USART2_UART_Init
    main.o(i.main) refers to usart.o(i.MX_USART1_UART_Init) for MX_USART1_UART_Init
    main.o(i.main) refers to i2c.o(i.MX_I2C1_Init) for MX_I2C1_Init
    main.o(i.main) refers to usart.o(i.MX_UART4_Init) for MX_UART4_Init
    main.o(i.main) refers to usart.o(i.MX_UART7_Init) for MX_UART7_Init
    main.o(i.main) refers to mwapp.o(i.MWMode_Init) for MWMode_Init
    main.o(i.main) refers to dd115s.o(i.Motor_SystemInit) for Motor_SystemInit
    main.o(i.main) refers to remotecontrol.o(i.RCInit) for RCInit
    main.o(i.main) refers to movingcontrol.o(i.UGVControlInit) for UGVControlInit
    main.o(i.main) refers to stm32h7xx_hal_uart_ex.o(i.HAL_UARTEx_ReceiveToIdle_DMA) for HAL_UARTEx_ReceiveToIdle_DMA
    main.o(i.main) refers to mwapp.o(i.MWPowerOnReturnAll) for MWPowerOnReturnAll
    main.o(i.main) refers to stm32h7xx_hal.o(i.HAL_Delay) for HAL_Delay
    main.o(i.main) refers to stm32h7xx_hal.o(i.HAL_GetTick) for HAL_GetTick
[...]
    uart_rx_status                           0x24002eb8   Data          24  mavlink_app.o(.bss)
    .bss                                     0x24002ed0   Section       96  libspace.o(.bss)
    HEAP                                     0x24002f30   Section      512  startup_stm32h750xx.o(HEAP)
    Heap_Mem                                 0x24002f30   Data         512  startup_stm32h750xx.o(HEAP)
    STACK                                    0x24003130   Section     1024  startup_stm32h750xx.o(STACK)
    Stack_Mem                                0x24003130   Data        1024  startup_stm32h750xx.o(STACK)
    __initial_sp                             0x24003530   Data           0  startup_stm32h750xx.o(STACK)

    Global Symbols

    Symbol Name                              Value     Ov Type        Size  Object(Section)

    BuildAttributes$$THM_ISAv4$E$P$D$K$B$S$7EM$VFPv5_D16$PE$PLD8$A:L22UL41UL21$X:L11$S22US41US21$IEEE1$IW$USESV6$~STKCKD$USESV7$~SHL$OTIME$ROPI$IEEEX$EBA8$UX$STANDARDLIB$REQ8$PRES8$EABIv2 0x00000000   Number         0  anon$$obj.o ABSOLUTE
    __ARM_use_no_argv                        0x00000000   Number         0  main.o ABSOLUTE
    _printf_flags                            0x00000000   Number         0  printf_stubs.o ABSOLUTE
    _printf_return_value                     0x00000000   Number         0  printf_stubs.o ABSOLUTE
    _printf_sizespec                         0x00000000   Number         0  printf_stubs.o ABSOLUTE
    _printf_widthprec                        0x00000000   Number         0  printf_stubs.o ABSOLUTE
    __ARM_exceptions_init                     - Undefined Weak Reference
    __alloca_initialize                       - Undefined Weak Reference
    __arm_preinit_                            - Undefined Weak Reference
    __cpp_initialize__aeabi_                  - Undefined Weak Reference
    __cxa_finalize                            - Undefined Weak Reference
    __sigvec_lookup                           - Undefined Weak Reference
    _atexit_init                              - Undefined Weak Reference
    _call_atexit_fns                          - Undefined Weak Reference
    _clock_init                               - Undefined Weak Reference
    _fp_trap_init                             - Undefined Weak Reference
    _fp_trap_shutdown                         - Undefined Weak Reference
    _get_lc_collate                           - Undefined Weak Reference
    _get_lc_monetary                          - Undefined Weak Reference
    _get_lc_time                              - Undefined Weak Reference
    _getenv_init                              - Undefined Weak Reference
    _handle_redirection                       - Undefined Weak Reference
    _init_alloc                               - Undefined Weak Reference
    _init_user_alloc                          - Undefined Weak Reference
    _initio                                   - Undefined Weak Reference
    _printf_mbtowc                            - Undefined Weak Reference
    _printf_wc                                - Undefined Weak Reference
    _rand_init                                - Undefined Weak Reference
    _signal_finish                            - Undefined Weak Reference
    _signal_init                              - Undefined Weak Reference
    _terminate_alloc                          - Undefined Weak Reference
    _terminate_user_alloc                     - Undefined Weak Reference
    _terminateio                              - Undefined Weak Reference
    __Vectors_Size                           0x00000298   Number         0  startup_stm32h750xx.o ABSOLUTE
    __Vectors                                0x08000000   Data           4  startup_stm32h750xx.o(RESET)
    __Vectors_End                            0x08000298   Data           0  startup_stm32h750xx.o(RESET)
    __main                                   0x08000299   Thumb Code     8  __main.o(!!!main)
    __scatterload                            0x080002a1   Thumb Code     0  __scatter.o(!!!scatter)
    __scatterload_rt2                        0x080002a1   Thumb Code    44  __scatter.o(!!!scatter)
    __scatterload_rt2_thumb_only             0x080002a1   Thumb Code     0  __scatter.o(!!!scatter)
    __scatterload_null                       0x080002af   Thumb Code     0  __scatter.o(!!!scatter)
    __decompress                             0x080002d5   Thumb Code    90  __dczerorl2.o(!!dczerorl2)
    __decompress1                            0x080002d5   Thumb Code     0  __dczerorl2.o(!!dczerorl2)
    __scatterload_zeroinit                   0x08000331   Thumb Code    28  __scatter_zi.o(!!handler_zi)
    __rt_lib_init                            0x0800034d   Thumb Code     0  libinit.o(.ARM.Collect$$libinit$$00000000)
    __rt_lib_init_fp_1                       0x0800034f   Thumb Code     0  libinit2.o(.ARM.Collect$$libinit$$00000001)
    __rt_lib_init_alloca_1                   0x08000353   Thumb Code     0  libinit2.o(.ARM.Collect$$libinit$$0000002E)
    __rt_lib_init_argv_1                     0x08000353   Thumb Code     0  libinit2.o(.ARM.Collect$$libinit$$0000002C)
    __rt_lib_init_atexit_1                   0x08000353   Thumb Code     0  libinit2.o(.ARM.Collect$$libinit$$0000001B)
    __rt_lib_init_clock_1                    0x08000353   Thumb Code     0  libinit2.o(.ARM.Collect$$libinit$$00000021)
    __rt_lib_init_cpp_1                      0x08000353   Thumb Code     0  libinit2.o(.ARM.Collect$$libinit$$00000032)
    __rt_lib_init_exceptions_1               0x08000353   Thumb Code     0  libinit2.o(.ARM.Collect$$libinit$$00000030)
    __rt_lib_init_fp_trap_1                  0x08000353   Thumb Code     0  libinit2.o(.ARM.Collect$$libinit$$0000001F)
    __rt_lib_init_getenv_1                   0x08000353   Thumb Code     0  libinit2.o(.ARM.Collect$$libinit$$00000023)
    __rt_lib_init_heap_1                     0x08000353   Thumb Code     0  libinit2.o(.ARM.Collect$$libinit$$0000000A)
    __rt_lib_init_lc_collate_1               0x08000353   Thumb Code     0  libinit2.o(.ARM.Collect$$libinit$$00000011)
    __rt_lib_init_lc_ctype_1                 0x08000353   Thumb Code     0  libinit2.o(.ARM.Collect$$libinit$$00000013)
    __rt_lib_init_lc_monetary_1              0x08000353   Thumb Code     0  libinit2.o(.ARM.Collect$$libinit$$00000015)
    __rt_lib_init_lc_numeric_1               0x08000353   Thumb Code     0  libinit2.o(.ARM.Collect$$libinit$$00000017)
    __rt_lib_init_lc_time_1                  0x08000353   Thumb Code     0  libinit2.o(.ARM.Collect$$libinit$$00000019)
    __rt_lib_init_preinit_1                  0x08000353   Thumb Code     0  libinit2.o(.ARM.Collect$$libinit$$00000004)
    __rt_lib_init_rand_1                     0x08000353   Thumb Code     0  libinit2.o(.ARM.Collect$$libinit$$0000000E)
    __rt_lib_init_return                     0x08000353   Thumb Code     0  libinit2.o(.ARM.Collect$$libinit$$00000033)
    __rt_lib_init_signal_1                   0x08000353   Thumb Code     0  libinit2.o(.ARM.Collect$$libinit$$0000001D)
    __rt_lib_init_stdio_1                    0x08000353   Thumb Code     0  libinit2.o(.ARM.Collect$$libinit$$00000025)
    __rt_lib_init_user_alloc_1               0x08000353   Thumb Code     0  libinit2.o(.ARM.Collect$$libinit$$0000000C)
    __rt_lib_shutdown                        0x08000355   Thumb Code     0  libshutdown.o(.ARM.Collect$$libshutdown$$00000000)
    __rt_lib_shutdown_cpp_1                  0x08000357   Thumb Code     0  libshutdown2.o(.ARM.Collect$$libshutdown$$00000002)
    __rt_lib_shutdown_fp_trap_1              0x08000357   Thumb Code     0  libshutdown2.o(.ARM.Collect$$libshutdown$$00000007)
    __rt_lib_shutdown_heap_1                 0x08000357   Thumb Code     0  libshutdown2.o(.ARM.Collect$$libshutdown$$0000000F)
    __rt_lib_shutdown_return                 0x08000357   Thumb Code     0  libshutdown2.o(.ARM.Collect$$libshutdown$$00000010)
    __rt_lib_shutdown_signal_1               0x08000357   Thumb Code     0  libshutdown2.o(.ARM.Collect$$libshutdown$$0000000A)
    __rt_lib_shutdown_stdio_1                0x08000357   Thumb Code     0  libshutdown2.o(.ARM.Collect$$libshutdown$$00000004)
    __rt_lib_shutdown_user_alloc_1           0x08000357   Thumb Code     0  libshutdown2.o(.ARM.Collect$$libshutdown$$0000000C)
    __rt_entry                               0x08000359   Thumb Code     0  __rtentry.o(.ARM.Collect$$rtentry$$00000000)
    __rt_entry_presh_1                       0x08000359   Thumb Code     0  __rtentry2.o(.ARM.Collect$$rtentry$$00000002)
    __rt_entry_sh                            0x08000359   Thumb Code     0  __rtentry4.o(.ARM.Collect$$rtentry$$00000004)
    __rt_entry_li                            0x0800035f   Thumb Code     0  __rtentry2.o(.ARM.Collect$$rtentry$$0000000A)
    __rt_entry_postsh_1                      0x0800035f   Thumb Code     0  __rtentry2.o(.ARM.Collect$$rtentry$$00000009)
    __rt_entry_main                          0x08000363   Thumb Code     0  __rtentry2.o(.ARM.Collect$$rtentry$$0000000D)
    __rt_entry_postli_1                      0x08000363   Thumb Code     0  __rtentry2.o(.ARM.Collect$$rtentry$$0000000C)
    __rt_exit                                0x0800036b   Thumb Code     0  rtexit.o(.ARM.Collect$$rtexit$$00000000)
    __rt_exit_ls                             0x0800036d   Thumb Code     0  rtexit2.o(.ARM.Collect$$rtexit$$00000003)
    __rt_exit_prels_1                        0x0800036d   Thumb Code     0  rtexit2.o(.ARM.Collect$$rtexit$$00000002)
    __rt_exit_exit                           0x08000371   Thumb Code     0  rtexit2.o(.ARM.Collect$$rtexit$$00000004)
    Reset_Handler                            0x08000379   Thumb Code    12  startup_stm32h750xx.o(.text)
    ADC3_IRQHandler                          0x08000397   Thumb Code     0  startup_stm32h750xx.o(.text)
    ADC_IRQHandler                           0x08000397   Thumb Code     0  startup_stm32h750xx.o(.text)
    BDMA_Channel0_IRQHandler                 0x08000397   Thumb Code     0  startup_stm32h750xx.o(.text)
    BDMA_Channel1_IRQHandler                 0x08000397   Thumb Code     0  startup_stm32h750xx.o(.text)
    BDMA_Channel2_IRQHandler                 0x08000397   Thumb Code     0  startup_stm32h750xx.o(.text)
    BDMA_Channel3_IRQHandler                 0x08000397   Thumb Code     0  startup_stm32h750xx.o(.text)
    BDMA_Channel4_IRQHandler                 0x08000397   Thumb Code     0  startup_stm32h750xx.o(.text)
    BDMA_Channel5_IRQHandler                 0x08000397   Thumb Code     0  startup_stm32h750xx.o(.text)
    BDMA_Channel6_IRQHandler                 0x08000397   Thumb Code     0  startup_stm32h750xx.o(.text)
    BDMA_Channel7_IRQHandler                 0x08000397   Thumb Code     0  startup_stm32h750xx.o(.text)
    CEC_IRQHandler                           0x08000397   Thumb Code     0  startup_stm32h750xx.o(.text)
    COMP1_IRQHandler                         0x08000397   Thumb Code     0  startup_stm32h750xx.o(.text)
    CRS_IRQHandler                           0x08000397   Thumb Code     0  startup_stm32h750xx.o(.text)
    CRYP_IRQHandler                          0x08000397   Thumb Code     0  startup_stm32h750xx.o(.text)
    DCMI_IRQHandler                          0x08000397   Thumb Code     0  startup_stm32h750xx.o(.text)
    DFSDM1_FLT0_IRQHandler                   0x08000397   Thumb Code     0  startup_stm32h750xx.o(.text)
    DFSDM1_FLT1_IRQHandler                   0x08000397   Thumb Code     0  startup_stm32h750xx.o(.text)
    DFSDM1_FLT2_IRQHandler                   0x08000397   Thumb Code     0  startup_stm32h750xx.o(.text)
    DFSDM1_FLT3_IRQHandler                   0x08000397   Thumb Code     0  startup_stm32h750xx.o(.text)
    DMA1_Stream1_IRQHandler                  0x08000397   Thumb Code     0  startup_stm32h750xx.o(.text)
    DMA1_Stream2_IRQHandler                  0x08000397   Thumb Code     0  startup_stm32h750xx.o(.text)
    DMA1_Stream3_IRQHandler                  0x08000397   Thumb Code     0  startup_stm32h750xx.o(.text)
    DMA1_Stream4_IRQHandler                  0x08000397   Thumb Code     0  startup_stm32h750xx.o(.text)
    DMA1_Stream5_IRQHandler                  0x08000397   Thumb Code     0  startup_stm32h750xx.o(.text)
    DMA1_Stream6_IRQHandler                  0x08000397   Thumb Code     0  startup_stm32h750xx.o(.text)
    DMA1_Stream7_IRQHandler                  0x08000397   Thumb Code     0  startup_stm32h750xx.o(.text)
    DMA2D_IRQHandler                         0x08000397   Thumb Code     0  startup_stm32h750xx.o(.text)
    DMA2_Stream0_IRQHandler                  0x08000397   Thumb Code     0  startup_stm32h750xx.o(.text)
    DMA2_Stream1_IRQHandler                  0x08000397   Thumb Code     0  startup_stm32h750xx.o(.text)
    DMA2_Stream2_IRQHandler                  0x08000397   Thumb Code     0  startup_stm32h750xx.o(.text)
    DMA2_Stream3_IRQHandler                  0x08000397   Thumb Code     0  startup_stm32h750xx.o(.text)
    DMA2_Stream4_IRQHandler                  0x08000397   Thumb Code     0  startup_stm32h750xx.o(.text)
    DMA2_Stream5_IRQHandler                  0x08000397   Thumb Code     0  startup_stm32h750xx.o(.text)
    DMA2_Stream6_IRQHandler                  0x08000397   Thumb Code     0  startup_stm32h750xx.o(.text)
    DMA2_Stream7_IRQHandler                  0x08000397   Thumb Code     0  startup_stm32h750xx.o(.text)
    DMAMUX1_OVR_IRQHandler                   0x08000397   Thumb Code     0  startup_stm32h750xx.o(.text)
    DMAMUX2_OVR_IRQHandler                   0x08000397   Thumb Code     0  startup_stm32h750xx.o(.text)
    ECC_IRQHandler                           0x08000397   Thumb Code     0  startup_stm32h750xx.o(.text)
    ETH_IRQHandler                           0x08000397   Thumb Code     0  startup_stm32h750xx.o(.text)
    ETH_WKUP_IRQHandler                      0x08000397   Thumb Code     0  startup_stm32h750xx.o(.text)
    EXTI0_IRQHandler                         0x08000397   Thumb Code     0  startup_stm32h750xx.o(.text)
    EXTI15_10_IRQHandler                     0x08000397   Thumb Code     0  startup_stm32h750xx.o(.text)
    EXTI1_IRQHandler                         0x08000397   Thumb Code     0  startup_stm32h750xx.o(.text)
    EXTI2_IRQHandler                         0x08000397   Thumb Code     0  startup_stm32h750xx.o(.text)
    EXTI3_IRQHandler                         0x08000397   Thumb Code     0  startup_stm32h750xx.o(.text)
    EXTI4_IRQHandler                         0x08000397   Thumb Code     0  startup_stm32h750xx.o(.text)
    EXTI9_5_IRQHandler                       0x08000397   Thumb Code     0  startup_stm32h750xx.o(.text)
    FDCAN1_IT0_IRQHandler                    0x08000397   Thumb Code     0  startup_stm32h750xx.o(.text)
    FDCAN1_IT1_IRQHandler                    0x08000397   Thumb Code     0  startup_stm32h750xx.o(.text)
    FDCAN_CAL_IRQHandler                     0x08000397   Thumb Code     0  startup_stm32h750xx.o(.text)
    FLASH_IRQHandler                         0x08000397   Thumb Code     0  startup_stm32h750xx.o(.text)
    FMC_IRQHandler                           0x08000397   Thumb Code     0  startup_stm32h750xx.o(.text)
    FPU_IRQHandler                           0x08000397   Thumb Code     0  startup_stm32h750xx.o(.text)
    HASH_RNG_IRQHandler                      0x08000397   Thumb Code     0  startup_stm32h750xx.o(.text)
    HRTIM1_FLT_IRQHandler                    0x08000397   Thumb Code     0  startup_stm32h750xx.o(.text)
    HRTIM1_Master_IRQHandler                 0x08000397   Thumb Code     0  startup_stm32h750xx.o(.text)
    HRTIM1_TIMA_IRQHandler                   0x08000397   Thumb Code     0  startup_stm32h750xx.o(.text)
    HRTIM1_TIMB_IRQHandler                   0x08000397   Thumb Code     0  startup_stm32h750xx.o(.text)
    HRTIM1_TIMC_IRQHandler                   0x08000397   Thumb Code     0  startup_stm32h750xx.o(.text)
    HRTIM1_TIMD_IRQHandler                   0x08000397   Thumb Code     0  startup_stm32h750xx.o(.text)
    HRTIM1_TIME_IRQHandler                   0x08000397   Thumb Code     0  startup_stm32h750xx.o(.text)
    HSEM1_IRQHandler                         0x08000397   Thumb Code     0  startup_stm32h750xx.o(.text)
    I2C1_ER_IRQHandler                       0x08000397   Thumb Code     0  startup_stm32h750xx.o(.text)
    I2C1_EV_IRQHandler                       0x08000397   Thumb Code     0  startup_stm32h750xx.o(.text)
    I2C2_ER_IRQHandler                       0x08000397   Thumb Code     0  startup_stm32h750xx.o(.text)
    I2C2_EV_IRQHandler                       0x08000397   Thumb Code     0  startup_stm32h750xx.o(.text)
    I2C3_ER_IRQHandler                       0x08000397   Thumb Code     0  startup_stm32h750xx.o(.text)
    I2C3_EV_IRQHandler                       0x08000397   Thumb Code     0  startup_stm32h750xx.o(.text)
    I2C4_ER_IRQHandler                       0x08000397   Thumb Code     0  startup_stm32h750xx.o(.text)
    I2C4_EV_IRQHandler                       0x08000397   Thumb Code     0  startup_stm32h750xx.o(.text)
    JPEG_IRQHandler                          0x08000397   Thumb Code     0  startup_stm32h750xx.o(.text)
    LPTIM1_IRQHandler                        0x08000397   Thumb Code     0  startup_stm32h750xx.o(.text)
    LPTIM2_IRQHandler                        0x08000397   Thumb Code     0  startup_stm32h750xx.o(.text)
    LPTIM3_IRQHandler                        0x08000397   Thumb Code     0  startup_stm32h750xx.o(.text)
    LPTIM4_IRQHandler                        0x08000397   Thumb Code     0  startup_stm32h750xx.o(.text)
    LPTIM5_IRQHandler                        0x08000397   Thumb Code     0  startup_stm32h750xx.o(.text)
    LPUART1_IRQHandler                       0x08000397   Thumb Code     0  startup_stm32h750xx.o(.text)
    LTDC_ER_IRQHandler                       0x08000397   Thumb Code     0  startup_stm32h750xx.o(.text)
    LTDC_IRQHandler                          0x08000397   Thumb Code     0  startup_stm32h750xx.o(.text)
    MDIOS_IRQHandler                         0x08000397   Thumb Code     0  startup_stm32h750xx.o(.text)
    MDIOS_WKUP_IRQHandler                    0x08000397   Thumb Code     0  startup_stm32h750xx.o(.text)
    MDMA_IRQHandler                          0x08000397   Thumb Code     0  startup_stm32h750xx.o(.text)
    OTG_FS_EP1_IN_IRQHandler                 0x08000397   Thumb Code     0  startup_stm32h750xx.o(.text)
    OTG_FS_EP1_OUT_IRQHandler                0x08000397   Thumb Code     0  startup_stm32h750xx.o(.text)
    OTG_FS_IRQHandler                        0x08000397   Thumb Code     0  startup_stm32h750xx.o(.text)
    OTG_FS_WKUP_IRQHandler                   0x08000397   Thumb Code     0  startup_stm32h750xx.o(.text)
    OTG_HS_EP1_IN_IRQHandler                 0x08000397   Thumb Code     0  startup_stm32h750xx.o(.text)
    OTG_HS_EP1_OUT_IRQHandler                0x08000397   Thumb Code     0  startup_stm32h750xx.o(.text)
    OTG_HS_IRQHandler                        0x08000397   Thumb Code     0  startup_stm32h750xx.o(.text)
    OTG_HS_WKUP_IRQHandler                   0x08000397   Thumb Code     0  startup_stm32h750xx.o(.text)
    PVD_AVD_IRQHandler                       0x08000397   Thumb Code     0  startup_stm32h750xx.o(.text)
    QUADSPI_IRQHandler                       0x08000397   Thumb Code     0  startup_stm32h750xx.o(.text)
    RCC_IRQHandler                           0x08000397   Thumb Code     0  startup_stm32h750xx.o(.text)
    RTC_Alarm_IRQHandler                     0x08000397   Thumb Code     0  startup_stm32h750xx.o(.text)
    RTC_WKUP_IRQHandler                      0x08000397   Thumb Code     0  startup_stm32h750xx.o(.text)
    SAI1_IRQHandler                          0x08000397   Thumb Code     0  startup_stm32h750xx.o(.text)
    SAI2_IRQHandler                          0x08000397   Thumb Code     0  startup_stm32h750xx.o(.text)
    SAI3_IRQHandler                          0x08000397   Thumb Code     0  startup_stm32h750xx.o(.text)
    SAI4_IRQHandler                          0x08000397   Thumb Code     0  startup_stm32h750xx.o(.text)
    SDMMC1_IRQHandler                        0x08000397   Thumb Code     0  startup_stm32h750xx.o(.text)
    SDMMC2_IRQHandler                        0x08000397   Thumb Code     0  startup_stm32h750xx.o(.text)
    SPDIF_RX_IRQHandler                      0x08000397   Thumb Code     0  startup_stm32h750xx.o(.text)
    SPI1_IRQHandler                          0x08000397   Thumb Code     0  startup_stm32h750xx.o(.text)
    SPI2_IRQHandler                          0x08000397   Thumb Code     0  startup_stm32h750xx.o(.text)
    SPI3_IRQHandler                          0x08000397   Thumb Code     0  startup_stm32h750xx.o(.text)
    SPI4_IRQHandler                          0x08000397   Thumb Code     0  startup_stm32h750xx.o(.text)
    SPI5_IRQHandler                          0x08000397   Thumb Code     0  startup_stm32h750xx.o(.text)
    SPI6_IRQHandler                          0x08000397   Thumb Code     0  startup_stm32h750xx.o(.text)
    SWPMI1_IRQHandler                        0x08000397   Thumb Code     0  startup_stm32h750xx.o(.text)
    TAMP_STAMP_IRQHandler                    0x08000397   Thumb Code     0  startup_stm32h750xx.o(.text)
    TIM15_IRQHandler                         0x08000397   Thumb Code     0  startup_stm32h750xx.o(.text)
    TIM16_IRQHandler                         0x08000397   Thumb Code     0  startup_stm32h750xx.o(.text)
    TIM17_IRQHandler                         0x08000397   Thumb Code     0  startup_stm32h750xx.o(.text)
    TIM1_BRK_IRQHandler                      0x08000397   Thumb Code     0  startup_stm32h750xx.o(.text)
    TIM1_CC_IRQHandler                       0x08000397   Thumb Code     0  startup_stm32h750xx.o(.text)
    TIM1_TRG_COM_IRQHandler                  0x08000397   Thumb Code     0  startup_stm32h750xx.o(.text)
    TIM1_UP_IRQHandler                       0x08000397   Thumb Code     0  startup_stm32h750xx.o(.text)
    TIM2_IRQHandler                          0x08000397   Thumb Code     0  startup_stm32h750xx.o(.text)
    TIM3_IRQHandler                          0x08000397   Thumb Code     0  startup_stm32h750xx.o(.text)
    TIM4_IRQHandler                          0x08000397   Thumb Code     0  startup_stm32h750xx.o(.text)
    TIM5_IRQHandler                          0x08000397   Thumb Code     0  startup_stm32h750xx.o(.text)
    TIM6_DAC_IRQHandler                      0x08000397   Thumb Code     0  startup_stm32h750xx.o(.text)
    TIM7_IRQHandler                          0x08000397   Thumb Code     0  startup_stm32h750xx.o(.text)
    TIM8_BRK_TIM12_IRQHandler                0x08000397   Thumb Code     0  startup_stm32h750xx.o(.text)
    TIM8_CC_IRQHandler                       0x08000397   Thumb Code     0  startup_stm32h750xx.o(.text)
    TIM8_TRG_COM_TIM14_IRQHandler            0x08000397   Thumb Code     0  startup_stm32h750xx.o(.text)
    TIM8_UP_TIM13_IRQHandler                 0x08000397   Thumb Code     0  startup_stm32h750xx.o(.text)
    UART5_IRQHandler                         0x08000397   Thumb Code     0  startup_stm32h750xx.o(.text)
    UART8_IRQHandler                         0x08000397   Thumb Code     0  startup_stm32h750xx.o(.text)
    USART2_IRQHandler                        0x08000397   Thumb Code     0  startup_stm32h750xx.o(.text)
    USART6_IRQHandler                        0x08000397   Thumb Code     0  startup_stm32h750xx.o(.text)
    WAKEUP_PIN_IRQHandler                    0x08000397   Thumb Code     0  startup_stm32h750xx.o(.text)
    WWDG_IRQHandler                          0x08000397   Thumb Code     0  startup_stm32h750xx.o(.text)
    __user_initial_stackheap                 0x08000399   Thumb Code     0  startup_stm32h750xx.o(.text)
    __aeabi_uldivmod                         0x080003c1   Thumb Code     0  lludivv7m.o(.text)
    _ll_udiv                                 0x080003c1   Thumb Code   238  lludivv7m.o(.text)
    __aeabi_memcpy4                          0x080004af   Thumb Code     0  rt_memcpy_w.o(.text)
    __aeabi_memcpy8                          0x080004af   Thumb Code     0  rt_memcpy_w.o(.text)
    __rt_memcpy_w                            0x080004af   Thumb Code   100  rt_memcpy_w.o(.text)
    _memcpy_lastbytes_aligned                0x080004f7   Thumb Code     0  rt_memcpy_w.o(.text)
    __aeabi_memclr4                          0x08000513   Thumb Code     0  rt_memclr_w.o(.text)
    __aeabi_memclr8                          0x08000513   Thumb Code     0  rt_memclr_w.o(.text)
    __rt_memclr_w                            0x08000513   Thumb Code    78  rt_memclr_w.o(.text)
    _memset_w                                0x08000517   Thumb Code     0  rt_memclr_w.o(.text)
    __use_two_region_memory                  0x08000561   Thumb Code     2  heapauxi.o(.text)
    __rt_heap_escrow$2region                 0x08000563   Thumb Code     2  heapauxi.o(.text)
    __rt_heap_expand$2region                 0x08000565   Thumb Code     2  heapauxi.o(.text)
    __aeabi_errno_addr                       0x08000569   Thumb Code     8  rt_errno_addr_intlibspace.o(.text)
    __errno$intlibspace                      0x08000569   Thumb Code     0  rt_errno_addr_intlibspace.o(.text)
    __rt_errno_addr$intlibspace              0x08000569   Thumb Code     0  rt_errno_addr_intlibspace.o(.text)
    __read_errno                             0x08000571   Thumb Code    10  _rserrno.o(.text)
    __set_errno                              0x0800057b   Thumb Code    12  _rserrno.o(.text)
    __user_libspace                          0x08000589   Thumb Code     8  libspace.o(.text)
    __user_perproc_libspace                  0x08000589   Thumb Code     0  libspace.o(.text)
    __user_perthread_libspace                0x08000589   Thumb Code     0  libspace.o(.text)
    __user_setup_stackheap                   0x08000591   Thumb Code    74  sys_stackheap_outer.o(.text)
    exit                                     0x080005db   Thumb Code    18  exit.o(.text)
    _sys_exit                                0x080005ed   Thumb Code     8  sys_exit.o(.text)
    __I$use$semihosting                      0x080005f9   Thumb Code     0  use_no_semi.o(.text)
    __use_no_semihosting_swi                 0x080005f9   Thumb Code     2  use_no_semi.o(.text)
    __semihosting_library_function           0x080005fb   Thumb Code     0  indicate_semi.o(.text)
    AckermannMove                            0x080005fd   Thumb Code  1128  movingcontrol.o(i.AckermannMove)
    BusFault_Handler                         0x08000a65   Thumb Code     2  stm32h7xx_it.o(i.BusFault_Handler)
    CAN_Receive_DataFrame                    0x08000a67   Thumb Code    44  candrive.o(i.CAN_Receive_DataFrame)
    CAN_Send_StdDataFrame                    0x08000a95   Thumb Code    58  candrive.o(i.CAN_Send_StdDataFrame)
    CanFilter_Init                           0x08000ad9   Thumb Code    78  candrive.o(i.CanFilter_Init)
    ControlLoop_Init                         0x08000b2d   Thumb Code   100  movingcontrol.o(i.ControlLoop_Init)
    CrabbingMove                             0x08000b95   Thumb Code   448  movingcontrol.o(i.CrabbingMove)
    DMA1_Stream0_IRQHandler                  0x08000d99   Thumb Code     6  stm32h7xx_it.o(i.DMA1_Stream0_IRQHandler)
    DebugMon_Handler                         0x080011dd   Thumb Code     2  stm32h7xx_it.o(i.DebugMon_Handler)
    Error_Handler                            0x080011df   Thumb Code     4  main.o(i.Error_Handler)
    ExitRun0Mode                             0x080011e5   Thumb Code    22  system_stm32h7xx.o(i.ExitRun0Mode)
    FDCAN2_IT0_IRQHandler                    0x08001201   Thumb Code     6  stm32h7xx_it.o(i.FDCAN2_IT0_IRQHandler)
    FDCAN2_IT1_IRQHandler                    0x0800120d   Thumb Code     6  stm32h7xx_it.o(i.FDCAN2_IT1_IRQHandler)
    HAL_DMA_Abort                            0x0800144d   Thumb Code   836  stm32h7xx_hal_dma.o(i.HAL_DMA_Abort)
    HAL_DMA_Abort_IT                         0x080017ad   Thumb Code   602  stm32h7xx_hal_dma.o(i.HAL_DMA_Abort_IT)
    HAL_DMA_IRQHandler                       0x08001a31   Thumb Code  1756  stm32h7xx_hal_dma.o(i.HAL_DMA_IRQHandler)
    HAL_DMA_Init                             0x08002119   Thumb Code   926  stm32h7xx_hal_dma.o(i.HAL_DMA_Init)
    HAL_DMA_Start_IT                         0x080024dd   Thumb Code   628  stm32h7xx_hal_dma.o(i.HAL_DMA_Start_IT)
    HAL_Delay                                0x08002779   Thumb Code    32  stm32h7xx_hal.o(i.HAL_Delay)
    HAL_FDCAN_ActivateNotification           0x0800279d   Thumb Code   126  stm32h7xx_hal_fdcan.o(i.HAL_FDCAN_ActivateNotification)
    HAL_FDCAN_AddMessageToTxFifoQ            0x08002825   Thumb Code   102  stm32h7xx_hal_fdcan.o(i.HAL_FDCAN_AddMessageToTxFifoQ)
    HAL_FDCAN_ClockCalibrationCallback       0x0800288b   Thumb Code     2  stm32h7xx_hal_fdcan.o(i.HAL_FDCAN_ClockCalibrationCallback)
    HAL_FDCAN_ConfigFilter                   0x0800288d   Thumb Code   126  stm32h7xx_hal_fdcan.o(i.HAL_FDCAN_ConfigFilter)
    HAL_FDCAN_ConfigTxDelayCompensation      0x0800290b   Thumb Code    36  stm32h7xx_hal_fdcan.o(i.HAL_FDCAN_ConfigTxDelayCompensation)
    HAL_FDCAN_EnableTxDelayCompensation      0x0800292f   Thumb Code    38  stm32h7xx_hal_fdcan.o(i.HAL_FDCAN_EnableTxDelayCompensation)
    HAL_FDCAN_ErrorCallback                  0x08002955   Thumb Code     2  stm32h7xx_hal_fdcan.o(i.HAL_FDCAN_ErrorCallback)
    HAL_FDCAN_ErrorStatusCallback            0x08002957   Thumb Code     2  stm32h7xx_hal_fdcan.o(i.HAL_FDCAN_ErrorStatusCallback)
    HAL_FDCAN_GetRxMessage                   0x08002959   Thumb Code   392  stm32h7xx_hal_fdcan.o(i.HAL_FDCAN_GetRxMessage)
    HAL_FDCAN_HighPriorityMessageCallback    0x08002ae5   Thumb Code     2  stm32h7xx_hal_fdcan.o(i.HAL_FDCAN_HighPriorityMessageCallback)
    HAL_FDCAN_IRQHandler                     0x08002ae9   Thumb Code   788  stm32h7xx_hal_fdcan.o(i.HAL_FDCAN_IRQHandler)
    HAL_FDCAN_Init                           0x08002e09   Thumb Code   572  stm32h7xx_hal_fdcan.o(i.HAL_FDCAN_Init)
    HAL_FDCAN_MspInit                        0x0800304d   Thumb Code   156  fdcan.o(i.HAL_FDCAN_MspInit)
    HAL_FDCAN_RxBufferNewMessageCallback     0x080030f5   Thumb Code     2  stm32h7xx_hal_fdcan.o(i.HAL_FDCAN_RxBufferNewMessageCallback)
    HAL_FDCAN_RxFifo0Callback                0x080030f9   Thumb Code    34  fdcan.o(i.HAL_FDCAN_RxFifo0Callback)
    HAL_FDCAN_RxFifo1Callback                0x08003129   Thumb Code     2  stm32h7xx_hal_fdcan.o(i.HAL_FDCAN_RxFifo1Callback)
    HAL_FDCAN_Start                          0x0800312b   Thumb Code    50  stm32h7xx_hal_fdcan.o(i.HAL_FDCAN_Start)
    HAL_FDCAN_TT_GlobalTimeCallback          0x0800315d   Thumb Code     2  stm32h7xx_hal_fdcan.o(i.HAL_FDCAN_TT_GlobalTimeCallback)
    HAL_FDCAN_TT_ScheduleSyncCallback        0x0800315f   Thumb Code     2  stm32h7xx_hal_fdcan.o(i.HAL_FDCAN_TT_ScheduleSyncCallback)
    HAL_FDCAN_TT_StopWatchCallback           0x08003161   Thumb Code     2  stm32h7xx_hal_fdcan.o(i.HAL_FDCAN_TT_StopWatchCallback)
    HAL_FDCAN_TT_TimeMarkCallback            0x08003163   Thumb Code     2  stm32h7xx_hal_fdcan.o(i.HAL_FDCAN_TT_TimeMarkCallback)
    HAL_FDCAN_TimeoutOccurredCallback        0x08003165   Thumb Code     2  stm32h7xx_hal_fdcan.o(i.HAL_FDCAN_TimeoutOccurredCallback)
    HAL_FDCAN_TimestampWraparoundCallback    0x08003167   Thumb Code     2  stm32h7xx_hal_fdcan.o(i.HAL_FDCAN_TimestampWraparoundCallback)
    HAL_FDCAN_TxBufferAbortCallback          0x08003169   Thumb Code     2  stm32h7xx_hal_fdcan.o(i.HAL_FDCAN_TxBufferAbortCallback)
    HAL_FDCAN_TxBufferCompleteCallback       0x0800316b   Thumb Code     2  stm32h7xx_hal_fdcan.o(i.HAL_FDCAN_TxBufferCompleteCallback)
    HAL_FDCAN_TxEventFifoCallback            0x0800316d   Thumb Code     2  stm32h7xx_hal_fdcan.o(i.HAL_FDCAN_TxEventFifoCallback)
    HAL_FDCAN_TxFifoEmptyCallback            0x0800316f   Thumb Code     2  stm32h7xx_hal_fdcan.o(i.HAL_FDCAN_TxFifoEmptyCallback)
    HAL_GPIO_Init                            0x08003171   Thumb Code   506  stm32h7xx_hal_gpio.o(i.HAL_GPIO_Init)
    HAL_GetREVID                             0x0800339d   Thumb Code     8  stm32h7xx_hal.o(i.HAL_GetREVID)
    HAL_GetTick                              0x080033a9   Thumb Code     6  stm32h7xx_hal.o(i.HAL_GetTick)
    HAL_I2CEx_ConfigAnalogFilter             0x080033b5   Thumb Code    88  stm32h7xx_hal_i2c_ex.o(i.HAL_I2CEx_ConfigAnalogFilter)
    HAL_I2CEx_ConfigDigitalFilter            0x0800340d   Thumb Code    84  stm32h7xx_hal_i2c_ex.o(i.HAL_I2CEx_ConfigDigitalFilter)
    HAL_I2C_Init                             0x08003461   Thumb Code   186  stm32h7xx_hal_i2c.o(i.HAL_I2C_Init)
    HAL_I2C_MspInit                          0x08003521   Thumb Code   122  i2c.o(i.HAL_I2C_MspInit)
    HAL_IncTick                              0x080035a9   Thumb Code    12  stm32h7xx_hal.o(i.HAL_IncTick)
    HAL_Init                                 0x080035b9   Thumb Code    74  stm32h7xx_hal.o(i.HAL_Init)
    HAL_InitTick                             0x08003615   Thumb Code    56  stm32h7xx_hal.o(i.HAL_InitTick)
    HAL_MPU_ConfigRegion                     0x08003655   Thumb Code    86  stm32h7xx_hal_cortex.o(i.HAL_MPU_ConfigRegion)
    HAL_MPU_Disable                          0x080036b1   Thumb Code    24  stm32h7xx_hal_cortex.o(i.HAL_MPU_Disable)
    HAL_MPU_Enable                           0x080036cd   Thumb Code    30  stm32h7xx_hal_cortex.o(i.HAL_MPU_Enable)
    HAL_MspInit                              0x080036f1   Thumb Code    22  stm32h7xx_hal_msp.o(i.HAL_MspInit)
    HAL_NVIC_EnableIRQ                       0x0800370d   Thumb Code    26  stm32h7xx_hal_cortex.o(i.HAL_NVIC_EnableIRQ)
    HAL_NVIC_SetPriority                     0x08003729   Thumb Code    60  stm32h7xx_hal_cortex.o(i.HAL_NVIC_SetPriority)
    HAL_NVIC_SetPriorityGrouping             0x08003769   Thumb Code    28  stm32h7xx_hal_cortex.o(i.HAL_NVIC_SetPriorityGrouping)
    HAL_PWREx_ConfigSupply                   0x0800378d   Thumb Code    78  stm32h7xx_hal_pwr_ex.o(i.HAL_PWREx_ConfigSupply)
    HAL_RCCEx_GetD3PCLK1Freq                 0x080037e1   Thumb Code    26  stm32h7xx_hal_rcc_ex.o(i.HAL_RCCEx_GetD3PCLK1Freq)
    HAL_RCCEx_GetPLL2ClockFreq               0x08003805   Thumb Code   296  stm32h7xx_hal_rcc_ex.o(i.HAL_RCCEx_GetPLL2ClockFreq)
    HAL_RCCEx_GetPLL3ClockFreq               0x08003949   Thumb Code   296  stm32h7xx_hal_rcc_ex.o(i.HAL_RCCEx_GetPLL3ClockFreq)
    HAL_RCCEx_PeriphCLKConfig                0x08003a8d   Thumb Code  2472  stm32h7xx_hal_rcc_ex.o(i.HAL_RCCEx_PeriphCLKConfig)
    HAL_RCC_ClockConfig                      0x08004439   Thumb Code   580  stm32h7xx_hal_rcc.o(i.HAL_RCC_ClockConfig)
    HAL_RCC_GetHCLKFreq                      0x08004695   Thumb Code    52  stm32h7xx_hal_rcc.o(i.HAL_RCC_GetHCLKFreq)
    HAL_RCC_GetPCLK1Freq                     0x080046d9   Thumb Code    26  stm32h7xx_hal_rcc.o(i.HAL_RCC_GetPCLK1Freq)
    HAL_RCC_GetPCLK2Freq                     0x080046fd   Thumb Code    26  stm32h7xx_hal_rcc.o(i.HAL_RCC_GetPCLK2Freq)
    HAL_RCC_GetSysClockFreq                  0x08004721   Thumb Code   278  stm32h7xx_hal_rcc.o(i.HAL_RCC_GetSysClockFreq)
    HAL_RCC_OscConfig                        0x08004859   Thumb Code  1410  stm32h7xx_hal_rcc.o(i.HAL_RCC_OscConfig)
    HAL_RS485Ex_Init                         0x08004ddd   Thumb Code   136  stm32h7xx_hal_uart_ex.o(i.HAL_RS485Ex_Init)
    HAL_SYSTICK_Config                       0x08004e69   Thumb Code    38  stm32h7xx_hal_cortex.o(i.HAL_SYSTICK_Config)
    HAL_UARTEx_DisableFifoMode               0x08004e8f   Thumb Code    64  stm32h7xx_hal_uart_ex.o(i.HAL_UARTEx_DisableFifoMode)
    HAL_UARTEx_ReceiveToIdle_DMA             0x08004ecf   Thumb Code    74  stm32h7xx_hal_uart_ex.o(i.HAL_UARTEx_ReceiveToIdle_DMA)
    HAL_UARTEx_RxEventCallback               0x08004f19   Thumb Code   202  usart.o(i.HAL_UARTEx_RxEventCallback)
    HAL_UARTEx_RxFifoFullCallback            0x08005001   Thumb Code     2  stm32h7xx_hal_uart_ex.o(i.HAL_UARTEx_RxFifoFullCallback)
    HAL_UARTEx_SetRxFifoThreshold            0x08005003   Thumb Code    76  stm32h7xx_hal_uart_ex.o(i.HAL_UARTEx_SetRxFifoThreshold)
    HAL_UARTEx_SetTxFifoThreshold            0x0800504f   Thumb Code    76  stm32h7xx_hal_uart_ex.o(i.HAL_UARTEx_SetTxFifoThreshold)
    HAL_UARTEx_TxFifoEmptyCallback           0x0800509b   Thumb Code     2  stm32h7xx_hal_uart_ex.o(i.HAL_UARTEx_TxFifoEmptyCallback)
    HAL_UARTEx_WakeupCallback                0x0800509d   Thumb Code     2  stm32h7xx_hal_uart_ex.o(i.HAL_UARTEx_WakeupCallback)
    HAL_UART_ErrorCallback                   0x0800509f   Thumb Code     2  stm32h7xx_hal_uart.o(i.HAL_UART_ErrorCallback)
    HAL_UART_IRQHandler                      0x080050a1   Thumb Code   898  stm32h7xx_hal_uart.o(i.HAL_UART_IRQHandler)
    HAL_UART_Init                            0x0800543d   Thumb Code   106  stm32h7xx_hal_uart.o(i.HAL_UART_Init)
    HAL_UART_MspInit                         0x080054a9   Thumb Code   672  usart.o(i.HAL_UART_MspInit)
    HAL_UART_Receive_IT                      0x0800577d   Thumb Code    66  stm32h7xx_hal_uart.o(i.HAL_UART_Receive_IT)
    HAL_UART_RxCpltCallback                  0x080057c5   Thumb Code   130  usart.o(i.HAL_UART_RxCpltCallback)
    HAL_UART_RxHalfCpltCallback              0x08005875   Thumb Code     2  stm32h7xx_hal_uart.o(i.HAL_UART_RxHalfCpltCallback)
    HAL_UART_Transmit                        0x08005877   Thumb Code   176  stm32h7xx_hal_uart.o(i.HAL_UART_Transmit)
    HAL_UART_TxCpltCallback                  0x08005927   Thumb Code     2  stm32h7xx_hal_uart.o(i.HAL_UART_TxCpltCallback)
    HardFault_Handler                        0x08005929   Thumb Code     2  stm32h7xx_it.o(i.HardFault_Handler)
    MWHeartbeatRec                           0x0800592b   Thumb Code    52  mwmotor.o(i.MWHeartbeatRec)
    MWMitControlRec                          0x08005961   Thumb Code   148  mwmotor.o(i.MWMitControlRec)
    MWMode_Init                              0x08005a0d   Thumb Code   274  mwapp.o(i.MWMode_Init)
    MWPosControl                             0x08005b29   Thumb Code    74  mwmotor.o(i.MWPosControl)
    MWPowerOnReturnAdvanced_PosMode          0x08005b79   Thumb Code   242  mwapp.o(i.MWPowerOnReturnAdvanced_PosMode)
    MWPowerOnReturnAll                       0x08005c7d   Thumb Code    80  mwapp.o(i.MWPowerOnReturnAll)
    MWReceiver                               0x08005cd9   Thumb Code   202  mwmotor.o(i.MWReceiver)
    MWRegisterMotor                          0x08005da9   Thumb Code    38  mwmotor.o(i.MWRegisterMotor)
    MWRxSdoRec                               0x08005dd5   Thumb Code    20  mwmotor.o(i.MWRxSdoRec)
    MWRxTxSdo                                0x08005de9   Thumb Code    80  mwmotor.o(i.MWRxTxSdo)
    MWSetAxisState                           0x08005e3d   Thumb Code    48  mwmotor.o(i.MWSetAxisState)
    MWSetControllerMode                      0x08005e71   Thumb Code    46  mwmotor.o(i.MWSetControllerMode)
    MWSetTrajInertia                         0x08005ea5   Thumb Code    50  mwmotor.o(i.MWSetTrajInertia)
    MW_SetXLock                              0x08005edd   Thumb Code    94  mwapp.o(i.MW_SetXLock)
    MX_DMA_Init                              0x08005f4d   Thumb Code    40  dma.o(i.MX_DMA_Init)
    MX_FDCAN2_Init                           0x08005f79   Thumb Code   110  fdcan.o(i.MX_FDCAN2_Init)
    MX_GPIO_Init                             0x08005ff1   Thumb Code    86  gpio.o(i.MX_GPIO_Init)
    MX_I2C1_Init                             0x0800604d   Thumb Code    76  i2c.o(i.MX_I2C1_Init)
    MX_UART4_Init                            0x080060a5   Thumb Code    94  usart.o(i.MX_UART4_Init)
    MX_UART7_Init                            0x0800610d   Thumb Code    94  usart.o(i.MX_UART7_Init)
    MX_USART1_UART_Init                      0x08006175   Thumb Code    94  usart.o(i.MX_USART1_UART_Init)
    MX_USART2_UART_Init                      0x080061dd   Thumb Code    98  usart.o(i.MX_USART2_UART_Init)
    MX_USART3_UART_Init                      0x08006249   Thumb Code    96  usart.o(i.MX_USART3_UART_Init)
    MemManage_Handler                        0x080062b5   Thumb Code     2  stm32h7xx_it.o(i.MemManage_Handler)
    MotorBusSend                             0x080062b9   Thumb Code    12  mwapp.o(i.MotorBusSend)
    MotorDriver_UpdateMW                     0x080062c9   Thumb Code   142  mwapp.o(i.MotorDriver_UpdateMW)
    MotorDriver_UpdateMotors                 0x0800636d   Thumb Code   114  dd115s.o(i.MotorDriver_UpdateMotors)
    MotorNotice                              0x080063e9   Thumb Code     2  mwapp.o(i.MotorNotice)
    Motor_EmergencyStop                      0x080063ed   Thumb Code    44  dd115s.o(i.Motor_EmergencyStop)
    Motor_SendSpeed                          0x08006425   Thumb Code    60  dd115s.o(i.Motor_SendSpeed)
    Motor_SendSpeedArray                     0x08006461   Thumb Code   128  dd115s.o(i.Motor_SendSpeedArray)
    Motor_SetMode                            0x080064e9   Thumb Code    72  dd115s.o(i.Motor_SetMode)
    Motor_SetModeAll                         0x08006535   Thumb Code    30  dd115s.o(i.Motor_SetModeAll)
    Motor_SystemInit                         0x08006555   Thumb Code    56  dd115s.o(i.Motor_SystemInit)
    MovingMotor_LimitRPM                     0x08006595   Thumb Code    20  dd115s.o(i.MovingMotor_LimitRPM)
    NMI_Handler                              0x080065a9   Thumb Code     2  stm32h7xx_it.o(i.NMI_Handler)
    PendSV_Handler                           0x080065ab   Thumb Code     2  stm32h7xx_it.o(i.PendSV_Handler)
    RCCheckConnection                        0x080067ed   Thumb Code    38  remotecontrol.o(i.RCCheckConnection)
    RCGetValue                               0x08006819   Thumb Code   582  remotecontrol.o(i.RCGetValue)
    RCInit                                   0x08006a75   Thumb Code   102  remotecontrol.o(i.RCInit)
    RS485_Send                               0x08006b19   Thumb Code    24  dd115s.o(i.RS485_Send)
    RotationMove                             0x08006b35   Thumb Code   302  movingcontrol.o(i.RotationMove)
    SVC_Handler                              0x08006c99   Thumb Code     2  stm32h7xx_it.o(i.SVC_Handler)
    Sbus_GetMoveMode                         0x08006c9b   Thumb Code    44  sbus.o(i.Sbus_GetMoveMode)
    Sbus_GetSystemMode                       0x08006cc7   Thumb Code    32  sbus.o(i.Sbus_GetSystemMode)
    Sbus_MapSteering                         0x08006ce9   Thumb Code    80  sbus.o(i.Sbus_MapSteering)
    Sbus_MapThrottle                         0x08006d41   Thumb Code    86  sbus.o(i.Sbus_MapThrottle)
    Sbus_Parse                               0x08006da5   Thumb Code   278  sbus.o(i.Sbus_Parse)
    SysTick_Handler                          0x08006ebb   Thumb Code     4  stm32h7xx_it.o(i.SysTick_Handler)
    SystemClock_Config                       0x08006ec1   Thumb Code   158  main.o(i.SystemClock_Config)
    SystemInit                               0x08006f69   Thumb Code   206  system_stm32h7xx.o(i.SystemInit)
    TrajPlanning_GetCurrentTime              0x08007061   Thumb Code    30  movingcontrol.o(i.TrajPlanning_GetCurrentTime)
    TrajPlanning_SystemInit                  0x08007089   Thumb Code    40  movingcontrol.o(i.TrajPlanning_SystemInit)
    TrapTraj_Eval                            0x080070b5   Thumb Code   238  movingcontrol.o(i.TrapTraj_Eval)
    TrapTraj_GetPosition                     0x080071a9   Thumb Code    14  movingcontrol.o(i.TrapTraj_GetPosition)
    TrapTraj_Init                            0x080071bd   Thumb Code    26  movingcontrol.o(i.TrapTraj_Init)
    TrapTraj_PlanTrapezoidal                 0x080071d9   Thumb Code   428  movingcontrol.o(i.TrapTraj_PlanTrapezoidal)
    TrapTraj_Reset                           0x08007389   Thumb Code    34  movingcontrol.o(i.TrapTraj_Reset)
    UART4_IRQHandler                         0x080073b1   Thumb Code     6  stm32h7xx_it.o(i.UART4_IRQHandler)
    UART7_IRQHandler                         0x080073bd   Thumb Code     6  stm32h7xx_it.o(i.UART7_IRQHandler)
    UART_AdvFeatureConfig                    0x0800740d   Thumb Code   200  stm32h7xx_hal_uart.o(i.UART_AdvFeatureConfig)
    UART_CheckIdleState                      0x080074d5   Thumb Code   170  stm32h7xx_hal_uart.o(i.UART_CheckIdleState)
    UART_SetConfig                           0x08007bd5   Thumb Code   876  stm32h7xx_hal_uart.o(i.UART_SetConfig)
    UART_Start_Receive_DMA                   0x08007f81   Thumb Code   156  stm32h7xx_hal_uart.o(i.UART_Start_Receive_DMA)
    UART_Start_Receive_IT                    0x08008029   Thumb Code   256  stm32h7xx_hal_uart.o(i.UART_Start_Receive_IT)
    UART_WaitOnFlagUntilTimeout              0x08008139   Thumb Code   148  stm32h7xx_hal_uart.o(i.UART_WaitOnFlagUntilTimeout)
    UGVControlInit                           0x080081cd   Thumb Code    12  movingcontrol.o(i.UGVControlInit)
    USART1_IRQHandler                        0x080081dd   Thumb Code     6  stm32h7xx_it.o(i.USART1_IRQHandler)
    USART3_IRQHandler                        0x080081e9   Thumb Code     6  stm32h7xx_it.o(i.USART3_IRQHandler)
    UsageFault_Handler                       0x080081f5   Thumb Code     2  stm32h7xx_it.o(i.UsageFault_Handler)
    __ARM_fpclassifyf                        0x080081f7   Thumb Code    38  fpclassifyf.o(i.__ARM_fpclassifyf)
    __hardfp_atanf                           0x08008241   Thumb Code   296  atanf.o(i.__hardfp_atanf)
    __hardfp_sinf                            0x080083b1   Thumb Code   344  sinf.o(i.__hardfp_sinf)
    __hardfp_sqrtf                           0x08008545   Thumb Code    58  sqrtf.o(i.__hardfp_sqrtf)
    __hardfp_tanf                            0x08008581   Thumb Code   322  tanf.o(i.__hardfp_tanf)
    __mathlib_flt_infnan                     0x08008701   Thumb Code     6  funder.o(i.__mathlib_flt_infnan)
    __mathlib_flt_invalid                    0x08008709   Thumb Code    10  funder.o(i.__mathlib_flt_invalid)
    __mathlib_flt_underflow                  0x08008719   Thumb Code    10  funder.o(i.__mathlib_flt_underflow)
    __mathlib_rredf2                         0x08008729   Thumb Code   316  rredf.o(i.__mathlib_rredf2)
    copysign_f                               0x0800887d   Thumb Code    34  movingcontrol.o(i.copysign_f)
    crc8_maxim                               0x080088a1   Thumb Code    48  dd115s.o(i.crc8_maxim)
    fmax_f                                   0x080088d7   Thumb Code     6  movingcontrol.o(i.fmax_f)
    main                                     0x080088dd   Thumb Code   346  main.o(i.main)
    sign_hard                                0x08008a55   Thumb Code    26  movingcontrol.o(i.sign_hard)
    _fp_init                                 0x08008a75   Thumb Code    10  fpinit.o(x$fpl$fpinit)
    __fplib_config_fpu_vfp                   0x08008a7d   Thumb Code     0  fpinit.o(x$fpl$fpinit)
    __fplib_config_pureend_doubles           0x08008a7d   Thumb Code     0  fpinit.o(x$fpl$fpinit)
    __I$use$fp                               0x08008a7e   Number         0  usenofp.o(x$fpl$usenofp)
    UARTPrescTable                           0x08008ae4   Data          24  stm32h7xx_hal_uart.o(.constdata)
    D1CorePrescTable                         0x08008b0c   Data          16  system_stm32h7xx.o(.constdata)
    Region$$Table$$Base                      0x08008b80   Number         0  anon$$obj.o(Region$$Table)
    Region$$Table$$Limit                     0x08008ba0   Number         0  anon$$obj.o(Region$$Table)
    last_control_time                        0x24000000   Data           4  main.o(.data)
    sbus_data_ready                          0x24000004   Data           1  usart.o(.data)
    uwTickFreq                               0x24000008   Data           1  stm32h7xx_hal.o(.data)
    uwTickPrio                               0x2400000c   Data           4  stm32h7xx_hal.o(.data)
    uwTick                                   0x24000010   Data           4  stm32h7xx_hal.o(.data)
    SystemCoreClock                          0x24000014   Data           4  system_stm32h7xx.o(.data)
    SystemD2Clock                            0x24000018   Data           4  system_stm32h7xx.o(.data)
    FDCAN2_buff                              0x2400001c   Data           8  candrive.o(.data)
    MWtest_A                                 0x24000024   Data          16  mwapp.o(.data)
    MWtest_C                                 0x24000034   Data          16  mwapp.o(.data)
    MWtest_E                                 0x24000044   Data          16  mwapp.o(.data)
    MWtest_G                                 0x24000054   Data          16  mwapp.o(.data)
    endPointTest                             0x24000064   Data          12  mwapp.o(.data)
    rpm_motors                               0x24000070   Data           8  dd115s.o(.data)
    gnss_data_ready                          0x24000098   Data           1  gnss.o(.data)
    gnss_rx_index                            0x2400009a   Data           2  gnss.o(.data)
    uart_rx_byte                             0x2400009c   Data           1  mavlink_app.o(.data)
    waypoint_count                           0x240000a4   Data           2  mavlink_app.o(.data)
    uart_rx_head                             0x240000a6   Data           2  mavlink_app.o(.data)
    uart_rx_tail                             0x240000a8   Data           2  mavlink_app.o(.data)
    huart_mavlink                            0x240000b0   Data           4  mavlink_app.o(.data)
    uart_rx_overflow_count                   0x24000cdc   Data           4  mavlink_app.o(.data)
    hfdcan2                                  0x24000ce0   Data         160  fdcan.o(.bss)
    hi2c1                                    0x24000d80   Data          84  i2c.o(.bss)
    Rxdata                                   0x24000dd4   Data          25  usart.o(.bss)
    huart4                                   0x24000df0   Data         148  usart.o(.bss)
    huart7                                   0x24000e84   Data         148  usart.o(.bss)
    huart1                                   0x24000f18   Data         148  usart.o(.bss)
    huart2                                   0x24000fac   Data         148  usart.o(.bss)
    huart3                                   0x24001040   Data         148  usart.o(.bss)
    hdma_usart3_rx                           0x240010d4   Data         120  usart.o(.bss)
    motors                                   0x2400114c   Data        2048  mwmotor.o(.bss)
    wheel_return_ctx                         0x2400194c   Data          80  mwapp.o(.bss)
    MWtestData_A                             0x240019a0   Data         120  mwapp.o(.bss)
    MWtestData_C                             0x24001a18   Data         120  mwapp.o(.bss)
    MWtestData_E                             0x24001a90   Data         120  mwapp.o(.bss)
    MWtestData_G                             0x24001b08   Data         120  mwapp.o(.bss)
    ch                                       0x24001b80   Data          36  sbus.o(.bss)
    g_motor_status                           0x24001c08   Data          80  dd115s.o(.bss)
    g_moving_wheel                           0x24001c58   Data         112  movingcontrol.o(.bss)
    RC                                       0x24001d7c   Data          36  remotecontrol.o(.bss)
    gnss_rx_buffer                           0x24001da0   Data         512  gnss.o(.bss)
    gnss_data                                0x24001fa0   Data         472  gnss.o(.bss)
    waypoints                                0x24002664   Data        1200  mavlink_app.o(.bss)
    uart_rx_buffer                           0x24002b14   Data         512  mavlink_app.o(.bss)
    __libspace_start                         0x24002ed0   Data          96  libspace.o(.bss)
    __temporary_stack_top$libspace           0x24002f30   Data           0  libspace.o(.bss)



==============================================================================

Memory Map of the image

  Image Entry point : 0x08000299

  Load Region LR_IROM1 (Base: 0x08000000, Size: 0x00009880, Max: 0x00020000, ABSOLUTE, COMPRESSED[0x00008ddc])

    Execution Region ER_IROM1 (Exec base: 0x08000000, Load base: 0x08000000, Size: 0x00008ba0, Max: 0x00020000, ABSOLUTE)

    Exec Addr    Load Addr    Size         Type   Attr      Idx    E Section Name        Object

    0x08000000   0x08000000   0x00000298   Data   RO            3    RESET               startup_stm32h750xx.o
    0x08000298   0x08000298   0x00000008   Code   RO        12635  * !!!main             c_w.l(__main.o)
    0x080002a0   0x080002a0   0x00000034   Code   RO        13214    !!!scatter          c_w.l(__scatter.o)
    0x080002d4   0x080002d4   0x0000005a   Code   RO        13212    !!dczerorl2         c_w.l(__dczerorl2.o)
    0x0800032e   0x0800032e   0x00000002   PAD
    0x08000330   0x08000330   0x0000001c   Code   RO        13216    !!handler_zi        c_w.l(__scatter_zi.o)
    0x0800034c   0x0800034c   0x00000002   Code   RO        13033    .ARM.Collect$$libinit$$00000000  c_w.l(libinit.o)
    0x0800034e   0x0800034e   0x00000004   Code   RO        13034    .ARM.Collect$$libinit$$00000001  c_w.l(libinit2.o)
    0x08000352   0x08000352   0x00000000   Code   RO        13037    .ARM.Collect$$libinit$$00000004  c_w.l(libinit2.o)
    0x08000352   0x08000352   0x00000000   Code   RO        13040    .ARM.Collect$$libinit$$0000000A  c_w.l(libinit2.o)
    0x08000352   0x08000352   0x00000000   Code   RO        13042    .ARM.Collect$$libinit$$0000000C  c_w.l(libinit2.o)
    0x08000352   0x08000352   0x00000000   Code   RO        13044    .ARM.Collect$$libinit$$0000000E  c_w.l(libinit2.o)
    0x08000352   0x08000352   0x00000000   Code   RO        13047    .ARM.Collect$$libinit$$00000011  c_w.l(libinit2.o)
    0x08000352   0x08000352   0x00000000   Code   RO        13049    .ARM.Collect$$libinit$$00000013  c_w.l(libinit2.o)
    0x08000352   0x08000352   0x00000000   Code   RO        13051    .ARM.Collect$$libinit$$00000015  c_w.l(libinit2.o)
    0x08000352   0x08000352   0x00000000   Code   RO        13053    .ARM.Collect$$libinit$$00000017  c_w.l(libinit2.o)
    0x08000352   0x08000352   0x00000000   Code   RO        13055    .ARM.Collect$$libinit$$00000019  c_w.l(libinit2.o)
    0x08000352   0x08000352   0x00000000   Code   RO        13057    .ARM.Collect$$libinit$$0000001B  c_w.l(libinit2.o)
    0x08000352   0x08000352   0x00000000   Code   RO        13059    .ARM.Collect$$libinit$$0000001D  c_w.l(libinit2.o)
    0x08000352   0x08000352   0x00000000   Code   RO        13061    .ARM.Collect$$libinit$$0000001F  c_w.l(libinit2.o)
    0x08000352   0x08000352   0x00000000   Code   RO        13063    .ARM.Collect$$libinit$$00000021  c_w.l(libinit2.o)
    0x08000352   0x08000352   0x00000000   Code   RO        13065    .ARM.Collect$$libinit$$00000023  c_w.l(libinit2.o)
    0x08000352   0x08000352   0x00000000   Code   RO        13067    .ARM.Collect$$libinit$$00000025  c_w.l(libinit2.o)
    0x08000352   0x08000352   0x00000000   Code   RO        13071    .ARM.Collect$$libinit$$0000002C  c_w.l(libinit2.o)
    0x08000352   0x08000352   0x00000000   Code   RO        13073    .ARM.Collect$$libinit$$0000002E  c_w.l(libinit2.o)
    0x08000352   0x08000352   0x00000000   Code   RO        13075    .ARM.Collect$$libinit$$00000030  c_w.l(libinit2.o)
    0x08000352   0x08000352   0x00000000   Code   RO        13077    .ARM.Collect$$libinit$$00000032  c_w.l(libinit2.o)
    0x08000352   0x08000352   0x00000002   Code   RO        13078    .ARM.Collect$$libinit$$00000033  c_w.l(libinit2.o)
    0x08000354   0x08000354   0x00000002   Code   RO        13153    .ARM.Collect$$libshutdown$$00000000  c_w.l(libshutdown.o)
    0x08000356   0x08000356   0x00000000   Code   RO        13187    .ARM.Collect$$libshutdown$$00000002  c_w.l(libshutdown2.o)
    0x08000356   0x08000356   0x00000000   Code   RO        13189    .ARM.Collect$$libshutdown$$00000004  c_w.l(libshutdown2.o)
    0x08000356   0x08000356   0x00000000   Code   RO        13192    .ARM.Collect$$libshutdown$$00000007  c_w.l(libshutdown2.o)
    0x08000356   0x08000356   0x00000000   Code   RO        13195    .ARM.Collect$$libshutdown$$0000000A  c_w.l(libshutdown2.o)
    0x08000356   0x08000356   0x00000000   Code   RO        13197    .ARM.Collect$$libshutdown$$0000000C  c_w.l(libshutdown2.o)
    0x08000356   0x08000356   0x00000000   Code   RO        13200    .ARM.Collect$$libshutdown$$0000000F  c_w.l(libshutdown2.o)
    0x08000356   0x08000356   0x00000002   Code   RO        13201    .ARM.Collect$$libshutdown$$00000010  c_w.l(libshutdown2.o)
    0x08000358   0x08000358   0x00000000   Code   RO        12795    .ARM.Collect$$rtentry$$00000000  c_w.l(__rtentry.o)
    0x08000358   0x08000358   0x00000000   Code   RO        12937    .ARM.Collect$$rtentry$$00000002  c_w.l(__rtentry2.o)
    0x08000358   0x08000358   0x00000006   Code   RO        12949    .ARM.Collect$$rtentry$$00000004  c_w.l(__rtentry4.o)
    0x0800035e   0x0800035e   0x00000000   Code   RO        12939    .ARM.Collect$$rtentry$$00000009  c_w.l(__rtentry2.o)
    0x0800035e   0x0800035e   0x00000004   Code   RO        12940    .ARM.Collect$$rtentry$$0000000A  c_w.l(__rtentry2.o)
    0x08000362   0x08000362   0x00000000   Code   RO        12942    .ARM.Collect$$rtentry$$0000000C  c_w.l(__rtentry2.o)
    0x08000362   0x08000362   0x00000008   Code   RO        12943    .ARM.Collect$$rtentry$$0000000D  c_w.l(__rtentry2.o)
    0x0800036a   0x0800036a   0x00000002   Code   RO        13079    .ARM.Collect$$rtexit$$00000000  c_w.l(rtexit.o)
    0x0800036c   0x0800036c   0x00000000   Code   RO        13112    .ARM.Collect$$rtexit$$00000002  c_w.l(rtexit2.o)
    0x0800036c   0x0800036c   0x00000004   Code   RO        13113    .ARM.Collect$$rtexit$$00000003  c_w.l(rtexit2.o)
    0x08000370   0x08000370   0x00000006   Code   RO        13114    .ARM.Collect$$rtexit$$00000004  c_w.l(rtexit2.o)
    0x08000376   0x08000376   0x00000002   PAD
    0x08000378   0x08000378   0x00000048   Code   RO            4    .text               startup_stm32h750xx.o
    0x080003c0   0x080003c0   0x000000ee   Code   RO        12553    .text               c_w.l(lludivv7m.o)
    0x080004ae   0x080004ae   0x00000064   Code   RO        12623    .text               c_w.l(rt_memcpy_w.o)
    0x08000512   0x08000512   0x0000004e   Code   RO        12627    .text               c_w.l(rt_memclr_w.o)
    0x08000560   0x08000560   0x00000006   Code   RO        12633    .text               c_w.l(heapauxi.o)
    0x08000566   0x08000566   0x00000002   PAD
    0x08000568   0x08000568   0x00000008   Code   RO        12803    .text               c_w.l(rt_errno_addr_intlibspace.o)
    0x08000570   0x08000570   0x00000016   Code   RO        12805    .text               c_w.l(_rserrno.o)
    0x08000586   0x08000586   0x00000002   PAD
    0x08000588   0x08000588   0x00000008   Code   RO        12933    .text               c_w.l(libspace.o)
    0x08000590   0x08000590   0x0000004a   Code   RO        13013    .text               c_w.l(sys_stackheap_outer.o)
    0x080005da   0x080005da   0x00000012   Code   RO        13022    .text               c_w.l(exit.o)
    0x080005ec   0x080005ec   0x0000000c   Code   RO        13109    .text               c_w.l(sys_exit.o)
    0x080005f8   0x080005f8   0x00000002   Code   RO        13140    .text               c_w.l(use_no_semi.o)
    0x080005fa   0x080005fa   0x00000000   Code   RO        13142    .text               c_w.l(indicate_semi.o)
    0x080005fa   0x080005fa   0x00000002   PAD
    0x080005fc   0x080005fc   0x00000468   Code   RO         5635    i.AckermannMove     movingcontrol.o
    0x08000a64   0x08000a64   0x00000002   Code   RO         1248    i.BusFault_Handler  stm32h7xx_it.o
    0x08000a66   0x08000a66   0x0000002c   Code   RO         5015    i.CAN_Receive_DataFrame  candrive.o
    0x08000a92   0x08000a92   0x00000002   PAD
    0x08000a94   0x08000a94   0x00000044   Code   RO         5016    i.CAN_Send_StdDataFrame  candrive.o
    0x08000ad8   0x08000ad8   0x00000054   Code   RO         5017    i.CanFilter_Init    candrive.o
    0x08000b2c   0x08000b2c   0x00000068   Code   RO         5636    i.ControlLoop_Init  movingcontrol.o
    0x08000b94   0x08000b94   0x00000204   Code   RO         5637    i.CrabbingMove      movingcontrol.o
    0x08000d98   0x08000d98   0x0000000c   Code   RO         1249    i.DMA1_Stream0_IRQHandler  stm32h7xx_it.o
    0x08000da4   0x08000da4   0x000000b4   Code   RO         2163    i.DMA_CalcBaseAndBitshift  stm32h7xx_hal_dma.o
    0x08000e58   0x08000e58   0x0000009c   Code   RO         2164    i.DMA_CalcDMAMUXChannelBaseAndMask  stm32h7xx_hal_dma.o
    0x08000ef4   0x08000ef4   0x00000074   Code   RO         2165    i.DMA_CalcDMAMUXRequestGenBaseAndMask  stm32h7xx_hal_dma.o
    0x08000f68   0x08000f68   0x00000054   Code   RO         2166    i.DMA_CheckFifoParam  stm32h7xx_hal_dma.o
    0x08000fbc   0x08000fbc   0x00000220   Code   RO         2167    i.DMA_SetConfig     stm32h7xx_hal_dma.o
    0x080011dc   0x080011dc   0x00000002   Code   RO         1250    i.DebugMon_Handler  stm32h7xx_it.o
    0x080011de   0x080011de   0x00000004   Code   RO           13    i.Error_Handler     main.o
    0x080011e2   0x080011e2   0x00000002   PAD
    0x080011e4   0x080011e4   0x0000001c   Code   RO         4972    i.ExitRun0Mode      system_stm32h7xx.o
    0x08001200   0x08001200   0x0000000c   Code   RO         1251    i.FDCAN2_IT0_IRQHandler  stm32h7xx_it.o
    0x0800120c   0x0800120c   0x0000000c   Code   RO         1252    i.FDCAN2_IT1_IRQHandler  stm32h7xx_it.o
    0x08001218   0x08001218   0x000001c8   Code   RO         3780    i.FDCAN_CalcultateRamBlockAddresses  stm32h7xx_hal_fdcan.o
    0x080013e0   0x080013e0   0x0000006c   Code   RO         3781    i.FDCAN_CopyMessageToRAM  stm32h7xx_hal_fdcan.o
    0x0800144c   0x0800144c   0x00000360   Code   RO         2168    i.HAL_DMA_Abort     stm32h7xx_hal_dma.o
    0x080017ac   0x080017ac   0x00000284   Code   RO         2169    i.HAL_DMA_Abort_IT  stm32h7xx_hal_dma.o
    0x08001a30   0x08001a30   0x000006e8   Code   RO         2173    i.HAL_DMA_IRQHandler  stm32h7xx_hal_dma.o
    0x08002118   0x08002118   0x000003c4   Code   RO         2174    i.HAL_DMA_Init      stm32h7xx_hal_dma.o
    0x080024dc   0x080024dc   0x0000029c   Code   RO         2178    i.HAL_DMA_Start_IT  stm32h7xx_hal_dma.o
    0x08002778   0x08002778   0x00000024   Code   RO         2877    i.HAL_Delay         stm32h7xx_hal.o
    0x0800279c   0x0800279c   0x00000088   Code   RO         3783    i.HAL_FDCAN_ActivateNotification  stm32h7xx_hal_fdcan.o
    0x08002824   0x08002824   0x00000066   Code   RO         3785    i.HAL_FDCAN_AddMessageToTxFifoQ  stm32h7xx_hal_fdcan.o
    0x0800288a   0x0800288a   0x00000002   Code   RO         3786    i.HAL_FDCAN_ClockCalibrationCallback  stm32h7xx_hal_fdcan.o
    0x0800288c   0x0800288c   0x0000007e   Code   RO         3790    i.HAL_FDCAN_ConfigFilter  stm32h7xx_hal_fdcan.o
    0x0800290a   0x0800290a   0x00000024   Code   RO         3797    i.HAL_FDCAN_ConfigTxDelayCompensation  stm32h7xx_hal_fdcan.o
    0x0800292e   0x0800292e   0x00000026   Code   RO         3810    i.HAL_FDCAN_EnableTxDelayCompensation  stm32h7xx_hal_fdcan.o
    0x08002954   0x08002954   0x00000002   Code   RO         3812    i.HAL_FDCAN_ErrorCallback  stm32h7xx_hal_fdcan.o
    0x08002956   0x08002956   0x00000002   Code   RO         3813    i.HAL_FDCAN_ErrorStatusCallback  stm32h7xx_hal_fdcan.o
    0x08002958   0x08002958   0x0000018c   Code   RO         3824    i.HAL_FDCAN_GetRxMessage  stm32h7xx_hal_fdcan.o
    0x08002ae4   0x08002ae4   0x00000002   Code   RO         3830    i.HAL_FDCAN_HighPriorityMessageCallback  stm32h7xx_hal_fdcan.o
    0x08002ae6   0x08002ae6   0x00000002   PAD
    0x08002ae8   0x08002ae8   0x00000320   Code   RO         3831    i.HAL_FDCAN_IRQHandler  stm32h7xx_hal_fdcan.o
    0x08002e08   0x08002e08   0x00000244   Code   RO         3832    i.HAL_FDCAN_Init    stm32h7xx_hal_fdcan.o
    0x0800304c   0x0800304c   0x000000a8   Code   RO         1079    i.HAL_FDCAN_MspInit  fdcan.o
    0x080030f4   0x080030f4   0x00000002   Code   RO         3841    i.HAL_FDCAN_RxBufferNewMessageCallback  stm32h7xx_hal_fdcan.o
    0x080030f6   0x080030f6   0x00000002   PAD
    0x080030f8   0x080030f8   0x00000030   Code   RO         1080    i.HAL_FDCAN_RxFifo0Callback  fdcan.o
    0x08003128   0x08003128   0x00000002   Code   RO         3843    i.HAL_FDCAN_RxFifo1Callback  stm32h7xx_hal_fdcan.o
    0x0800312a   0x0800312a   0x00000032   Code   RO         3844    i.HAL_FDCAN_Start   stm32h7xx_hal_fdcan.o
    0x0800315c   0x0800315c   0x00000002   Code   RO         3866    i.HAL_FDCAN_TT_GlobalTimeCallback  stm32h7xx_hal_fdcan.o
    0x0800315e   0x0800315e   0x00000002   Code   RO         3867    i.HAL_FDCAN_TT_ScheduleSyncCallback  stm32h7xx_hal_fdcan.o
    0x08003160   0x08003160   0x00000002   Code   RO         3872    i.HAL_FDCAN_TT_StopWatchCallback  stm32h7xx_hal_fdcan.o
    0x08003162   0x08003162   0x00000002   Code   RO         3873    i.HAL_FDCAN_TT_TimeMarkCallback  stm32h7xx_hal_fdcan.o
    0x08003164   0x08003164   0x00000002   Code   RO         3874    i.HAL_FDCAN_TimeoutOccurredCallback  stm32h7xx_hal_fdcan.o
    0x08003166   0x08003166   0x00000002   Code   RO         3875    i.HAL_FDCAN_TimestampWraparoundCallback  stm32h7xx_hal_fdcan.o
    0x08003168   0x08003168   0x00000002   Code   RO         3876    i.HAL_FDCAN_TxBufferAbortCallback  stm32h7xx_hal_fdcan.o
    0x0800316a   0x0800316a   0x00000002   Code   RO         3877    i.HAL_FDCAN_TxBufferCompleteCallback  stm32h7xx_hal_fdcan.o
    0x0800316c   0x0800316c   0x00000002   Code   RO         3878    i.HAL_FDCAN_TxEventFifoCallback  stm32h7xx_hal_fdcan.o
    0x0800316e   0x0800316e   0x00000002   Code   RO         3879    i.HAL_FDCAN_TxFifoEmptyCallback  stm32h7xx_hal_fdcan.o
    0x08003170   0x08003170   0x0000022c   Code   RO         2016    i.HAL_GPIO_Init     stm32h7xx_hal_gpio.o
    0x0800339c   0x0800339c   0x0000000c   Code   RO         2888    i.HAL_GetREVID      stm32h7xx_hal.o
    0x080033a8   0x080033a8   0x0000000c   Code   RO         2889    i.HAL_GetTick       stm32h7xx_hal.o
    0x080033b4   0x080033b4   0x00000058   Code   RO         3654    i.HAL_I2CEx_ConfigAnalogFilter  stm32h7xx_hal_i2c_ex.o
    0x0800340c   0x0800340c   0x00000054   Code   RO         3655    i.HAL_I2CEx_ConfigDigitalFilter  stm32h7xx_hal_i2c_ex.o
    0x08003460   0x08003460   0x000000c0   Code   RO         3193    i.HAL_I2C_Init      stm32h7xx_hal_i2c.o
    0x08003520   0x08003520   0x00000088   Code   RO         1128    i.HAL_I2C_MspInit   i2c.o
    0x080035a8   0x080035a8   0x00000010   Code   RO         2895    i.HAL_IncTick       stm32h7xx_hal.o
    0x080035b8   0x080035b8   0x0000005c   Code   RO         2896    i.HAL_Init          stm32h7xx_hal.o
    0x08003614   0x08003614   0x00000040   Code   RO         2897    i.HAL_InitTick      stm32h7xx_hal.o
    0x08003654   0x08003654   0x0000005c   Code   RO         1391    i.HAL_MPU_ConfigRegion  stm32h7xx_hal_cortex.o
    0x080036b0   0x080036b0   0x0000001c   Code   RO         1392    i.HAL_MPU_Disable   stm32h7xx_hal_cortex.o
    0x080036cc   0x080036cc   0x00000024   Code   RO         1394    i.HAL_MPU_Enable    stm32h7xx_hal_cortex.o
    0x080036f0   0x080036f0   0x0000001c   Code   RO         1366    i.HAL_MspInit       stm32h7xx_hal_msp.o
    0x0800370c   0x0800370c   0x0000001a   Code   RO         1398    i.HAL_NVIC_EnableIRQ  stm32h7xx_hal_cortex.o
    0x08003726   0x08003726   0x00000002   PAD
    0x08003728   0x08003728   0x00000040   Code   RO         1404    i.HAL_NVIC_SetPriority  stm32h7xx_hal_cortex.o
    0x08003768   0x08003768   0x00000024   Code   RO         1405    i.HAL_NVIC_SetPriorityGrouping  stm32h7xx_hal_cortex.o
    0x0800378c   0x0800378c   0x00000054   Code   RO         2617    i.HAL_PWREx_ConfigSupply  stm32h7xx_hal_pwr_ex.o
    0x080037e0   0x080037e0   0x00000024   Code   RO         1659    i.HAL_RCCEx_GetD3PCLK1Freq  stm32h7xx_hal_rcc_ex.o
    0x08003804   0x08003804   0x00000144   Code   RO         1661    i.HAL_RCCEx_GetPLL2ClockFreq  stm32h7xx_hal_rcc_ex.o
    0x08003948   0x08003948   0x00000144   Code   RO         1662    i.HAL_RCCEx_GetPLL3ClockFreq  stm32h7xx_hal_rcc_ex.o
    0x08003a8c   0x08003a8c   0x000009ac   Code   RO         1668    i.HAL_RCCEx_PeriphCLKConfig  stm32h7xx_hal_rcc_ex.o
    0x08004438   0x08004438   0x0000025c   Code   RO         1544    i.HAL_RCC_ClockConfig  stm32h7xx_hal_rcc.o
    0x08004694   0x08004694   0x00000044   Code   RO         1549    i.HAL_RCC_GetHCLKFreq  stm32h7xx_hal_rcc.o
    0x080046d8   0x080046d8   0x00000024   Code   RO         1551    i.HAL_RCC_GetPCLK1Freq  stm32h7xx_hal_rcc.o
    0x080046fc   0x080046fc   0x00000024   Code   RO         1552    i.HAL_RCC_GetPCLK2Freq  stm32h7xx_hal_rcc.o
    0x08004720   0x08004720   0x00000138   Code   RO         1553    i.HAL_RCC_GetSysClockFreq  stm32h7xx_hal_rcc.o
    0x08004858   0x08004858   0x00000582   Code   RO         1556    i.HAL_RCC_OscConfig  stm32h7xx_hal_rcc.o
    0x08004dda   0x08004dda   0x00000002   PAD
    0x08004ddc   0x08004ddc   0x0000008c   Code   RO         4853    i.HAL_RS485Ex_Init  stm32h7xx_hal_uart_ex.o
    0x08004e68   0x08004e68   0x00000026   Code   RO         1409    i.HAL_SYSTICK_Config  stm32h7xx_hal_cortex.o
    0x08004e8e   0x08004e8e   0x00000040   Code   RO         4854    i.HAL_UARTEx_DisableFifoMode  stm32h7xx_hal_uart_ex.o
    0x08004ece   0x08004ece   0x0000004a   Code   RO         4860    i.HAL_UARTEx_ReceiveToIdle_DMA  stm32h7xx_hal_uart_ex.o
    0x08004f18   0x08004f18   0x000000e8   Code   RO         1169    i.HAL_UARTEx_RxEventCallback  usart.o
    0x08005000   0x08005000   0x00000002   Code   RO         4862    i.HAL_UARTEx_RxFifoFullCallback  stm32h7xx_hal_uart_ex.o
    0x08005002   0x08005002   0x0000004c   Code   RO         4863    i.HAL_UARTEx_SetRxFifoThreshold  stm32h7xx_hal_uart_ex.o
    0x0800504e   0x0800504e   0x0000004c   Code   RO         4864    i.HAL_UARTEx_SetTxFifoThreshold  stm32h7xx_hal_uart_ex.o
    0x0800509a   0x0800509a   0x00000002   Code   RO         4866    i.HAL_UARTEx_TxFifoEmptyCallback  stm32h7xx_hal_uart_ex.o
    0x0800509c   0x0800509c   0x00000002   Code   RO         4867    i.HAL_UARTEx_WakeupCallback  stm32h7xx_hal_uart_ex.o
    0x0800509e   0x0800509e   0x00000002   Code   RO         4459    i.HAL_UART_ErrorCallback  stm32h7xx_hal_uart.o
    0x080050a0   0x080050a0   0x0000039c   Code   RO         4462    i.HAL_UART_IRQHandler  stm32h7xx_hal_uart.o
    0x0800543c   0x0800543c   0x0000006a   Code   RO         4463    i.HAL_UART_Init     stm32h7xx_hal_uart.o
    0x080054a6   0x080054a6   0x00000002   PAD
    0x080054a8   0x080054a8   0x000002d4   Code   RO         1171    i.HAL_UART_MspInit  usart.o
    0x0800577c   0x0800577c   0x00000048   Code   RO         4468    i.HAL_UART_Receive_IT  stm32h7xx_hal_uart.o
    0x080057c4   0x080057c4   0x000000b0   Code   RO         1172    i.HAL_UART_RxCpltCallback  usart.o
    0x08005874   0x08005874   0x00000002   Code   RO         4471    i.HAL_UART_RxHalfCpltCallback  stm32h7xx_hal_uart.o
    0x08005876   0x08005876   0x000000b0   Code   RO         4472    i.HAL_UART_Transmit  stm32h7xx_hal_uart.o
    0x08005926   0x08005926   0x00000002   Code   RO         4475    i.HAL_UART_TxCpltCallback  stm32h7xx_hal_uart.o
    0x08005928   0x08005928   0x00000002   Code   RO         1253    i.HardFault_Handler  stm32h7xx_it.o
    0x0800592a   0x0800592a   0x00000034   Code   RO         5079    i.MWHeartbeatRec    mwmotor.o
    0x0800595e   0x0800595e   0x00000002   PAD
    0x08005960   0x08005960   0x000000ac   Code   RO         5081    i.MWMitControlRec   mwmotor.o
    0x08005a0c   0x08005a0c   0x0000011c   Code   RO         5315    i.MWMode_Init       mwapp.o
    0x08005b28   0x08005b28   0x00000050   Code   RO         5082    i.MWPosControl      mwmotor.o
    0x08005b78   0x08005b78   0x00000104   Code   RO         5316    i.MWPowerOnReturnAdvanced_PosMode  mwapp.o
    0x08005c7c   0x08005c7c   0x0000005c   Code   RO         5317    i.MWPowerOnReturnAll  mwapp.o
    0x08005cd8   0x08005cd8   0x000000d0   Code   RO         5084    i.MWReceiver        mwmotor.o
    0x08005da8   0x08005da8   0x0000002c   Code   RO         5085    i.MWRegisterMotor   mwmotor.o
    0x08005dd4   0x08005dd4   0x00000014   Code   RO         5086    i.MWRxSdoRec        mwmotor.o
    0x08005de8   0x08005de8   0x00000054   Code   RO         5087    i.MWRxTxSdo         mwmotor.o
    0x08005e3c   0x08005e3c   0x00000034   Code   RO         5090    i.MWSetAxisState    mwmotor.o
    0x08005e70   0x08005e70   0x00000034   Code   RO         5091    i.MWSetControllerMode  mwmotor.o
    0x08005ea4   0x08005ea4   0x00000038   Code   RO         5096    i.MWSetTrajInertia  mwmotor.o
    0x08005edc   0x08005edc   0x00000070   Code   RO         5318    i.MW_SetXLock       mwapp.o
    0x08005f4c   0x08005f4c   0x0000002c   Code   RO         1054    i.MX_DMA_Init       dma.o
    0x08005f78   0x08005f78   0x00000078   Code   RO         1081    i.MX_FDCAN2_Init    fdcan.o
    0x08005ff0   0x08005ff0   0x0000005c   Code   RO         1030    i.MX_GPIO_Init      gpio.o
    0x0800604c   0x0800604c   0x00000058   Code   RO         1129    i.MX_I2C1_Init      i2c.o
    0x080060a4   0x080060a4   0x00000068   Code   RO         1173    i.MX_UART4_Init     usart.o
    0x0800610c   0x0800610c   0x00000068   Code   RO         1174    i.MX_UART7_Init     usart.o
    0x08006174   0x08006174   0x00000068   Code   RO         1175    i.MX_USART1_UART_Init  usart.o
    0x080061dc   0x080061dc   0x0000006c   Code   RO         1176    i.MX_USART2_UART_Init  usart.o
    0x08006248   0x08006248   0x0000006c   Code   RO         1177    i.MX_USART3_UART_Init  usart.o
    0x080062b4   0x080062b4   0x00000002   Code   RO         1254    i.MemManage_Handler  stm32h7xx_it.o
    0x080062b6   0x080062b6   0x00000002   PAD
    0x080062b8   0x080062b8   0x00000010   Code   RO         5319    i.MotorBusSend      mwapp.o
    0x080062c8   0x080062c8   0x000000a4   Code   RO         5320    i.MotorDriver_UpdateMW  mwapp.o
    0x0800636c   0x0800636c   0x0000007c   Code   RO         5458    i.MotorDriver_UpdateMotors  dd115s.o
    0x080063e8   0x080063e8   0x00000002   Code   RO         5321    i.MotorNotice       mwapp.o
    0x080063ea   0x080063ea   0x00000002   PAD
    0x080063ec   0x080063ec   0x00000038   Code   RO         5462    i.Motor_EmergencyStop  dd115s.o
    0x08006424   0x08006424   0x0000003c   Code   RO         5471    i.Motor_SendSpeed   dd115s.o
    0x08006460   0x08006460   0x00000088   Code   RO         5473    i.Motor_SendSpeedArray  dd115s.o
    0x080064e8   0x080064e8   0x0000004c   Code   RO         5474    i.Motor_SetMode     dd115s.o
    0x08006534   0x08006534   0x0000001e   Code   RO         5475    i.Motor_SetModeAll  dd115s.o
    0x08006552   0x08006552   0x00000002   PAD
    0x08006554   0x08006554   0x00000040   Code   RO         5476    i.Motor_SystemInit  dd115s.o
    0x08006594   0x08006594   0x00000014   Code   RO         5479    i.MovingMotor_LimitRPM  dd115s.o
    0x080065a8   0x080065a8   0x00000002   Code   RO         1255    i.NMI_Handler       stm32h7xx_it.o
    0x080065aa   0x080065aa   0x00000002   Code   RO         1256    i.PendSV_Handler    stm32h7xx_it.o
    0x080065ac   0x080065ac   0x00000120   Code   RO         1671    i.RCCEx_PLL2_Config  stm32h7xx_hal_rcc_ex.o
    0x080066cc   0x080066cc   0x00000120   Code   RO         1672    i.RCCEx_PLL3_Config  stm32h7xx_hal_rcc_ex.o
    0x080067ec   0x080067ec   0x0000002c   Code   RO         5791    i.RCCheckConnection  remotecontrol.o
    0x08006818   0x08006818   0x0000025c   Code   RO         5792    i.RCGetValue        remotecontrol.o
    0x08006a74   0x08006a74   0x00000078   Code   RO         5793    i.RCInit            remotecontrol.o
    0x08006aec   0x08006aec   0x0000002c   Code   RO         5797    i.RC_EnterFailsafeMode  remotecontrol.o
    0x08006b18   0x08006b18   0x0000001c   Code   RO         5481    i.RS485_Send        dd115s.o
    0x08006b34   0x08006b34   0x00000164   Code   RO         5638    i.RotationMove      movingcontrol.o
    0x08006c98   0x08006c98   0x00000002   Code   RO         1257    i.SVC_Handler       stm32h7xx_it.o
    0x08006c9a   0x08006c9a   0x0000002c   Code   RO         5397    i.Sbus_GetMoveMode  sbus.o
    0x08006cc6   0x08006cc6   0x00000020   Code   RO         5398    i.Sbus_GetSystemMode  sbus.o
    0x08006ce6   0x08006ce6   0x00000002   PAD
    0x08006ce8   0x08006ce8   0x00000058   Code   RO         5400    i.Sbus_MapSteering  sbus.o
    0x08006d40   0x08006d40   0x00000064   Code   RO         5401    i.Sbus_MapThrottle  sbus.o
    0x08006da4   0x08006da4   0x00000116   Code   RO         5402    i.Sbus_Parse        sbus.o
    0x08006eba   0x08006eba   0x00000004   Code   RO         1258    i.SysTick_Handler   stm32h7xx_it.o
    0x08006ebe   0x08006ebe   0x00000002   PAD
    0x08006ec0   0x08006ec0   0x000000a8   Code   RO           14    i.SystemClock_Config  main.o
    0x08006f68   0x08006f68   0x000000f8   Code   RO         4974    i.SystemInit        system_stm32h7xx.o
    0x08007060   0x08007060   0x00000028   Code   RO         5640    i.TrajPlanning_GetCurrentTime  movingcontrol.o
    0x08007088   0x08007088   0x0000002c   Code   RO         5641    i.TrajPlanning_SystemInit  movingcontrol.o
    0x080070b4   0x080070b4   0x000000f4   Code   RO         5642    i.TrapTraj_Eval     movingcontrol.o
    0x080071a8   0x080071a8   0x00000014   Code   RO         5643    i.TrapTraj_GetPosition  movingcontrol.o
    0x080071bc   0x080071bc   0x0000001a   Code   RO         5645    i.TrapTraj_Init     movingcontrol.o
    0x080071d6   0x080071d6   0x00000002   PAD
    0x080071d8   0x080071d8   0x000001b0   Code   RO         5647    i.TrapTraj_PlanTrapezoidal  movingcontrol.o
    0x08007388   0x08007388   0x00000028   Code   RO         5648    i.TrapTraj_Reset    movingcontrol.o
    0x080073b0   0x080073b0   0x0000000c   Code   RO         1259    i.UART4_IRQHandler  stm32h7xx_it.o
    0x080073bc   0x080073bc   0x0000000c   Code   RO         1260    i.UART7_IRQHandler  stm32h7xx_it.o
    0x080073c8   0x080073c8   0x00000044   Code   RO         4868    i.UARTEx_SetNbDataToProcess  stm32h7xx_hal_uart_ex.o
    0x0800740c   0x0800740c   0x000000c8   Code   RO         4477    i.UART_AdvFeatureConfig  stm32h7xx_hal_uart.o
    0x080074d4   0x080074d4   0x000000aa   Code   RO         4478    i.UART_CheckIdleState  stm32h7xx_hal_uart.o
    0x0800757e   0x0800757e   0x00000010   Code   RO         4479    i.UART_DMAAbortOnError  stm32h7xx_hal_uart.o
    0x0800758e   0x0800758e   0x0000004e   Code   RO         4480    i.UART_DMAError     stm32h7xx_hal_uart.o
    0x080075dc   0x080075dc   0x00000082   Code   RO         4481    i.UART_DMAReceiveCplt  stm32h7xx_hal_uart.o
    0x0800765e   0x0800765e   0x00000020   Code   RO         4483    i.UART_DMARxHalfCplt  stm32h7xx_hal_uart.o
    0x0800767e   0x0800767e   0x00000002   PAD
    0x08007680   0x08007680   0x00000054   Code   RO         4489    i.UART_EndRxTransfer  stm32h7xx_hal_uart.o
    0x080076d4   0x080076d4   0x0000002e   Code   RO         4490    i.UART_EndTxTransfer  stm32h7xx_hal_uart.o
    0x08007702   0x08007702   0x00000002   PAD
    0x08007704   0x08007704   0x000000c8   Code   RO         4491    i.UART_RxISR_16BIT  stm32h7xx_hal_uart.o
    0x080077cc   0x080077cc   0x000001a0   Code   RO         4492    i.UART_RxISR_16BIT_FIFOEN  stm32h7xx_hal_uart.o
    0x0800796c   0x0800796c   0x000000c8   Code   RO         4493    i.UART_RxISR_8BIT   stm32h7xx_hal_uart.o
    0x08007a34   0x08007a34   0x000001a0   Code   RO         4494    i.UART_RxISR_8BIT_FIFOEN  stm32h7xx_hal_uart.o
    0x08007bd4   0x08007bd4   0x000003ac   Code   RO         4495    i.UART_SetConfig    stm32h7xx_hal_uart.o
    0x08007f80   0x08007f80   0x000000a8   Code   RO         4496    i.UART_Start_Receive_DMA  stm32h7xx_hal_uart.o
    0x08008028   0x08008028   0x00000110   Code   RO         4497    i.UART_Start_Receive_IT  stm32h7xx_hal_uart.o
    0x08008138   0x08008138   0x00000094   Code   RO         4502    i.UART_WaitOnFlagUntilTimeout  stm32h7xx_hal_uart.o
    0x080081cc   0x080081cc   0x00000010   Code   RO         5649    i.UGVControlInit    movingcontrol.o
    0x080081dc   0x080081dc   0x0000000c   Code   RO         1261    i.USART1_IRQHandler  stm32h7xx_it.o
    0x080081e8   0x080081e8   0x0000000c   Code   RO         1262    i.USART3_IRQHandler  stm32h7xx_it.o
    0x080081f4   0x080081f4   0x00000002   Code   RO         1263    i.UsageFault_Handler  stm32h7xx_it.o
    0x080081f6   0x080081f6   0x00000026   Code   RO        12911    i.__ARM_fpclassifyf  m_wv.l(fpclassifyf.o)
    0x0800821c   0x0800821c   0x00000022   Code   RO         1411    i.__NVIC_SetPriority  stm32h7xx_hal_cortex.o
    0x0800823e   0x0800823e   0x00000002   PAD
    0x08008240   0x08008240   0x00000170   Code   RO        12647    i.__hardfp_atanf    m_wv.l(atanf.o)
    0x080083b0   0x080083b0   0x00000194   Code   RO        12735    i.__hardfp_sinf     m_wv.l(sinf.o)
    0x08008544   0x08008544   0x0000003a   Code   RO        12759    i.__hardfp_sqrtf    m_wv.l(sqrtf.o)
    0x0800857e   0x0800857e   0x00000002   PAD
    0x08008580   0x08008580   0x00000180   Code   RO        12771    i.__hardfp_tanf     m_wv.l(tanf.o)
    0x08008700   0x08008700   0x00000006   Code   RO        12914    i.__mathlib_flt_infnan  m_wv.l(funder.o)
    0x08008706   0x08008706   0x00000002   PAD
    0x08008708   0x08008708   0x00000010   Code   RO        12916    i.__mathlib_flt_invalid  m_wv.l(funder.o)
    0x08008718   0x08008718   0x00000010   Code   RO        12919    i.__mathlib_flt_underflow  m_wv.l(funder.o)
    0x08008728   0x08008728   0x00000154   Code   RO        12930    i.__mathlib_rredf2  m_wv.l(rredf.o)
    0x0800887c   0x0800887c   0x00000022   Code   RO         5650    i.copysign_f        movingcontrol.o
    0x0800889e   0x0800889e   0x00000002   PAD
    0x080088a0   0x080088a0   0x00000030   Code   RO         5482    i.crc8_maxim        dd115s.o
    0x080088d0   0x080088d0   0x00000006   Code   RO         5651    i.fabsf             movingcontrol.o
    0x080088d6   0x080088d6   0x00000006   Code   RO         5652    i.fmax_f            movingcontrol.o
    0x080088dc   0x080088dc   0x00000178   Code   RO           15    i.main              main.o
    0x08008a54   0x08008a54   0x00000020   Code   RO         5653    i.sign_hard         movingcontrol.o
    0x08008a74   0x08008a74   0x0000000a   Code   RO        13093    x$fpl$fpinit        fz_wv.l(fpinit.o)
    0x08008a7e   0x08008a7e   0x00000000   Code   RO        12894    x$fpl$usenofp       fz_wv.l(usenofp.o)
    0x08008a7e   0x08008a7e   0x00000008   Data   RO         2180    .constdata          stm32h7xx_hal_dma.o
    0x08008a86   0x08008a86   0x00000002   PAD
    0x08008a88   0x08008a88   0x0000005c   Data   RO         3880    .constdata          stm32h7xx_hal_fdcan.o
    0x08008ae4   0x08008ae4   0x00000018   Data   RO         4503    .constdata          stm32h7xx_hal_uart.o
    0x08008afc   0x08008afc   0x00000010   Data   RO         4869    .constdata          stm32h7xx_hal_uart_ex.o
    0x08008b0c   0x08008b0c   0x00000010   Data   RO         4975    .constdata          system_stm32h7xx.o
    0x08008b1c   0x08008b1c   0x00000024   Data   RO         5018    .constdata          candrive.o
    0x08008b40   0x08008b40   0x00000020   Data   RO         5328    .constdata          mwapp.o
    0x08008b60   0x08008b60   0x00000020   Data   RO        12931    .constdata          m_wv.l(rredf.o)
    0x08008b80   0x08008b80   0x00000020   Data   RO        13210    Region$$Table       anon$$obj.o


    Execution Region RW_IRAM2 (Exec base: 0x24000000, Load base: 0x08008ba0, Size: 0x00003530, Max: 0x00080000, ABSOLUTE, COMPRESSED[0x0000023c])

    Exec Addr    Load Addr    Size         Type   Attr      Idx    E Section Name        Object

    0x24000000   COMPRESSED   0x00000004   Data   RW           16    .data               main.o
    0x24000004   COMPRESSED   0x00000001   Data   RW         1179    .data               usart.o
    0x24000005   COMPRESSED   0x00000003   PAD
    0x24000008   COMPRESSED   0x0000000c   Data   RW         2918    .data               stm32h7xx_hal.o
    0x24000014   COMPRESSED   0x00000008   Data   RW         4976    .data               system_stm32h7xx.o
    0x2400001c   COMPRESSED   0x00000008   Data   RW         5019    .data               candrive.o
    0x24000024   COMPRESSED   0x0000004c   Data   RW         5329    .data               mwapp.o
    0x24000070   COMPRESSED   0x00000008   Data   RW         5484    .data               dd115s.o
    0x24000078   COMPRESSED   0x00000010   Data   RW         5655    .data               movingcontrol.o
    0x24000088   COMPRESSED   0x00000010   Data   RW         5800    .data               remotecontrol.o
    0x24000098   COMPRESSED   0x00000004   Data   RW         5879    .data               gnss.o
    0x2400009c   COMPRESSED   0x00000c40   Data   RW         6097    .data               mavlink_app.o
    0x24000cdc   COMPRESSED   0x00000004   Data   RW         6098    .data               mavlink_app.o
    0x24000ce0        -       0x000000a0   Zero   RW         1082    .bss                fdcan.o
    0x24000d80        -       0x00000054   Zero   RW         1130    .bss                i2c.o
    0x24000dd4        -       0x00000378   Zero   RW         1178    .bss                usart.o
    0x2400114c        -       0x00000800   Zero   RW         5102    .bss                mwmotor.o
    0x2400194c        -       0x00000050   Zero   RW         5322    .bss                mwapp.o
    0x2400199c   COMPRESSED   0x00000004   PAD
    0x240019a0        -       0x00000078   Zero   RW         5324    .bss                mwapp.o
    0x24001a18        -       0x00000078   Zero   RW         5325    .bss                mwapp.o
    0x24001a90        -       0x00000078   Zero   RW         5326    .bss                mwapp.o
    0x24001b08        -       0x00000078   Zero   RW         5327    .bss                mwapp.o
    0x24001b80        -       0x00000024   Zero   RW         5403    .bss                sbus.o
    0x24001ba4        -       0x000000b4   Zero   RW         5483    .bss                dd115s.o
    0x24001c58        -       0x00000124   Zero   RW         5654    .bss                movingcontrol.o
    0x24001d7c        -       0x00000024   Zero   RW         5799    .bss                remotecontrol.o
    0x24001da0        -       0x000003d8   Zero   RW         5878    .bss                gnss.o
    0x24002178        -       0x00000d58   Zero   RW         6095    .bss                mavlink_app.o
    0x24002ed0        -       0x00000060   Zero   RW        12934    .bss                c_w.l(libspace.o)
    0x24002f30        -       0x00000200   Zero   RW            2    HEAP                startup_stm32h750xx.o
    0x24003130        -       0x00000400   Zero   RW            1    STACK               startup_stm32h750xx.o


==============================================================================

Image component sizes


      Code (inc. data)   RO Data    RW Data    ZI Data      Debug   Object Name

       196         16         36          8          0      42715   candrive.o
       642         46          0          8        180       8918   dd115s.o
        44          4          0          0          0        894   dma.o
       336         36          0          0        160       2712   fdcan.o
         0          0          0          4        984       2011   gnss.o
        92          6          0          0          0       1003   gpio.o
       224         26          0          0         84       1913   i2c.o
       548         40          0          4          0    1313497   main.o
         0          0          0       3140       3416       8038   mavlink_app.o
      3044        282          0         16        292      17231   movingcontrol.o
       930         84         32         76        560      12037   mwapp.o
       820         72          0          0       2048      12238   mwmotor.o
       812         58          0         16         36       5075   remotecontrol.o
       542         22          0          0         36       3976   sbus.o
        72         30        664          0       1536        856   startup_stm32h750xx.o
       232         44          0         12          0      23632   stm32h7xx_hal.o
       354         28          0          0          0      42049   stm32h7xx_hal_cortex.o
      5988        246          8          0          0      12118   stm32h7xx_hal_dma.o
      2860         48         92          0          0      23509   stm32h7xx_hal_fdcan.o
       556         50          0          0          0       1704   stm32h7xx_hal_gpio.o
       192          6          0          0          0       3399   stm32h7xx_hal_i2c.o
       172          0          0          0          0       2139   stm32h7xx_hal_i2c_ex.o
        28          6          0          0          0        934   stm32h7xx_hal_msp.o
        84          6          0          0          0        805   stm32h7xx_hal_pwr_ex.o
      2466        102          0          0          0       7292   stm32h7xx_hal_rcc.o
      3736        118          0          0          0       8013   stm32h7xx_hal_rcc_ex.o
      4800        208         24          0          0      41416   stm32h7xx_hal_uart.o
       504         10         16          0          0       7576   stm32h7xx_hal_uart_ex.o
       104         42          0          0          0       7702   stm32h7xx_it.o
       276         48         16          8          0       2089   system_stm32h7xx.o
      1660        180          0          1        888       6975   usart.o

    ----------------------------------------------------------------------
     32350       1864        922       3296      10224    1624466   Object Totals
         0          0         32          0          0          0   (incl. Generated)
        36          0          2          3          4          0   (incl. Padding)

    ----------------------------------------------------------------------

      Code (inc. data)   RO Data    RW Data    ZI Data      Debug   Library Member Name

        90          0          0          0          0          0   __dczerorl2.o
         8          0          0          0          0         68   __main.o
         0          0          0          0          0          0   __rtentry.o
        12          0          0          0          0          0   __rtentry2.o
         6          0          0          0          0          0   __rtentry4.o
        52          8          0          0          0          0   __scatter.o
        28          0          0          0          0          0   __scatter_zi.o
        22          0          0          0          0        100   _rserrno.o
        18          0          0          0          0         80   exit.o
         6          0          0          0          0        152   heapauxi.o
         0          0          0          0          0          0   indicate_semi.o
         2          0          0          0          0          0   libinit.o
         6          0          0          0          0          0   libinit2.o
         2          0          0          0          0          0   libshutdown.o
         2          0          0          0          0          0   libshutdown2.o
         8          4          0          0         96         68   libspace.o
       238          0          0          0          0        100   lludivv7m.o
         8          4          0          0          0         68   rt_errno_addr_intlibspace.o
        78          0          0          0          0         80   rt_memclr_w.o
       100          0          0          0          0         80   rt_memcpy_w.o
         2          0          0          0          0          0   rtexit.o
        10          0          0          0          0          0   rtexit2.o
        12          4          0          0          0         68   sys_exit.o
        74          0          0          0          0         80   sys_stackheap_outer.o
         2          0          0          0          0         68   use_no_semi.o
        10          0          0          0          0        116   fpinit.o
         0          0          0          0          0          0   usenofp.o
       368         72          0          0          0        172   atanf.o
        38          0          0          0          0        116   fpclassifyf.o
        38         12          0          0          0        348   funder.o
       340         24         32          0          0        160   rredf.o
       404         60          0          0          0        212   sinf.o
        58          0          0          0          0        136   sqrtf.o
       384         62          0          0          0        200   tanf.o

    ----------------------------------------------------------------------
      2440        250         32          0         96       2472   Library Totals
        14          0          0          0          0          0   (incl. Padding)

    ----------------------------------------------------------------------

      Code (inc. data)   RO Data    RW Data    ZI Data      Debug   Library Name

       786         20          0          0         96       1012   c_w.l
        10          0          0          0          0        116   fz_wv.l
      1630        230         32          0          0       1344   m_wv.l

    ----------------------------------------------------------------------
      2440        250         32          0         96       2472   Library Totals

    ----------------------------------------------------------------------

==============================================================================


      Code (inc. data)   RO Data    RW Data    ZI Data      Debug   

     34790       2114        954       3296      10320    1608122   Grand Totals
     34790       2114        954        572      10320    1608122   ELF Image Totals (compressed)
     34790       2114        954        572          0          0   ROM Totals

==============================================================================

    Total RO  Size (Code + RO Data)                35744 (  34.91kB)
    Total RW  Size (RW Data + ZI Data)             13616 (  13.30kB)
    Total ROM Size (Code + RO Data + RW Data)      36316 (  35.46kB)

==============================================================================

